App.tsx(9,25): error TS6142: Module './components/LandingPage' was resolved to 'C:/Projects/healqr 3/components/LandingPage.tsx', but '--jsx' is not set.
App.tsx(10,33): error TS6142: Module './components/PrototypeModeBanner' was resolved to 'C:/Projects/healqr 3/components/PrototypeModeBanner.tsx', but '--jsx' is not set.
App.tsx(15,38): error TS6142: Module './components/PatientDetailsForm' was resolved to 'C:/Projects/healqr 3/components/PatientDetailsForm.tsx', but '--jsx' is not set.
App.tsx(16,36): error TS6142: Module './components/AssistantAccessManager' was resolved to 'C:/Projects/healqr 3/components/AssistantAccessManager.tsx', but '--jsx' is not set.
App.tsx(19,34): error TS6142: Module './components/SignUp' was resolved to 'C:/Projects/healqr 3/components/SignUp.tsx', but '--jsx' is not set.
App.tsx(20,41): error TS6142: Module './components/QRCodeSuccess' was resolved to 'C:/Projects/healqr 3/components/QRCodeSuccess.tsx', but '--jsx' is not set.
App.tsx(21,33): error TS6142: Module './components/Login' was resolved to 'C:/Projects/healqr 3/components/Login.tsx', but '--jsx' is not set.
App.tsx(22,43): error TS6142: Module './components/DoctorDashboard' was resolved to 'C:/Projects/healqr 3/components/DoctorDashboard.tsx', but '--jsx' is not set.
App.tsx(23,42): error TS6142: Module './components/ProfileManager' was resolved to 'C:/Projects/healqr 3/components/ProfileManager.tsx', but '--jsx' is not set.
App.tsx(24,37): error TS6142: Module './components/QRManager' was resolved to 'C:/Projects/healqr 3/components/QRManager.tsx', but '--jsx' is not set.
App.tsx(25,43): error TS6142: Module './components/ScheduleManager' was resolved to 'C:/Projects/healqr 3/components/ScheduleManager.tsx', but '--jsx' is not set.
App.tsx(26,42): error TS6142: Module './components/TodaysSchedule' was resolved to 'C:/Projects/healqr 3/components/TodaysSchedule.tsx', but '--jsx' is not set.
App.tsx(27,42): error TS6142: Module './components/AdvanceBooking' was resolved to 'C:/Projects/healqr 3/components/AdvanceBooking.tsx', but '--jsx' is not set.
App.tsx(28,42): error TS6142: Module './components/PatientDetails' was resolved to 'C:/Projects/healqr 3/components/PatientDetails.tsx', but '--jsx' is not set.
App.tsx(29,41): error TS6142: Module './components/PreviewCenter' was resolved to 'C:/Projects/healqr 3/components/PreviewCenter.tsx', but '--jsx' is not set.
App.tsx(30,37): error TS6142: Module './components/Analytics' was resolved to 'C:/Projects/healqr 3/components/Analytics.tsx', but '--jsx' is not set.
App.tsx(31,41): error TS6142: Module './components/DoctorReports' was resolved to 'C:/Projects/healqr 3/components/DoctorReports.tsx', but '--jsx' is not set.
App.tsx(32,45): error TS6142: Module './components/LanguageSelection' was resolved to 'C:/Projects/healqr 3/components/LanguageSelection.tsx', but '--jsx' is not set.
App.tsx(33,46): error TS6142: Module './components/BookingMiniWebsite' was resolved to 'C:/Projects/healqr 3/components/BookingMiniWebsite.tsx', but '--jsx' is not set.
App.tsx(34,38): error TS6142: Module './components/SelectDate' was resolved to 'C:/Projects/healqr 3/components/SelectDate.tsx', but '--jsx' is not set.
App.tsx(35,41): error TS6142: Module './components/SelectChamber' was resolved to 'C:/Projects/healqr 3/components/SelectChamber.tsx', but '--jsx' is not set.
App.tsx(36,46): error TS6142: Module './components/PatientDetailsForm' was resolved to 'C:/Projects/healqr 3/components/PatientDetailsForm.tsx', but '--jsx' is not set.
App.tsx(37,47): error TS6142: Module './components/BookingConfirmation' was resolved to 'C:/Projects/healqr 3/components/BookingConfirmation.tsx', but '--jsx' is not set.
App.tsx(38,51): error TS6142: Module './components/PatientReviewSubmission' was resolved to 'C:/Projects/healqr 3/components/PatientReviewSubmission.tsx', but '--jsx' is not set.
App.tsx(39,53): error TS6142: Module './components/ReminderNotificationsDemo' was resolved to 'C:/Projects/healqr 3/components/ReminderNotificationsDemo.tsx', but '--jsx' is not set.
App.tsx(40,44): error TS6142: Module './components/TemplateUploader' was resolved to 'C:/Projects/healqr 3/components/TemplateUploader.tsx', but '--jsx' is not set.
App.tsx(41,40): error TS6142: Module './components/VideoLibrary' was resolved to 'C:/Projects/healqr 3/components/VideoLibrary.tsx', but '--jsx' is not set.
App.tsx(42,41): error TS6142: Module './components/PrivacyPolicy' was resolved to 'C:/Projects/healqr 3/components/PrivacyPolicy.tsx', but '--jsx' is not set.
App.tsx(43,42): error TS6142: Module './components/TermsOfService' was resolved to 'C:/Projects/healqr 3/components/TermsOfService.tsx', but '--jsx' is not set.
App.tsx(44,40): error TS6142: Module './components/RefundPolicy' was resolved to 'C:/Projects/healqr 3/components/RefundPolicy.tsx', but '--jsx' is not set.
App.tsx(45,38): error TS6142: Module './components/AdminLogin' was resolved to 'C:/Projects/healqr 3/components/AdminLogin.tsx', but '--jsx' is not set.
App.tsx(46,38): error TS6142: Module './components/AdminPanel' was resolved to 'C:/Projects/healqr 3/components/AdminPanel.tsx', but '--jsx' is not set.
App.tsx(47,44): error TS6142: Module './components/AdminQRGenerator' was resolved to 'C:/Projects/healqr 3/components/AdminQRGenerator.tsx', but '--jsx' is not set.
App.tsx(48,45): error TS6142: Module './components/AdminQRGeneration' was resolved to 'C:/Projects/healqr 3/components/AdminQRGeneration.tsx', but '--jsx' is not set.
App.tsx(49,45): error TS6142: Module './components/AdminQRManagement' was resolved to 'C:/Projects/healqr 3/components/AdminQRManagement.tsx', but '--jsx' is not set.
App.tsx(50,54): error TS6142: Module './components/LabReferralTrackingManager' was resolved to 'C:/Projects/healqr 3/components/LabReferralTrackingManager.tsx', but '--jsx' is not set.
App.tsx(51,56): error TS6142: Module './components/PersonalizedTemplatesManager' was resolved to 'C:/Projects/healqr 3/components/PersonalizedTemplatesManager.tsx', but '--jsx' is not set.
App.tsx(52,36): error TS6142: Module './components/EmergencyButtonManager' was resolved to 'C:/Projects/healqr 3/components/EmergencyButtonManager.tsx', but '--jsx' is not set.
App.tsx(53,46): error TS6142: Module './components/PatientNewRXViewer' was resolved to 'C:/Projects/healqr 3/components/PatientNewRXViewer.tsx', but '--jsx' is not set.
App.tsx(54,61): error TS6142: Module './components/ConsultationCompletedNotification' was resolved to 'C:/Projects/healqr 3/components/ConsultationCompletedNotification.tsx', but '--jsx' is not set.
App.tsx(55,49): error TS6142: Module './components/RxUpdatedNotification' was resolved to 'C:/Projects/healqr 3/components/RxUpdatedNotification.tsx', but '--jsx' is not set.
App.tsx(56,48): error TS6142: Module './components/FollowUpNotification' was resolved to 'C:/Projects/healqr 3/components/FollowUpNotification.tsx', but '--jsx' is not set.
App.tsx(57,53): error TS6142: Module './components/ReviewRequestNotification' was resolved to 'C:/Projects/healqr 3/components/ReviewRequestNotification.tsx', but '--jsx' is not set.
App.tsx(58,59): error TS6142: Module './components/AppointmentReminderNotification' was resolved to 'C:/Projects/healqr 3/components/AppointmentReminderNotification.tsx', but '--jsx' is not set.
App.tsx(59,60): error TS6142: Module './components/AppointmentCancelledNotification' was resolved to 'C:/Projects/healqr 3/components/AppointmentCancelledNotification.tsx', but '--jsx' is not set.
App.tsx(60,59): error TS6142: Module './components/AppointmentRestoredNotification' was resolved to 'C:/Projects/healqr 3/components/AppointmentRestoredNotification.tsx', but '--jsx' is not set.
App.tsx(61,50): error TS6142: Module './components/AdminAlertNotification' was resolved to 'C:/Projects/healqr 3/components/AdminAlertNotification.tsx', but '--jsx' is not set.
App.tsx(62,44): error TS6142: Module './components/TestingUtilities' was resolved to 'C:/Projects/healqr 3/components/TestingUtilities.tsx', but '--jsx' is not set.
App.tsx(63,51): error TS6142: Module './components/CreatePlaceholderReview' was resolved to 'C:/Projects/healqr 3/components/CreatePlaceholderReview.tsx', but '--jsx' is not set.
App.tsx(64,48): error TS6142: Module './components/LocalStorageDebugger' was resolved to 'C:/Projects/healqr 3/components/LocalStorageDebugger.tsx', but '--jsx' is not set.
App.tsx(65,44): error TS6142: Module './components/AdminTestingPage' was resolved to 'C:/Projects/healqr 3/components/AdminTestingPage.tsx', but '--jsx' is not set.
App.tsx(66,39): error TS6142: Module './components/VerifyEmail' was resolved to 'C:/Projects/healqr 3/components/VerifyEmail.tsx', but '--jsx' is not set.
App.tsx(67,39): error TS6142: Module './components/VerifyLogin' was resolved to 'C:/Projects/healqr 3/components/VerifyLogin.tsx', but '--jsx' is not set.
App.tsx(68,42): error TS6142: Module './components/AssistantLogin' was resolved to 'C:/Projects/healqr 3/components/AssistantLogin.tsx', but '--jsx' is not set.
App.tsx(69,44): error TS6142: Module './components/AdminVerifyLogin' was resolved to 'C:/Projects/healqr 3/components/AdminVerifyLogin.tsx', but '--jsx' is not set.
App.tsx(70,40): error TS6142: Module './components/VerifyWalkin' was resolved to 'C:/Projects/healqr 3/components/VerifyWalkin.tsx', but '--jsx' is not set.
App.tsx(71,44): error TS6142: Module './components/AdvertiserSignUp' was resolved to 'C:/Projects/healqr 3/components/AdvertiserSignUp.tsx', but '--jsx' is not set.
App.tsx(72,43): error TS6142: Module './components/AdvertiserLogin' was resolved to 'C:/Projects/healqr 3/components/AdvertiserLogin.tsx', but '--jsx' is not set.
App.tsx(73,47): error TS6142: Module './components/AdvertiserDashboard' was resolved to 'C:/Projects/healqr 3/components/AdvertiserDashboard.tsx', but '--jsx' is not set.
App.tsx(74,45): error TS6142: Module './components/AdvertiserGateway' was resolved to 'C:/Projects/healqr 3/components/AdvertiserGateway.tsx', but '--jsx' is not set.
App.tsx(75,39): error TS6142: Module './components/UpgradePage' was resolved to 'C:/Projects/healqr 3/components/UpgradePage.tsx', but '--jsx' is not set.
App.tsx(76,41): error TS6142: Module './components/ClinicProfile' was resolved to 'C:/Projects/healqr 3/components/ClinicProfile.tsx', but '--jsx' is not set.
App.tsx(77,45): error TS6142: Module './components/ClinicBookingFlow' was resolved to 'C:/Projects/healqr 3/components/ClinicBookingFlow.tsx', but '--jsx' is not set.
App.tsx(78,41): error TS6142: Module './components/PatientSearch' was resolved to 'C:/Projects/healqr 3/components/PatientSearch.tsx', but '--jsx' is not set.
App.tsx(79,40): error TS6142: Module './components/ClinicSignUp' was resolved to 'C:/Projects/healqr 3/components/ClinicSignUp.tsx', but '--jsx' is not set.
App.tsx(80,39): error TS6142: Module './components/ClinicLogin' was resolved to 'C:/Projects/healqr 3/components/ClinicLogin.tsx', but '--jsx' is not set.
App.tsx(81,43): error TS6142: Module './components/ClinicDashboard' was resolved to 'C:/Projects/healqr 3/components/ClinicDashboard.tsx', but '--jsx' is not set.
App.tsx(82,40): error TS6142: Module './components/PatientLogin' was resolved to 'C:/Projects/healqr 3/components/PatientLogin.tsx', but '--jsx' is not set.
App.tsx(83,47): error TS6142: Module './components/PatientDashboardNew' was resolved to 'C:/Projects/healqr 3/components/PatientDashboardNew.tsx', but '--jsx' is not set.
App.tsx(84,42): error TS6142: Module './components/MonthlyPlanner' was resolved to 'C:/Projects/healqr 3/components/MonthlyPlanner.tsx', but '--jsx' is not set.
App.tsx(85,52): error TS6142: Module './components/DoctorPatientChatManager' was resolved to 'C:/Projects/healqr 3/components/DoctorPatientChatManager.tsx', but '--jsx' is not set.
App.tsx(86,48): error TS6142: Module './components/PatientChatInterface' was resolved to 'C:/Projects/healqr 3/components/PatientChatInterface.tsx', but '--jsx' is not set.
App.tsx(87,52): error TS6142: Module './components/VideoConsultationManager' was resolved to 'C:/Projects/healqr 3/components/VideoConsultationManager.tsx', but '--jsx' is not set.
App.tsx(88,45): error TS6142: Module './components/AIRXReaderManager' was resolved to 'C:/Projects/healqr 3/components/AIRXReaderManager.tsx', but '--jsx' is not set.
App.tsx(89,46): error TS6142: Module './components/AIDietChartManager' was resolved to 'C:/Projects/healqr 3/components/AIDietChartManager.tsx', but '--jsx' is not set.
App.tsx(90,42): error TS6142: Module './components/SocialMediaKit' was resolved to 'C:/Projects/healqr 3/components/SocialMediaKit.tsx', but '--jsx' is not set.
App.tsx(91,52): error TS6142: Module './components/PatientVideoConsultation' was resolved to 'C:/Projects/healqr 3/components/PatientVideoConsultation.tsx', but '--jsx' is not set.
App.tsx(92,44): error TS6142: Module './components/BrainDeckManager' was resolved to 'C:/Projects/healqr 3/components/BrainDeckManager.tsx', but '--jsx' is not set.
App.tsx(93,43): error TS6142: Module './components/TempDoctorLogin' was resolved to 'C:/Projects/healqr 3/components/TempDoctorLogin.tsx', but '--jsx' is not set.
App.tsx(94,47): error TS6142: Module './components/TempDoctorDashboard' was resolved to 'C:/Projects/healqr 3/components/TempDoctorDashboard.tsx', but '--jsx' is not set.
App.tsx(95,39): error TS6142: Module './components/PharmaLogin' was resolved to 'C:/Projects/healqr 3/components/PharmaLogin.tsx', but '--jsx' is not set.
App.tsx(96,45): error TS6142: Module './components/PharmaVerifyLogin' was resolved to 'C:/Projects/healqr 3/components/PharmaVerifyLogin.tsx', but '--jsx' is not set.
App.tsx(97,40): error TS6142: Module './components/PharmaPortal' was resolved to 'C:/Projects/healqr 3/components/PharmaPortal.tsx', but '--jsx' is not set.
App.tsx(98,40): error TS6142: Module './components/PharmaSignUp' was resolved to 'C:/Projects/healqr 3/components/PharmaSignUp.tsx', but '--jsx' is not set.
App.tsx(99,37): error TS6142: Module './components/AIChatBot' was resolved to 'C:/Projects/healqr 3/components/AIChatBot.tsx', but '--jsx' is not set.
App.tsx(103,3): error TS17004: Cannot use JSX unless the '--jsx' flag is provided.
App.tsx(104,5): error TS17004: Cannot use JSX unless the '--jsx' flag is provided.
App.tsx(105,7): error TS17004: Cannot use JSX unless the '--jsx' flag is provided.
App.tsx(106,7): error TS17004: Cannot use JSX unless the '--jsx' flag is provided.
App.tsx(2339,12): error TS17004: Cannot use JSX unless the '--jsx' flag is provided.
App.tsx(2343,5): error TS17004: Cannot use JSX unless the '--jsx' flag is provided.
App.tsx(2343,25): error TS17004: Cannot use JSX unless the '--jsx' flag is provided.
App.tsx(2345,7): error TS17004: Cannot use JSX unless the '--jsx' flag is provided.
App.tsx(2348,9): error TS17004: Cannot use JSX unless the '--jsx' flag is provided.
App.tsx(2373,9): error TS17004: Cannot use JSX unless the '--jsx' flag is provided.
App.tsx(2389,9): error TS17004: Cannot use JSX unless the '--jsx' flag is provided.
App.tsx(2409,9): error TS17004: Cannot use JSX unless the '--jsx' flag is provided.
App.tsx(2432,45): error TS17004: Cannot use JSX unless the '--jsx' flag is provided.
App.tsx(2434,47): error TS17004: Cannot use JSX unless the '--jsx' flag is provided.
App.tsx(2436,51): error TS17004: Cannot use JSX unless the '--jsx' flag is provided.
App.tsx(2439,9): error TS17004: Cannot use JSX unless the '--jsx' flag is provided.
App.tsx(2449,9): error TS17004: Cannot use JSX unless the '--jsx' flag is provided.
App.tsx(2459,9): error TS17004: Cannot use JSX unless the '--jsx' flag is provided.
App.tsx(2472,9): error TS17004: Cannot use JSX unless the '--jsx' flag is provided.
App.tsx(2495,9): error TS17004: Cannot use JSX unless the '--jsx' flag is provided.
App.tsx(2495,29): error TS17004: Cannot use JSX unless the '--jsx' flag is provided.
App.tsx(2496,11): error TS17004: Cannot use JSX unless the '--jsx' flag is provided.
App.tsx(2504,9): error TS17004: Cannot use JSX unless the '--jsx' flag is provided.
App.tsx(2544,9): error TS17004: Cannot use JSX unless the '--jsx' flag is provided.
App.tsx(2572,9): error TS17004: Cannot use JSX unless the '--jsx' flag is provided.
App.tsx(2572,29): error TS17004: Cannot use JSX unless the '--jsx' flag is provided.
App.tsx(2573,11): error TS17004: Cannot use JSX unless the '--jsx' flag is provided.
App.tsx(2582,9): error TS17004: Cannot use JSX unless the '--jsx' flag is provided.
App.tsx(2592,9): error TS17004: Cannot use JSX unless the '--jsx' flag is provided.
App.tsx(2601,9): error TS17004: Cannot use JSX unless the '--jsx' flag is provided.
App.tsx(2609,9): error TS17004: Cannot use JSX unless the '--jsx' flag is provided.
App.tsx(2625,9): error TS17004: Cannot use JSX unless the '--jsx' flag is provided.
App.tsx(2634,9): error TS17004: Cannot use JSX unless the '--jsx' flag is provided.
App.tsx(2640,9): error TS17004: Cannot use JSX unless the '--jsx' flag is provided.
App.tsx(2648,9): error TS17004: Cannot use JSX unless the '--jsx' flag is provided.
App.tsx(2658,9): error TS17004: Cannot use JSX unless the '--jsx' flag is provided.
App.tsx(2668,9): error TS17004: Cannot use JSX unless the '--jsx' flag is provided.
App.tsx(2668,29): error TS17004: Cannot use JSX unless the '--jsx' flag is provided.
App.tsx(2669,11): error TS17004: Cannot use JSX unless the '--jsx' flag is provided.
App.tsx(2672,41): error TS2551: Property 'specialties' does not exist on type '{ profileImage: string; name: string; degrees: string[]; specialities: string[]; }'. Did you mean 'specialities'?
App.tsx(2682,9): error TS17004: Cannot use JSX unless the '--jsx' flag is provided.
App.tsx(2686,9): error TS17004: Cannot use JSX unless the '--jsx' flag is provided.
App.tsx(2707,9): error TS17004: Cannot use JSX unless the '--jsx' flag is provided.
App.tsx(2718,9): error TS17004: Cannot use JSX unless the '--jsx' flag is provided.
App.tsx(2782,11): error TS17004: Cannot use JSX unless the '--jsx' flag is provided.
App.tsx(2803,9): error TS17004: Cannot use JSX unless the '--jsx' flag is provided.
App.tsx(2825,9): error TS17004: Cannot use JSX unless the '--jsx' flag is provided.
App.tsx(2878,9): error TS17004: Cannot use JSX unless the '--jsx' flag is provided.
App.tsx(2886,9): error TS17004: Cannot use JSX unless the '--jsx' flag is provided.
App.tsx(2903,9): error TS17004: Cannot use JSX unless the '--jsx' flag is provided.
App.tsx(2915,9): error TS17004: Cannot use JSX unless the '--jsx' flag is provided.
App.tsx(2925,9): error TS17004: Cannot use JSX unless the '--jsx' flag is provided.
App.tsx(2936,9): error TS17004: Cannot use JSX unless the '--jsx' flag is provided.
App.tsx(2949,9): error TS17004: Cannot use JSX unless the '--jsx' flag is provided.
App.tsx(2962,9): error TS17004: Cannot use JSX unless the '--jsx' flag is provided.
App.tsx(2980,9): error TS17004: Cannot use JSX unless the '--jsx' flag is provided.
App.tsx(2989,9): error TS17004: Cannot use JSX unless the '--jsx' flag is provided.
App.tsx(2995,9): error TS17004: Cannot use JSX unless the '--jsx' flag is provided.
App.tsx(3010,9): error TS17004: Cannot use JSX unless the '--jsx' flag is provided.
App.tsx(3016,9): error TS17004: Cannot use JSX unless the '--jsx' flag is provided.
App.tsx(3022,9): error TS17004: Cannot use JSX unless the '--jsx' flag is provided.
App.tsx(3028,9): error TS17004: Cannot use JSX unless the '--jsx' flag is provided.
App.tsx(3038,9): error TS17004: Cannot use JSX unless the '--jsx' flag is provided.
App.tsx(3050,9): error TS17004: Cannot use JSX unless the '--jsx' flag is provided.
App.tsx(3054,9): error TS17004: Cannot use JSX unless the '--jsx' flag is provided.
App.tsx(3058,9): error TS17004: Cannot use JSX unless the '--jsx' flag is provided.
App.tsx(3062,9): error TS17004: Cannot use JSX unless the '--jsx' flag is provided.
App.tsx(3068,9): error TS17004: Cannot use JSX unless the '--jsx' flag is provided.
App.tsx(3078,9): error TS17004: Cannot use JSX unless the '--jsx' flag is provided.
App.tsx(3088,9): error TS17004: Cannot use JSX unless the '--jsx' flag is provided.
App.tsx(3096,9): error TS17004: Cannot use JSX unless the '--jsx' flag is provided.
App.tsx(3106,9): error TS17004: Cannot use JSX unless the '--jsx' flag is provided.
App.tsx(3112,9): error TS17004: Cannot use JSX unless the '--jsx' flag is provided.
App.tsx(3122,9): error TS17004: Cannot use JSX unless the '--jsx' flag is provided.
App.tsx(3132,9): error TS17004: Cannot use JSX unless the '--jsx' flag is provided.
App.tsx(3142,9): error TS17004: Cannot use JSX unless the '--jsx' flag is provided.
App.tsx(3148,9): error TS17004: Cannot use JSX unless the '--jsx' flag is provided.
App.tsx(3148,29): error TS17004: Cannot use JSX unless the '--jsx' flag is provided.
App.tsx(3149,11): error TS17004: Cannot use JSX unless the '--jsx' flag is provided.
App.tsx(3161,9): error TS17004: Cannot use JSX unless the '--jsx' flag is provided.
App.tsx(3161,29): error TS17004: Cannot use JSX unless the '--jsx' flag is provided.
App.tsx(3162,11): error TS17004: Cannot use JSX unless the '--jsx' flag is provided.
App.tsx(3167,9): error TS17004: Cannot use JSX unless the '--jsx' flag is provided.
App.tsx(3167,29): error TS17004: Cannot use JSX unless the '--jsx' flag is provided.
App.tsx(3168,11): error TS17004: Cannot use JSX unless the '--jsx' flag is provided.
App.tsx(3173,9): error TS17004: Cannot use JSX unless the '--jsx' flag is provided.
App.tsx(3173,29): error TS17004: Cannot use JSX unless the '--jsx' flag is provided.
App.tsx(3174,11): error TS17004: Cannot use JSX unless the '--jsx' flag is provided.
App.tsx(3182,9): error TS17004: Cannot use JSX unless the '--jsx' flag is provided.
App.tsx(3182,29): error TS17004: Cannot use JSX unless the '--jsx' flag is provided.
App.tsx(3183,11): error TS17004: Cannot use JSX unless the '--jsx' flag is provided.
App.tsx(3192,9): error TS17004: Cannot use JSX unless the '--jsx' flag is provided.
App.tsx(3192,29): error TS17004: Cannot use JSX unless the '--jsx' flag is provided.
App.tsx(3193,11): error TS17004: Cannot use JSX unless the '--jsx' flag is provided.
App.tsx(3198,9): error TS17004: Cannot use JSX unless the '--jsx' flag is provided.
App.tsx(3198,29): error TS17004: Cannot use JSX unless the '--jsx' flag is provided.
App.tsx(3199,11): error TS17004: Cannot use JSX unless the '--jsx' flag is provided.
App.tsx(3207,9): error TS17004: Cannot use JSX unless the '--jsx' flag is provided.
App.tsx(3207,29): error TS17004: Cannot use JSX unless the '--jsx' flag is provided.
App.tsx(3208,11): error TS17004: Cannot use JSX unless the '--jsx' flag is provided.
App.tsx(3213,9): error TS17004: Cannot use JSX unless the '--jsx' flag is provided.
App.tsx(3213,29): error TS17004: Cannot use JSX unless the '--jsx' flag is provided.
App.tsx(3214,11): error TS17004: Cannot use JSX unless the '--jsx' flag is provided.
App.tsx(3219,9): error TS17004: Cannot use JSX unless the '--jsx' flag is provided.
App.tsx(3227,9): error TS17004: Cannot use JSX unless the '--jsx' flag is provided.
App.tsx(3235,9): error TS17004: Cannot use JSX unless the '--jsx' flag is provided.
App.tsx(3243,9): error TS17004: Cannot use JSX unless the '--jsx' flag is provided.
App.tsx(3243,29): error TS17004: Cannot use JSX unless the '--jsx' flag is provided.
App.tsx(3244,11): error TS17004: Cannot use JSX unless the '--jsx' flag is provided.
App.tsx(3255,9): error TS17004: Cannot use JSX unless the '--jsx' flag is provided.
App.tsx(3261,9): error TS17004: Cannot use JSX unless the '--jsx' flag is provided.
App.tsx(3261,29): error TS17004: Cannot use JSX unless the '--jsx' flag is provided.
App.tsx(3262,11): error TS17004: Cannot use JSX unless the '--jsx' flag is provided.
App.tsx(3270,9): error TS17004: Cannot use JSX unless the '--jsx' flag is provided.
App.tsx(3270,29): error TS17004: Cannot use JSX unless the '--jsx' flag is provided.
App.tsx(3271,11): error TS17004: Cannot use JSX unless the '--jsx' flag is provided.
App.tsx(3279,9): error TS17004: Cannot use JSX unless the '--jsx' flag is provided.
App.tsx(3279,29): error TS17004: Cannot use JSX unless the '--jsx' flag is provided.
App.tsx(3280,11): error TS17004: Cannot use JSX unless the '--jsx' flag is provided.
App.tsx(3285,9): error TS17004: Cannot use JSX unless the '--jsx' flag is provided.
App.tsx(3285,29): error TS17004: Cannot use JSX unless the '--jsx' flag is provided.
App.tsx(3286,11): error TS17004: Cannot use JSX unless the '--jsx' flag is provided.
App.tsx(3291,9): error TS17004: Cannot use JSX unless the '--jsx' flag is provided.
App.tsx(3297,7): error TS17004: Cannot use JSX unless the '--jsx' flag is provided.
App.tsx(3298,9): error TS2322: Type '{ isOpen: boolean; onClose: () => void; patientName: string; userId: string; patientLanguage: "english" | "hindi" | "bengali"; newRXFiles: any[]; }' is not assignable to type 'IntrinsicAttributes'.
  Property 'isOpen' does not exist on type 'IntrinsicAttributes'.
App.tsx(3317,9): error TS17004: Cannot use JSX unless the '--jsx' flag is provided.
App.tsx(3325,9): error TS17004: Cannot use JSX unless the '--jsx' flag is provided.
App.tsx(3332,9): error TS17004: Cannot use JSX unless the '--jsx' flag is provided.
App.tsx(3335,7): error TS17004: Cannot use JSX unless the '--jsx' flag is provided.
components/ClinicDashboard.tsx(3,24): error TS6142: Module './ui/button' was resolved to 'C:/Projects/healqr 3/components/ui/button.tsx', but '--jsx' is not set.
components/ClinicDashboard.tsx(4,58): error TS6142: Module './ui/card' was resolved to 'C:/Projects/healqr 3/components/ui/card.tsx', but '--jsx' is not set.
components/ClinicDashboard.tsx(5,23): error TS6142: Module './ui/badge' was resolved to 'C:/Projects/healqr 3/components/ui/badge.tsx', but '--jsx' is not set.
components/ClinicDashboard.tsx(32,27): error TS6142: Module './ClinicSidebar' was resolved to 'C:/Projects/healqr 3/components/ClinicSidebar.tsx', but '--jsx' is not set.
components/ClinicDashboard.tsx(33,34): error TS6142: Module './ClinicProfileManager' was resolved to 'C:/Projects/healqr 3/components/ClinicProfileManager.tsx', but '--jsx' is not set.
components/ClinicDashboard.tsx(34,29): error TS6142: Module './ClinicQRManager' was resolved to 'C:/Projects/healqr 3/components/ClinicQRManager.tsx', but '--jsx' is not set.
components/ClinicDashboard.tsx(35,35): error TS6142: Module './ClinicScheduleManager' was resolved to 'C:/Projects/healqr 3/components/ClinicScheduleManager.tsx', but '--jsx' is not set.
components/ClinicDashboard.tsx(36,34): error TS6142: Module './ClinicTodaysSchedule' was resolved to 'C:/Projects/healqr 3/components/ClinicTodaysSchedule.tsx', but '--jsx' is not set.
components/ClinicDashboard.tsx(37,27): error TS6142: Module './ManageDoctors' was resolved to 'C:/Projects/healqr 3/components/ManageDoctors.tsx', but '--jsx' is not set.
components/ClinicDashboard.tsx(38,30): error TS6142: Module './BrainDeckManager' was resolved to 'C:/Projects/healqr 3/components/BrainDeckManager.tsx', but '--jsx' is not set.
components/ClinicDashboard.tsx(39,35): error TS6142: Module './DashboardPromoDisplay' was resolved to 'C:/Projects/healqr 3/components/DashboardPromoDisplay.tsx', but '--jsx' is not set.
components/ClinicDashboard.tsx(40,34): error TS6142: Module './ClinicAdvanceBooking' was resolved to 'C:/Projects/healqr 3/components/ClinicAdvanceBooking.tsx', but '--jsx' is not set.
components/ClinicDashboard.tsx(41,29): error TS6142: Module './ClinicAnalytics' was resolved to 'C:/Projects/healqr 3/components/ClinicAnalytics.tsx', but '--jsx' is not set.
components/ClinicDashboard.tsx(42,27): error TS6142: Module './ClinicReports' was resolved to 'C:/Projects/healqr 3/components/ClinicReports.tsx', but '--jsx' is not set.
components/ClinicDashboard.tsx(43,34): error TS6142: Module './ClinicSocialMediaKit' was resolved to 'C:/Projects/healqr 3/components/ClinicSocialMediaKit.tsx', but '--jsx' is not set.
components/ClinicDashboard.tsx(44,34): error TS6142: Module './ClinicMonthlyPlanner' was resolved to 'C:/Projects/healqr 3/components/ClinicMonthlyPlanner.tsx', but '--jsx' is not set.
components/ClinicDashboard.tsx(45,33): error TS6142: Module './ClinicPreviewCenter' was resolved to 'C:/Projects/healqr 3/components/ClinicPreviewCenter.tsx', but '--jsx' is not set.
components/ClinicDashboard.tsx(46,42): error TS6142: Module './ClinicAssistantAccessManager' was resolved to 'C:/Projects/healqr 3/components/ClinicAssistantAccessManager.tsx', but '--jsx' is not set.
components/ClinicDashboard.tsx(47,38): error TS6142: Module './ClinicLabReferralManager' was resolved to 'C:/Projects/healqr 3/components/ClinicLabReferralManager.tsx', but '--jsx' is not set.
components/ClinicDashboard.tsx(48,48): error TS6142: Module './ClinicPersonalizedTemplatesManager' was resolved to 'C:/Projects/healqr 3/components/ClinicPersonalizedTemplatesManager.tsx', but '--jsx' is not set.
components/ClinicDashboard.tsx(49,42): error TS6142: Module './ClinicEmergencyButtonManager' was resolved to 'C:/Projects/healqr 3/components/ClinicEmergencyButtonManager.tsx', but '--jsx' is not set.
components/ClinicDashboard.tsx(50,38): error TS6142: Module './ClinicAIDietChartManager' was resolved to 'C:/Projects/healqr 3/components/ClinicAIDietChartManager.tsx', but '--jsx' is not set.
components/ClinicDashboard.tsx(51,37): error TS6142: Module './ClinicAIRXReaderManager' was resolved to 'C:/Projects/healqr 3/components/ClinicAIRXReaderManager.tsx', but '--jsx' is not set.
components/ClinicDashboard.tsx(52,44): error TS6142: Module './ClinicVideoConsultationManager' was resolved to 'C:/Projects/healqr 3/components/ClinicVideoConsultationManager.tsx', but '--jsx' is not set.
components/ClinicDashboard.tsx(53,26): error TS6142: Module './VideoLibrary' was resolved to 'C:/Projects/healqr 3/components/VideoLibrary.tsx', but '--jsx' is not set.
components/ClinicDashboard.tsx(54,57): error TS6142: Module './ui/popover' was resolved to 'C:/Projects/healqr 3/components/ui/popover.tsx', but '--jsx' is not set.
components/ClinicDashboard.tsx(387,7): error TS17004: Cannot use JSX unless the '--jsx' flag is provided.
components/ClinicDashboard.tsx(397,7): error TS17004: Cannot use JSX unless the '--jsx' flag is provided.
components/ClinicDashboard.tsx(410,12): error TS17004: Cannot use JSX unless the '--jsx' flag is provided.
components/ClinicDashboard.tsx(415,12): error TS17004: Cannot use JSX unless the '--jsx' flag is provided.
components/ClinicDashboard.tsx(420,12): error TS17004: Cannot use JSX unless the '--jsx' flag is provided.
components/ClinicDashboard.tsx(430,12): error TS17004: Cannot use JSX unless the '--jsx' flag is provided.
components/ClinicDashboard.tsx(436,7): error TS17004: Cannot use JSX unless the '--jsx' flag is provided.
components/ClinicDashboard.tsx(448,7): error TS17004: Cannot use JSX unless the '--jsx' flag is provided.
components/ClinicDashboard.tsx(458,7): error TS17004: Cannot use JSX unless the '--jsx' flag is provided.
components/ClinicDashboard.tsx(473,7): error TS17004: Cannot use JSX unless the '--jsx' flag is provided.
components/ClinicDashboard.tsx(483,7): error TS17004: Cannot use JSX unless the '--jsx' flag is provided.
components/ClinicDashboard.tsx(494,7): error TS17004: Cannot use JSX unless the '--jsx' flag is provided.
components/ClinicDashboard.tsx(507,7): error TS17004: Cannot use JSX unless the '--jsx' flag is provided.
components/ClinicDashboard.tsx(519,7): error TS17004: Cannot use JSX unless the '--jsx' flag is provided.
components/ClinicDashboard.tsx(530,7): error TS17004: Cannot use JSX unless the '--jsx' flag is provided.
components/ClinicDashboard.tsx(541,7): error TS17004: Cannot use JSX unless the '--jsx' flag is provided.
components/ClinicDashboard.tsx(554,7): error TS17004: Cannot use JSX unless the '--jsx' flag is provided.
components/ClinicDashboard.tsx(565,12): error TS17004: Cannot use JSX unless the '--jsx' flag is provided.
components/ClinicDashboard.tsx(571,7): error TS17004: Cannot use JSX unless the '--jsx' flag is provided.
components/ClinicDashboard.tsx(586,7): error TS17004: Cannot use JSX unless the '--jsx' flag is provided.
components/ClinicDashboard.tsx(602,7): error TS17004: Cannot use JSX unless the '--jsx' flag is provided.
components/ClinicDashboard.tsx(603,9): error TS17004: Cannot use JSX unless the '--jsx' flag is provided.
components/ClinicDashboard.tsx(612,9): error TS17004: Cannot use JSX unless the '--jsx' flag is provided.
components/ClinicDashboard.tsx(613,11): error TS17004: Cannot use JSX unless the '--jsx' flag is provided.
components/ClinicDashboard.tsx(614,13): error TS17004: Cannot use JSX unless the '--jsx' flag is provided.
components/ClinicDashboard.tsx(615,15): error TS17004: Cannot use JSX unless the '--jsx' flag is provided.
components/ClinicDashboard.tsx(617,13): error TS17004: Cannot use JSX unless the '--jsx' flag is provided.
components/ClinicDashboard.tsx(618,13): error TS17004: Cannot use JSX unless the '--jsx' flag is provided.
components/ClinicDashboard.tsx(621,13): error TS17004: Cannot use JSX unless the '--jsx' flag is provided.
components/ClinicDashboard.tsx(656,5): error TS17004: Cannot use JSX unless the '--jsx' flag is provided.
components/ClinicDashboard.tsx(658,7): error TS17004: Cannot use JSX unless the '--jsx' flag is provided.
components/ClinicDashboard.tsx(672,7): error TS17004: Cannot use JSX unless the '--jsx' flag is provided.
components/ClinicDashboard.tsx(674,9): error TS17004: Cannot use JSX unless the '--jsx' flag is provided.
components/ClinicDashboard.tsx(675,11): error TS17004: Cannot use JSX unless the '--jsx' flag is provided.
components/ClinicDashboard.tsx(677,13): error TS17004: Cannot use JSX unless the '--jsx' flag is provided.
components/ClinicDashboard.tsx(681,15): error TS17004: Cannot use JSX unless the '--jsx' flag is provided.
components/ClinicDashboard.tsx(683,13): error TS17004: Cannot use JSX unless the '--jsx' flag is provided.
components/ClinicDashboard.tsx(686,11): error TS17004: Cannot use JSX unless the '--jsx' flag is provided.
components/ClinicDashboard.tsx(688,13): error TS17004: Cannot use JSX unless the '--jsx' flag is provided.
components/ClinicDashboard.tsx(689,15): error TS17004: Cannot use JSX unless the '--jsx' flag is provided.
components/ClinicDashboard.tsx(690,17): error TS17004: Cannot use JSX unless the '--jsx' flag is provided.
components/ClinicDashboard.tsx(691,19): error TS17004: Cannot use JSX unless the '--jsx' flag is provided.
components/ClinicDashboard.tsx(692,19): error TS17004: Cannot use JSX unless the '--jsx' flag is provided.
components/ClinicDashboard.tsx(695,15): error TS17004: Cannot use JSX unless the '--jsx' flag is provided.
components/ClinicDashboard.tsx(696,17): error TS17004: Cannot use JSX unless the '--jsx' flag is provided.
components/ClinicDashboard.tsx(700,19): error TS17004: Cannot use JSX unless the '--jsx' flag is provided.
components/ClinicDashboard.tsx(701,19): error TS17004: Cannot use JSX unless the '--jsx' flag is provided.
components/ClinicDashboard.tsx(707,13): error TS17004: Cannot use JSX unless the '--jsx' flag is provided.
components/ClinicDashboard.tsx(712,15): error TS17004: Cannot use JSX unless the '--jsx' flag is provided.
components/ClinicDashboard.tsx(716,13): error TS17004: Cannot use JSX unless the '--jsx' flag is provided.
components/ClinicDashboard.tsx(717,15): error TS17004: Cannot use JSX unless the '--jsx' flag is provided.
components/ClinicDashboard.tsx(721,13): error TS17004: Cannot use JSX unless the '--jsx' flag is provided.
components/ClinicDashboard.tsx(725,15): error TS17004: Cannot use JSX unless the '--jsx' flag is provided.
components/ClinicDashboard.tsx(731,9): error TS17004: Cannot use JSX unless the '--jsx' flag is provided.
components/ClinicDashboard.tsx(733,13): error TS17004: Cannot use JSX unless the '--jsx' flag is provided.
components/ClinicDashboard.tsx(734,15): error TS17004: Cannot use JSX unless the '--jsx' flag is provided.
components/ClinicDashboard.tsx(737,13): error TS17004: Cannot use JSX unless the '--jsx' flag is provided.
components/ClinicDashboard.tsx(739,15): error TS17004: Cannot use JSX unless the '--jsx' flag is provided.
components/ClinicDashboard.tsx(740,17): error TS17004: Cannot use JSX unless the '--jsx' flag is provided.
components/ClinicDashboard.tsx(741,19): error TS17004: Cannot use JSX unless the '--jsx' flag is provided.
components/ClinicDashboard.tsx(746,19): error TS17004: Cannot use JSX unless the '--jsx' flag is provided.
components/ClinicDashboard.tsx(747,21): error TS17004: Cannot use JSX unless the '--jsx' flag is provided.
components/ClinicDashboard.tsx(748,58): error TS17004: Cannot use JSX unless the '--jsx' flag is provided.
components/ClinicDashboard.tsx(749,23): error TS17004: Cannot use JSX unless the '--jsx' flag is provided.
components/ClinicDashboard.tsx(751,21): error TS17004: Cannot use JSX unless the '--jsx' flag is provided.
components/ClinicDashboard.tsx(752,21): error TS17004: Cannot use JSX unless the '--jsx' flag is provided.
components/ClinicDashboard.tsx(757,19): error TS17004: Cannot use JSX unless the '--jsx' flag is provided.
components/ClinicDashboard.tsx(758,21): error TS17004: Cannot use JSX unless the '--jsx' flag is provided.
components/ClinicDashboard.tsx(759,23): error TS17004: Cannot use JSX unless the '--jsx' flag is provided.
components/ClinicDashboard.tsx(765,19): error TS17004: Cannot use JSX unless the '--jsx' flag is provided.
components/ClinicDashboard.tsx(766,21): error TS17004: Cannot use JSX unless the '--jsx' flag is provided.
components/ClinicDashboard.tsx(771,23): error TS17004: Cannot use JSX unless the '--jsx' flag is provided.
components/ClinicDashboard.tsx(776,19): error TS17004: Cannot use JSX unless the '--jsx' flag is provided.
components/ClinicDashboard.tsx(777,21): error TS17004: Cannot use JSX unless the '--jsx' flag is provided.
components/ClinicDashboard.tsx(778,23): error TS17004: Cannot use JSX unless the '--jsx' flag is provided.
components/ClinicDashboard.tsx(779,23): error TS17004: Cannot use JSX unless the '--jsx' flag is provided.
components/ClinicDashboard.tsx(782,23): error TS17004: Cannot use JSX unless the '--jsx' flag is provided.
components/ClinicDashboard.tsx(783,25): error TS17004: Cannot use JSX unless the '--jsx' flag is provided.
components/ClinicDashboard.tsx(784,25): error TS17004: Cannot use JSX unless the '--jsx' flag is provided.
components/ClinicDashboard.tsx(792,15): error TS17004: Cannot use JSX unless the '--jsx' flag is provided.
components/ClinicDashboard.tsx(797,17): error TS17004: Cannot use JSX unless the '--jsx' flag is provided.
components/ClinicDashboard.tsx(798,19): error TS17004: Cannot use JSX unless the '--jsx' flag is provided.
components/ClinicDashboard.tsx(799,19): error TS17004: Cannot use JSX unless the '--jsx' flag is provided.
components/ClinicDashboard.tsx(803,17): error TS17004: Cannot use JSX unless the '--jsx' flag is provided.
components/ClinicDashboard.tsx(804,19): error TS17004: Cannot use JSX unless the '--jsx' flag is provided.
components/ClinicDashboard.tsx(805,21): error TS17004: Cannot use JSX unless the '--jsx' flag is provided.
components/ClinicDashboard.tsx(806,21): error TS17004: Cannot use JSX unless the '--jsx' flag is provided.
components/ClinicDashboard.tsx(808,19): error TS17004: Cannot use JSX unless the '--jsx' flag is provided.
components/ClinicDashboard.tsx(814,17): error TS17004: Cannot use JSX unless the '--jsx' flag is provided.
components/ClinicDashboard.tsx(817,17): error TS17004: Cannot use JSX unless the '--jsx' flag is provided.
components/ClinicDashboard.tsx(818,19): error TS17004: Cannot use JSX unless the '--jsx' flag is provided.
components/ClinicDashboard.tsx(819,21): error TS17004: Cannot use JSX unless the '--jsx' flag is provided.
components/ClinicDashboard.tsx(820,23): error TS17004: Cannot use JSX unless the '--jsx' flag is provided.
components/ClinicDashboard.tsx(823,21): error TS17004: Cannot use JSX unless the '--jsx' flag is provided.
components/ClinicDashboard.tsx(825,19): error TS17004: Cannot use JSX unless the '--jsx' flag is provided.
components/ClinicDashboard.tsx(826,21): error TS17004: Cannot use JSX unless the '--jsx' flag is provided.
components/ClinicDashboard.tsx(827,21): error TS17004: Cannot use JSX unless the '--jsx' flag is provided.
components/ClinicDashboard.tsx(833,23): error TS17004: Cannot use JSX unless the '--jsx' flag is provided.
components/ClinicDashboard.tsx(839,17): error TS17004: Cannot use JSX unless the '--jsx' flag is provided.
components/ClinicDashboard.tsx(840,19): error TS17004: Cannot use JSX unless the '--jsx' flag is provided.
components/ClinicDashboard.tsx(841,21): error TS17004: Cannot use JSX unless the '--jsx' flag is provided.
components/ClinicDashboard.tsx(842,23): error TS17004: Cannot use JSX unless the '--jsx' flag is provided.
components/ClinicDashboard.tsx(844,21): error TS17004: Cannot use JSX unless the '--jsx' flag is provided.
components/ClinicDashboard.tsx(845,23): error TS17004: Cannot use JSX unless the '--jsx' flag is provided.
components/ClinicDashboard.tsx(847,21): error TS17004: Cannot use JSX unless the '--jsx' flag is provided.
components/ClinicDashboard.tsx(848,23): error TS17004: Cannot use JSX unless the '--jsx' flag is provided.
components/ClinicDashboard.tsx(851,19): error TS17004: Cannot use JSX unless the '--jsx' flag is provided.
components/ClinicDashboard.tsx(856,15): error TS17004: Cannot use JSX unless the '--jsx' flag is provided.
components/ClinicDashboard.tsx(857,17): error TS17004: Cannot use JSX unless the '--jsx' flag is provided.
components/ClinicDashboard.tsx(858,19): error TS17004: Cannot use JSX unless the '--jsx' flag is provided.
components/ClinicDashboard.tsx(859,19): error TS17004: Cannot use JSX unless the '--jsx' flag is provided.
components/ClinicDashboard.tsx(863,19): error TS17004: Cannot use JSX unless the '--jsx' flag is provided.
components/ClinicDashboard.tsx(875,25): error TS17004: Cannot use JSX unless the '--jsx' flag is provided.
components/ClinicDashboard.tsx(879,27): error TS17004: Cannot use JSX unless the '--jsx' flag is provided.
components/ClinicDashboard.tsx(880,27): error TS17004: Cannot use JSX unless the '--jsx' flag is provided.
components/ClinicDashboard.tsx(886,19): error TS17004: Cannot use JSX unless the '--jsx' flag is provided.
components/ClinicDashboard.tsx(891,15): error TS17004: Cannot use JSX unless the '--jsx' flag is provided.
components/ClinicDashboard.tsx(892,17): error TS17004: Cannot use JSX unless the '--jsx' flag is provided.
components/ClinicDashboard.tsx(893,19): error TS17004: Cannot use JSX unless the '--jsx' flag is provided.
components/ClinicDashboard.tsx(894,21): error TS17004: Cannot use JSX unless the '--jsx' flag is provided.
components/ClinicDashboard.tsx(895,21): error TS17004: Cannot use JSX unless the '--jsx' flag is provided.
components/ClinicDashboard.tsx(897,19): error TS17004: Cannot use JSX unless the '--jsx' flag is provided.
components/ClinicDashboard.tsx(901,17): error TS17004: Cannot use JSX unless the '--jsx' flag is provided.
components/ClinicDashboard.tsx(902,19): error TS17004: Cannot use JSX unless the '--jsx' flag is provided.
components/ClinicDashboard.tsx(904,21): error TS17004: Cannot use JSX unless the '--jsx' flag is provided.
components/ClinicDashboard.tsx(927,27): error TS17004: Cannot use JSX unless the '--jsx' flag is provided.
components/ClinicDashboard.tsx(928,29): error TS17004: Cannot use JSX unless the '--jsx' flag is provided.
components/ClinicDashboard.tsx(929,31): error TS17004: Cannot use JSX unless the '--jsx' flag is provided.
components/ClinicDashboard.tsx(930,31): error TS17004: Cannot use JSX unless the '--jsx' flag is provided.
components/ClinicDashboard.tsx(932,29): error TS17004: Cannot use JSX unless the '--jsx' flag is provided.
components/ClinicDashboard.tsx(933,31): error TS17004: Cannot use JSX unless the '--jsx' flag is provided.
components/ClinicDashboard.tsx(948,21): error TS17004: Cannot use JSX unless the '--jsx' flag is provided.
components/ClinicDashboard.tsx(949,23): error TS17004: Cannot use JSX unless the '--jsx' flag is provided.
components/ClinicDashboard.tsx(950,25): error TS17004: Cannot use JSX unless the '--jsx' flag is provided.
components/ClinicDashboard.tsx(951,25): error TS17004: Cannot use JSX unless the '--jsx' flag is provided.
components/ClinicDashboard.tsx(953,23): error TS17004: Cannot use JSX unless the '--jsx' flag is provided.
components/ClinicDashboard.tsx(954,25): error TS17004: Cannot use JSX unless the '--jsx' flag is provided.
components/ClinicDashboard.tsx(955,25): error TS17004: Cannot use JSX unless the '--jsx' flag is provided.
components/ClinicDashboard.tsx(957,23): error TS17004: Cannot use JSX unless the '--jsx' flag is provided.
components/ClinicDashboard.tsx(958,25): error TS17004: Cannot use JSX unless the '--jsx' flag is provided.
components/ClinicDashboard.tsx(959,25): error TS17004: Cannot use JSX unless the '--jsx' flag is provided.
components/ClinicDashboard.tsx(969,15): error TS17004: Cannot use JSX unless the '--jsx' flag is provided.
components/ClinicDashboard.tsx(972,15): error TS17004: Cannot use JSX unless the '--jsx' flag is provided.
components/ClinicDashboard.tsx(973,17): error TS17004: Cannot use JSX unless the '--jsx' flag is provided.
components/ClinicDashboard.tsx(974,19): error TS17004: Cannot use JSX unless the '--jsx' flag is provided.
components/ClinicDashboard.tsx(975,21): error TS17004: Cannot use JSX unless the '--jsx' flag is provided.
components/ClinicDashboard.tsx(976,23): error TS17004: Cannot use JSX unless the '--jsx' flag is provided.
components/ClinicDashboard.tsx(977,23): error TS17004: Cannot use JSX unless the '--jsx' flag is provided.
components/ClinicDashboard.tsx(979,21): error TS17004: Cannot use JSX unless the '--jsx' flag is provided.
components/ClinicDashboard.tsx(988,19): error TS17004: Cannot use JSX unless the '--jsx' flag is provided.
components/ClinicDashboard.tsx(992,17): error TS17004: Cannot use JSX unless the '--jsx' flag is provided.
components/ClinicDashboard.tsx(994,21): error TS17004: Cannot use JSX unless the '--jsx' flag is provided.
components/ClinicDashboard.tsx(995,23): error TS17004: Cannot use JSX unless the '--jsx' flag is provided.
components/ClinicDashboard.tsx(996,23): error TS17004: Cannot use JSX unless the '--jsx' flag is provided.
components/ClinicDashboard.tsx(999,21): error TS17004: Cannot use JSX unless the '--jsx' flag is provided.
components/ClinicDashboard.tsx(1001,25): error TS17004: Cannot use JSX unless the '--jsx' flag is provided.
components/ClinicDashboard.tsx(1006,27): error TS17004: Cannot use JSX unless the '--jsx' flag is provided.
components/ClinicDashboard.tsx(1007,29): error TS17004: Cannot use JSX unless the '--jsx' flag is provided.
components/ClinicDashboard.tsx(1008,29): error TS17004: Cannot use JSX unless the '--jsx' flag is provided.
components/ClinicDashboard.tsx(1014,27): error TS17004: Cannot use JSX unless the '--jsx' flag is provided.
components/ClinicDashboard.tsx(1015,29): error TS17004: Cannot use JSX unless the '--jsx' flag is provided.
components/ClinicDashboard.tsx(1016,29): error TS17004: Cannot use JSX unless the '--jsx' flag is provided.
components/ClinicDashboard.tsx(1020,27): error TS17004: Cannot use JSX unless the '--jsx' flag is provided.
components/ClinicDashboard.tsx(1021,29): error TS17004: Cannot use JSX unless the '--jsx' flag is provided.
components/ClinicDashboard.tsx(1022,29): error TS17004: Cannot use JSX unless the '--jsx' flag is provided.
components/ClinicDashboard.tsx(1026,27): error TS17004: Cannot use JSX unless the '--jsx' flag is provided.
components/ClinicDashboard.tsx(1027,29): error TS17004: Cannot use JSX unless the '--jsx' flag is provided.
components/ClinicDashboard.tsx(1028,29): error TS17004: Cannot use JSX unless the '--jsx' flag is provided.
components/ClinicDashboard.tsx(1032,31): error TS17004: Cannot use JSX unless the '--jsx' flag is provided.
components/ClinicDashboard.tsx(1039,27): error TS17004: Cannot use JSX unless the '--jsx' flag is provided.
components/ClinicDashboard.tsx(1040,29): error TS17004: Cannot use JSX unless the '--jsx' flag is provided.
components/ClinicDashboard.tsx(1041,31): error TS17004: Cannot use JSX unless the '--jsx' flag is provided.
components/ClinicDashboard.tsx(1042,33): error TS17004: Cannot use JSX unless the '--jsx' flag is provided.
components/ClinicDashboard.tsx(1043,33): error TS17004: Cannot use JSX unless the '--jsx' flag is provided.
components/ClinicDashboard.tsx(1045,31): error TS17004: Cannot use JSX unless the '--jsx' flag is provided.
components/ClinicDashboard.tsx(1046,33): error TS17004: Cannot use JSX unless the '--jsx' flag is provided.
components/ClinicDashboard.tsx(1057,25): error TS17004: Cannot use JSX unless the '--jsx' flag is provided.
components/ClinicDashboard.tsx(1058,27): error TS17004: Cannot use JSX unless the '--jsx' flag is provided.
components/ClinicDashboard.tsx(1076,11): error TS17004: Cannot use JSX unless the '--jsx' flag is provided.
components/ClinicDashboard.tsx(1077,13): error TS17004: Cannot use JSX unless the '--jsx' flag is provided.
lib/firebase/config.ts(85,51): error TS1343: The 'import.meta' meta-property is only allowed when the '--module' option is 'es2020', 'es2022', 'esnext', 'system', 'node16', 'node18', 'node20', or 'nodenext'.
node_modules/sonner/dist/index.d.ts(1,8): error TS1259: Module '"C:/Projects/healqr 3/node_modules/@types/react/index"' can only be default-imported using the 'esModuleInterop' flag
