_backup_feb9_clinic_planned_off/AdvanceBooking.tsx(1,24): error TS2307: Cannot find module './ui/button' or its corresponding type declarations.
_backup_feb9_clinic_planned_off/AdvanceBooking.tsx(2,22): error TS2307: Cannot find module './ui/card' or its corresponding type declarations.
_backup_feb9_clinic_planned_off/AdvanceBooking.tsx(3,23): error TS2307: Cannot find module './ui/badge' or its corresponding type declarations.
_backup_feb9_clinic_planned_off/AdvanceBooking.tsx(4,41): error TS6133: 'ArrowLeft' is declared but its value is never read.
_backup_feb9_clinic_planned_off/AdvanceBooking.tsx(6,30): error TS2307: Cannot find module './DashboardSidebar' or its corresponding type declarations.
_backup_feb9_clinic_planned_off/AdvanceBooking.tsx(162,31): error TS2769: No overload matches this call.
  Overload 1 of 3, '(firestore: Firestore, path: string, ...pathSegments: string[]): DocumentReference<DocumentData, DocumentData>', gave the following error.
    Argument of type 'Firestore | null' is not assignable to parameter of type 'Firestore'.
      Type 'null' is not assignable to type 'Firestore'.
  Overload 2 of 3, '(reference: CollectionReference<unknown, DocumentData>, path?: string | undefined, ...pathSegments: string[]): DocumentReference<unknown, DocumentData>', gave the following error.
    Argument of type 'Firestore | null' is not assignable to parameter of type 'CollectionReference<unknown, DocumentData>'.
      Type 'null' is not assignable to type 'CollectionReference<unknown, DocumentData>'.
  Overload 3 of 3, '(reference: DocumentReference<unknown, DocumentData>, path: string, ...pathSegments: string[]): DocumentReference<DocumentData, DocumentData>', gave the following error.
    Argument of type 'Firestore | null' is not assignable to parameter of type 'DocumentReference<unknown, DocumentData>'.
      Type 'null' is not assignable to type 'DocumentReference<unknown, DocumentData>'.
_backup_feb9_clinic_planned_off/AdvanceBooking.tsx(188,37): error TS2769: No overload matches this call.
  Overload 1 of 3, '(firestore: Firestore, path: string, ...pathSegments: string[]): DocumentReference<DocumentData, DocumentData>', gave the following error.
    Argument of type 'Firestore | null' is not assignable to parameter of type 'Firestore'.
      Type 'null' is not assignable to type 'Firestore'.
  Overload 2 of 3, '(reference: CollectionReference<unknown, DocumentData>, path?: string | undefined, ...pathSegments: string[]): DocumentReference<unknown, DocumentData>', gave the following error.
    Argument of type 'Firestore | null' is not assignable to parameter of type 'CollectionReference<unknown, DocumentData>'.
      Type 'null' is not assignable to type 'CollectionReference<unknown, DocumentData>'.
  Overload 3 of 3, '(reference: DocumentReference<unknown, DocumentData>, path: string, ...pathSegments: string[]): DocumentReference<DocumentData, DocumentData>', gave the following error.
    Argument of type 'Firestore | null' is not assignable to parameter of type 'DocumentReference<unknown, DocumentData>'.
      Type 'null' is not assignable to type 'DocumentReference<unknown, DocumentData>'.
_backup_feb9_clinic_planned_off/AdvanceBooking.tsx(197,45): error TS2769: No overload matches this call.
  Overload 1 of 3, '(firestore: Firestore, path: string, ...pathSegments: string[]): DocumentReference<DocumentData, DocumentData>', gave the following error.
    Argument of type 'Firestore | null' is not assignable to parameter of type 'Firestore'.
      Type 'null' is not assignable to type 'Firestore'.
  Overload 2 of 3, '(reference: CollectionReference<unknown, DocumentData>, path?: string | undefined, ...pathSegments: string[]): DocumentReference<unknown, DocumentData>', gave the following error.
    Argument of type 'Firestore | null' is not assignable to parameter of type 'CollectionReference<unknown, DocumentData>'.
      Type 'null' is not assignable to type 'CollectionReference<unknown, DocumentData>'.
  Overload 3 of 3, '(reference: DocumentReference<unknown, DocumentData>, path: string, ...pathSegments: string[]): DocumentReference<DocumentData, DocumentData>', gave the following error.
    Argument of type 'Firestore | null' is not assignable to parameter of type 'DocumentReference<unknown, DocumentData>'.
      Type 'null' is not assignable to type 'DocumentReference<unknown, DocumentData>'.
_backup_feb9_clinic_planned_off/AdvanceBooking.tsx(251,42): error TS2769: No overload matches this call.
  Overload 1 of 3, '(firestore: Firestore, path: string, ...pathSegments: string[]): CollectionReference<DocumentData, DocumentData>', gave the following error.
    Argument of type 'Firestore | null' is not assignable to parameter of type 'Firestore'.
      Type 'null' is not assignable to type 'Firestore'.
  Overload 2 of 3, '(reference: CollectionReference<unknown, DocumentData>, path: string, ...pathSegments: string[]): CollectionReference<DocumentData, DocumentData>', gave the following error.
    Argument of type 'Firestore | null' is not assignable to parameter of type 'CollectionReference<unknown, DocumentData>'.
      Type 'null' is not assignable to type 'CollectionReference<unknown, DocumentData>'.
  Overload 3 of 3, '(reference: DocumentReference<unknown, DocumentData>, path: string, ...pathSegments: string[]): CollectionReference<DocumentData, DocumentData>', gave the following error.
    Argument of type 'Firestore | null' is not assignable to parameter of type 'DocumentReference<unknown, DocumentData>'.
      Type 'null' is not assignable to type 'DocumentReference<unknown, DocumentData>'.
_backup_feb9_clinic_planned_off/AdvanceBooking.tsx(306,40): error TS2769: No overload matches this call.
  Overload 1 of 3, '(firestore: Firestore, path: string, ...pathSegments: string[]): CollectionReference<DocumentData, DocumentData>', gave the following error.
    Argument of type 'Firestore | null' is not assignable to parameter of type 'Firestore'.
      Type 'null' is not assignable to type 'Firestore'.
  Overload 2 of 3, '(reference: CollectionReference<unknown, DocumentData>, path: string, ...pathSegments: string[]): CollectionReference<DocumentData, DocumentData>', gave the following error.
    Argument of type 'Firestore | null' is not assignable to parameter of type 'CollectionReference<unknown, DocumentData>'.
      Type 'null' is not assignable to type 'CollectionReference<unknown, DocumentData>'.
  Overload 3 of 3, '(reference: DocumentReference<unknown, DocumentData>, path: string, ...pathSegments: string[]): CollectionReference<DocumentData, DocumentData>', gave the following error.
    Argument of type 'Firestore | null' is not assignable to parameter of type 'DocumentReference<unknown, DocumentData>'.
      Type 'null' is not assignable to type 'DocumentReference<unknown, DocumentData>'.
_backup_feb9_clinic_planned_off/App.tsx(3,26): error TS2307: Cannot find module './lib/firebase/config' or its corresponding type declarations.
_backup_feb9_clinic_planned_off/App.tsx(4,29): error TS2307: Cannot find module './lib/firebase/auth.service' or its corresponding type declarations.
_backup_feb9_clinic_planned_off/App.tsx(5,86): error TS6133: 'addDoc' is declared but its value is never read.
_backup_feb9_clinic_planned_off/App.tsx(9,25): error TS2307: Cannot find module './components/LandingPage' or its corresponding type declarations.
_backup_feb9_clinic_planned_off/App.tsx(10,33): error TS2307: Cannot find module './components/PrototypeModeBanner' or its corresponding type declarations.
_backup_feb9_clinic_planned_off/App.tsx(11,59): error TS2307: Cannot find module './services/fcm.service' or its corresponding type declarations.
_backup_feb9_clinic_planned_off/App.tsx(12,36): error TS2307: Cannot find module './utils/activityTracker' or its corresponding type declarations.
_backup_feb9_clinic_planned_off/App.tsx(13,39): error TS2307: Cannot find module './utils/sessionPersistence' or its corresponding type declarations.
_backup_feb9_clinic_planned_off/App.tsx(14,31): error TS2307: Cannot find module './utils/translations' or its corresponding type declarations.
_backup_feb9_clinic_planned_off/App.tsx(15,38): error TS2307: Cannot find module './components/PatientDetailsForm' or its corresponding type declarations.
_backup_feb9_clinic_planned_off/App.tsx(18,34): error TS2307: Cannot find module './components/SignUp' or its corresponding type declarations.
_backup_feb9_clinic_planned_off/App.tsx(19,41): error TS2307: Cannot find module './components/QRCodeSuccess' or its corresponding type declarations.
_backup_feb9_clinic_planned_off/App.tsx(20,33): error TS2307: Cannot find module './components/Login' or its corresponding type declarations.
_backup_feb9_clinic_planned_off/App.tsx(21,43): error TS2307: Cannot find module './components/DoctorDashboard' or its corresponding type declarations.
_backup_feb9_clinic_planned_off/App.tsx(22,42): error TS2307: Cannot find module './components/ProfileManager' or its corresponding type declarations.
_backup_feb9_clinic_planned_off/App.tsx(23,37): error TS2307: Cannot find module './components/QRManager' or its corresponding type declarations.
_backup_feb9_clinic_planned_off/App.tsx(24,43): error TS2307: Cannot find module './components/ScheduleManager' or its corresponding type declarations.
_backup_feb9_clinic_planned_off/App.tsx(25,42): error TS2307: Cannot find module './components/TodaysSchedule' or its corresponding type declarations.
_backup_feb9_clinic_planned_off/App.tsx(26,42): error TS2307: Cannot find module './components/AdvanceBooking' or its corresponding type declarations.
_backup_feb9_clinic_planned_off/App.tsx(27,42): error TS2307: Cannot find module './components/PatientDetails' or its corresponding type declarations.
_backup_feb9_clinic_planned_off/App.tsx(28,41): error TS2307: Cannot find module './components/PreviewCenter' or its corresponding type declarations.
_backup_feb9_clinic_planned_off/App.tsx(29,37): error TS2307: Cannot find module './components/Analytics' or its corresponding type declarations.
_backup_feb9_clinic_planned_off/App.tsx(30,34): error TS2307: Cannot find module './components/Report' or its corresponding type declarations.
_backup_feb9_clinic_planned_off/App.tsx(31,45): error TS2307: Cannot find module './components/LanguageSelection' or its corresponding type declarations.
_backup_feb9_clinic_planned_off/App.tsx(32,46): error TS2307: Cannot find module './components/BookingMiniWebsite' or its corresponding type declarations.
_backup_feb9_clinic_planned_off/App.tsx(33,38): error TS2307: Cannot find module './components/SelectDate' or its corresponding type declarations.
_backup_feb9_clinic_planned_off/App.tsx(34,41): error TS2307: Cannot find module './components/SelectChamber' or its corresponding type declarations.
_backup_feb9_clinic_planned_off/App.tsx(35,46): error TS2307: Cannot find module './components/PatientDetailsForm' or its corresponding type declarations.
_backup_feb9_clinic_planned_off/App.tsx(36,47): error TS2307: Cannot find module './components/BookingConfirmation' or its corresponding type declarations.
_backup_feb9_clinic_planned_off/App.tsx(37,51): error TS2307: Cannot find module './components/PatientReviewSubmission' or its corresponding type declarations.
_backup_feb9_clinic_planned_off/App.tsx(38,53): error TS2307: Cannot find module './components/ReminderNotificationsDemo' or its corresponding type declarations.
_backup_feb9_clinic_planned_off/App.tsx(39,44): error TS2307: Cannot find module './components/TemplateUploader' or its corresponding type declarations.
_backup_feb9_clinic_planned_off/App.tsx(40,40): error TS2307: Cannot find module './components/VideoLibrary' or its corresponding type declarations.
_backup_feb9_clinic_planned_off/App.tsx(41,41): error TS2307: Cannot find module './components/PrivacyPolicy' or its corresponding type declarations.
_backup_feb9_clinic_planned_off/App.tsx(42,42): error TS2307: Cannot find module './components/TermsOfService' or its corresponding type declarations.
_backup_feb9_clinic_planned_off/App.tsx(43,40): error TS2307: Cannot find module './components/RefundPolicy' or its corresponding type declarations.
_backup_feb9_clinic_planned_off/App.tsx(44,38): error TS2307: Cannot find module './components/AdminLogin' or its corresponding type declarations.
_backup_feb9_clinic_planned_off/App.tsx(45,38): error TS2307: Cannot find module './components/AdminPanel' or its corresponding type declarations.
_backup_feb9_clinic_planned_off/App.tsx(46,44): error TS2307: Cannot find module './components/AdminQRGenerator' or its corresponding type declarations.
_backup_feb9_clinic_planned_off/App.tsx(47,45): error TS2307: Cannot find module './components/AdminQRGeneration' or its corresponding type declarations.
_backup_feb9_clinic_planned_off/App.tsx(48,45): error TS2307: Cannot find module './components/AdminQRManagement' or its corresponding type declarations.
_backup_feb9_clinic_planned_off/App.tsx(49,50): error TS2307: Cannot find module './components/AssistantAccessManager' or its corresponding type declarations.
_backup_feb9_clinic_planned_off/App.tsx(50,54): error TS2307: Cannot find module './components/LabReferralTrackingManager' or its corresponding type declarations.
_backup_feb9_clinic_planned_off/App.tsx(51,56): error TS2307: Cannot find module './components/PersonalizedTemplatesManager' or its corresponding type declarations.
_backup_feb9_clinic_planned_off/App.tsx(52,50): error TS2307: Cannot find module './components/EmergencyButtonManager' or its corresponding type declarations.
_backup_feb9_clinic_planned_off/App.tsx(53,46): error TS2307: Cannot find module './components/PatientNewRXViewer' or its corresponding type declarations.
_backup_feb9_clinic_planned_off/App.tsx(54,61): error TS2307: Cannot find module './components/ConsultationCompletedNotification' or its corresponding type declarations.
_backup_feb9_clinic_planned_off/App.tsx(55,48): error TS2307: Cannot find module './components/FollowUpNotification' or its corresponding type declarations.
_backup_feb9_clinic_planned_off/App.tsx(56,53): error TS2307: Cannot find module './components/ReviewRequestNotification' or its corresponding type declarations.
_backup_feb9_clinic_planned_off/App.tsx(57,59): error TS2307: Cannot find module './components/AppointmentReminderNotification' or its corresponding type declarations.
_backup_feb9_clinic_planned_off/App.tsx(58,60): error TS2307: Cannot find module './components/AppointmentCancelledNotification' or its corresponding type declarations.
_backup_feb9_clinic_planned_off/App.tsx(59,59): error TS2307: Cannot find module './components/AppointmentRestoredNotification' or its corresponding type declarations.
_backup_feb9_clinic_planned_off/App.tsx(60,50): error TS2307: Cannot find module './components/AdminAlertNotification' or its corresponding type declarations.
_backup_feb9_clinic_planned_off/App.tsx(61,44): error TS2307: Cannot find module './components/TestingUtilities' or its corresponding type declarations.
_backup_feb9_clinic_planned_off/App.tsx(62,51): error TS2307: Cannot find module './components/CreatePlaceholderReview' or its corresponding type declarations.
_backup_feb9_clinic_planned_off/App.tsx(63,48): error TS2307: Cannot find module './components/LocalStorageDebugger' or its corresponding type declarations.
_backup_feb9_clinic_planned_off/App.tsx(64,44): error TS2307: Cannot find module './components/AdminTestingPage' or its corresponding type declarations.
_backup_feb9_clinic_planned_off/App.tsx(65,39): error TS2307: Cannot find module './components/VerifyEmail' or its corresponding type declarations.
_backup_feb9_clinic_planned_off/App.tsx(66,39): error TS2307: Cannot find module './components/VerifyLogin' or its corresponding type declarations.
_backup_feb9_clinic_planned_off/App.tsx(67,42): error TS2307: Cannot find module './components/AssistantLogin' or its corresponding type declarations.
_backup_feb9_clinic_planned_off/App.tsx(68,44): error TS2307: Cannot find module './components/AdminVerifyLogin' or its corresponding type declarations.
_backup_feb9_clinic_planned_off/App.tsx(69,40): error TS2307: Cannot find module './components/VerifyWalkin' or its corresponding type declarations.
_backup_feb9_clinic_planned_off/App.tsx(70,44): error TS2307: Cannot find module './components/AdvertiserSignUp' or its corresponding type declarations.
_backup_feb9_clinic_planned_off/App.tsx(71,43): error TS2307: Cannot find module './components/AdvertiserLogin' or its corresponding type declarations.
_backup_feb9_clinic_planned_off/App.tsx(72,47): error TS2307: Cannot find module './components/AdvertiserDashboard' or its corresponding type declarations.
_backup_feb9_clinic_planned_off/App.tsx(73,45): error TS2307: Cannot find module './components/AdvertiserGateway' or its corresponding type declarations.
_backup_feb9_clinic_planned_off/App.tsx(74,39): error TS2307: Cannot find module './components/UpgradePage' or its corresponding type declarations.
_backup_feb9_clinic_planned_off/App.tsx(75,41): error TS2307: Cannot find module './components/ClinicProfile' or its corresponding type declarations.
_backup_feb9_clinic_planned_off/App.tsx(76,45): error TS2307: Cannot find module './components/ClinicBookingFlow' or its corresponding type declarations.
_backup_feb9_clinic_planned_off/App.tsx(77,41): error TS2307: Cannot find module './components/PatientSearch' or its corresponding type declarations.
_backup_feb9_clinic_planned_off/App.tsx(78,40): error TS2307: Cannot find module './components/ClinicSignUp' or its corresponding type declarations.
_backup_feb9_clinic_planned_off/App.tsx(79,39): error TS2307: Cannot find module './components/ClinicLogin' or its corresponding type declarations.
_backup_feb9_clinic_planned_off/App.tsx(80,43): error TS2307: Cannot find module './components/ClinicDashboard' or its corresponding type declarations.
_backup_feb9_clinic_planned_off/App.tsx(81,40): error TS2307: Cannot find module './components/PatientLogin' or its corresponding type declarations.
_backup_feb9_clinic_planned_off/App.tsx(82,47): error TS2307: Cannot find module './components/PatientDashboardNew' or its corresponding type declarations.
_backup_feb9_clinic_planned_off/App.tsx(95,7): error TS6133: 'generateBookingId' is declared but its value is never read.
_backup_feb9_clinic_planned_off/App.tsx(103,7): error TS6133: 'generateSerialNo' is declared but its value is never read.
_backup_feb9_clinic_planned_off/App.tsx(219,10): error TS6133: 'isMobileSidebarOpen' is declared but its value is never read.
_backup_feb9_clinic_planned_off/App.tsx(219,31): error TS6133: 'setIsMobileSidebarOpen' is declared but its value is never read.
_backup_feb9_clinic_planned_off/App.tsx(352,10): error TS6133: 'bookingConfirmed' is declared but its value is never read.
_backup_feb9_clinic_planned_off/App.tsx(373,20): error TS6133: 'setChambers' is declared but its value is never read.
_backup_feb9_clinic_planned_off/App.tsx(428,11): error TS6133: 'fullUrl' is declared but its value is never read.
_backup_feb9_clinic_planned_off/App.tsx(539,13): error TS6133: 'doctorPhoto' is declared but its value is never read.
_backup_feb9_clinic_planned_off/App.tsx(607,9): error TS2353: Object literal may only specify known properties, and 'serialNumber' does not exist in type '{ bookingId?: string | undefined; patientName: string; doctorName: string; date: string; time: string; message?: string | undefined; specialization?: string | undefined; doctorInitials?: string | undefined; ... 4 more ...; language?: string | undefined; } | ((prevState: { ...; } | null) => { ...; } | null)'.
_backup_feb9_clinic_planned_off/App.tsx(652,9): error TS2353: Object literal may only specify known properties, and 'serialNumber' does not exist in type '{ bookingId?: string | undefined; patientName: string; doctorName: string; date: string; time: string; message?: string | undefined; specialization?: string | undefined; doctorInitials?: string | undefined; ... 4 more ...; language?: string | undefined; } | ((prevState: { ...; } | null) => { ...; } | null)'.
_backup_feb9_clinic_planned_off/App.tsx(1136,56): error TS7006: Parameter 'user' implicitly has an 'any' type.
_backup_feb9_clinic_planned_off/App.tsx(1612,66): error TS2307: Cannot find module './capacitor-push' or its corresponding type declarations.
_backup_feb9_clinic_planned_off/App.tsx(1635,46): error TS7006: Parameter 'payload' implicitly has an 'any' type.
_backup_feb9_clinic_planned_off/App.tsx(1770,24): error TS6133: 'data' is declared but its value is never read.
_backup_feb9_clinic_planned_off/App.tsx(1799,9): error TS6133: 'handleAddOnToggle' is declared but its value is never read.
_backup_feb9_clinic_planned_off/App.tsx(1820,71): error TS2339: Property 'startTime' does not exist on type '{ id: number; chamberName: string; chamberAddress: string; isActive?: boolean | undefined; }'.
_backup_feb9_clinic_planned_off/App.tsx(1838,9): error TS6133: 'handleBookingConfirmation' is declared but its value is never read.
_backup_feb9_clinic_planned_off/App.tsx(2059,9): error TS6133: 'handlePatientChatOpen' is declared but its value is never read.
_backup_feb9_clinic_planned_off/App.tsx(2061,20): error TS2345: Argument of type '"patient-chat"' is not assignable to parameter of type 'SetStateAction<"consultation-completed" | "follow-up" | "appointment-cancelled" | "appointment-restored" | "appointment-reminder" | "dashboard" | "landing" | "booking-patient-details" | ... 55 more ... | "clinic-dashboard">'.
_backup_feb9_clinic_planned_off/App.tsx(2064,9): error TS6133: 'resetBookingFlow' is declared but its value is never read.
_backup_feb9_clinic_planned_off/App.tsx(2092,11): error TS6133: 'isBookingLimitReached' is declared but its value is never read.
_backup_feb9_clinic_planned_off/App.tsx(2096,11): error TS6133: 'isDateExpired' is declared but its value is never read.
_backup_feb9_clinic_planned_off/App.tsx(2126,22): error TS2345: Argument of type '"purchase-history"' is not assignable to parameter of type 'SetStateAction<"consultation-completed" | "follow-up" | "appointment-cancelled" | "appointment-restored" | "appointment-reminder" | "dashboard" | "landing" | "booking-patient-details" | ... 55 more ... | "clinic-dashboard">'.
_backup_feb9_clinic_planned_off/App.tsx(2142,22): error TS2345: Argument of type '"doctor-patient-chat"' is not assignable to parameter of type 'SetStateAction<"consultation-completed" | "follow-up" | "appointment-cancelled" | "appointment-restored" | "appointment-reminder" | "dashboard" | "landing" | "booking-patient-details" | ... 55 more ... | "clinic-dashboard">'.
_backup_feb9_clinic_planned_off/App.tsx(2144,22): error TS2345: Argument of type '"video-consultation"' is not assignable to parameter of type 'SetStateAction<"consultation-completed" | "follow-up" | "appointment-cancelled" | "appointment-restored" | "appointment-reminder" | "dashboard" | "landing" | "booking-patient-details" | ... 55 more ... | "clinic-dashboard">'.
_backup_feb9_clinic_planned_off/App.tsx(2146,22): error TS2345: Argument of type '"ai-rx-reader"' is not assignable to parameter of type 'SetStateAction<"consultation-completed" | "follow-up" | "appointment-cancelled" | "appointment-restored" | "appointment-reminder" | "dashboard" | "landing" | "booking-patient-details" | ... 55 more ... | "clinic-dashboard">'.
_backup_feb9_clinic_planned_off/App.tsx(2217,53): error TS2345: Argument of type '"advertiser-gateway"' is not assignable to parameter of type 'SetStateAction<"consultation-completed" | "follow-up" | "appointment-cancelled" | "appointment-restored" | "appointment-reminder" | "dashboard" | "landing" | "booking-patient-details" | ... 55 more ... | "clinic-dashboard">'.
_backup_feb9_clinic_planned_off/App.tsx(2223,20): error TS7006: Parameter 'data' implicitly has an 'any' type.
_backup_feb9_clinic_planned_off/App.tsx(2285,23): error TS7006: Parameter 'email' implicitly has an 'any' type.
_backup_feb9_clinic_planned_off/App.tsx(2354,29): error TS7006: Parameter 'profileData' implicitly has an 'any' type.
_backup_feb9_clinic_planned_off/App.tsx(2652,40): error TS2339: Property 'startTime' does not exist on type '{ id: number; chamberName: string; chamberAddress: string; isActive?: boolean | undefined; }'.
_backup_feb9_clinic_planned_off/App.tsx(2652,61): error TS2339: Property 'endTime' does not exist on type '{ id: number; chamberName: string; chamberAddress: string; isActive?: boolean | undefined; }'.
_backup_feb9_clinic_planned_off/App.tsx(2653,37): error TS2339: Property 'startTime' does not exist on type '{ id: number; chamberName: string; chamberAddress: string; isActive?: boolean | undefined; }'.
_backup_feb9_clinic_planned_off/App.tsx(2653,60): error TS2339: Property 'endTime' does not exist on type '{ id: number; chamberName: string; chamberAddress: string; isActive?: boolean | undefined; }'.
_backup_feb9_clinic_planned_off/App.tsx(2738,36): error TS2339: Property 'serialNumber' does not exist on type '{ bookingId?: string | undefined; patientName: string; doctorName: string; date: string; time: string; message?: string | undefined; specialization?: string | undefined; doctorInitials?: string | undefined; ... 4 more ...; language?: string | undefined; }'.
_backup_feb9_clinic_planned_off/App.tsx(2739,34): error TS2339: Property 'clinicName' does not exist on type '{ bookingId?: string | undefined; patientName: string; doctorName: string; date: string; time: string; message?: string | undefined; specialization?: string | undefined; doctorInitials?: string | undefined; ... 4 more ...; language?: string | undefined; }'.
_backup_feb9_clinic_planned_off/App.tsx(2768,39): error TS2339: Property 'serialNumber' does not exist on type '{ bookingId?: string | undefined; patientName: string; doctorName: string; date: string; time: string; message?: string | undefined; specialization?: string | undefined; doctorInitials?: string | undefined; ... 4 more ...; language?: string | undefined; }'.
_backup_feb9_clinic_planned_off/App.tsx(2769,39): error TS2339: Property 'clinicName' does not exist on type '{ bookingId?: string | undefined; patientName: string; doctorName: string; date: string; time: string; message?: string | undefined; specialization?: string | undefined; doctorInitials?: string | undefined; ... 4 more ...; language?: string | undefined; }'.
_backup_feb9_clinic_planned_off/App.tsx(2888,8): error TS2367: This comparison appears to be unintentional because the types '"consultation-completed" | "follow-up" | "appointment-cancelled" | "appointment-restored" | "appointment-reminder" | "dashboard" | "landing" | "booking-patient-details" | ... 55 more ... | "clinic-dashboard"' and '"doctor-patient-chat"' have no overlap.
_backup_feb9_clinic_planned_off/App.tsx(2889,10): error TS2304: Cannot find name 'DoctorPatientChatManager'.
_backup_feb9_clinic_planned_off/App.tsx(2898,8): error TS2367: This comparison appears to be unintentional because the types '"consultation-completed" | "follow-up" | "appointment-cancelled" | "appointment-restored" | "appointment-reminder" | "dashboard" | "landing" | "booking-patient-details" | ... 55 more ... | "clinic-dashboard"' and '"patient-chat"' have no overlap.
_backup_feb9_clinic_planned_off/App.tsx(2899,10): error TS2304: Cannot find name 'PatientChatInterface'.
_backup_feb9_clinic_planned_off/App.tsx(2904,8): error TS2367: This comparison appears to be unintentional because the types '"consultation-completed" | "follow-up" | "appointment-cancelled" | "appointment-restored" | "appointment-reminder" | "dashboard" | "landing" | "booking-patient-details" | ... 55 more ... | "clinic-dashboard"' and '"video-consultation"' have no overlap.
_backup_feb9_clinic_planned_off/App.tsx(2905,10): error TS2304: Cannot find name 'VideoConsultationManager'.
_backup_feb9_clinic_planned_off/App.tsx(2912,8): error TS2367: This comparison appears to be unintentional because the types '"consultation-completed" | "follow-up" | "appointment-cancelled" | "appointment-restored" | "appointment-reminder" | "dashboard" | "landing" | "booking-patient-details" | ... 55 more ... | "clinic-dashboard"' and '"ai-rx-reader"' have no overlap.
_backup_feb9_clinic_planned_off/App.tsx(2913,10): error TS2304: Cannot find name 'AIRXReaderManager'.
_backup_feb9_clinic_planned_off/App.tsx(2932,30): error TS7006: Parameter 'doctorId' implicitly has an 'any' type.
_backup_feb9_clinic_planned_off/App.tsx(3001,40): error TS2345: Argument of type '"advertiser-gateway"' is not assignable to parameter of type 'SetStateAction<"consultation-completed" | "follow-up" | "appointment-cancelled" | "appointment-restored" | "appointment-reminder" | "dashboard" | "landing" | "booking-patient-details" | ... 55 more ... | "clinic-dashboard">'.
_backup_feb9_clinic_planned_off/App.tsx(3009,40): error TS2345: Argument of type '"advertiser-gateway"' is not assignable to parameter of type 'SetStateAction<"consultation-completed" | "follow-up" | "appointment-cancelled" | "appointment-restored" | "appointment-reminder" | "dashboard" | "landing" | "booking-patient-details" | ... 55 more ... | "clinic-dashboard">'.
_backup_feb9_clinic_planned_off/App.tsx(3015,8): error TS2367: This comparison appears to be unintentional because the types '"consultation-completed" | "follow-up" | "appointment-cancelled" | "appointment-restored" | "appointment-reminder" | "dashboard" | "landing" | "booking-patient-details" | ... 55 more ... | "clinic-dashboard"' and '"advertiser-gateway"' have no overlap.
_backup_feb9_clinic_planned_off/App.tsx(3037,9): error TS2322: Type '{ isOpen: boolean; onClose: () => void; patientName: string; userId: string | undefined; patientLanguage: "english" | "hindi" | "bengali"; newRXFiles: any[]; }' is not assignable to type 'IntrinsicAttributes'.
  Property 'isOpen' does not exist on type 'IntrinsicAttributes'.
_backup_feb9_clinic_planned_off/ClinicBookingFlow.tsx(1,31): error TS6133: 'useMemo' is declared but its value is never read.
_backup_feb9_clinic_planned_off/ClinicBookingFlow.tsx(2,31): error TS2307: Cannot find module './LanguageSelection' or its corresponding type declarations.
_backup_feb9_clinic_planned_off/ClinicBookingFlow.tsx(3,38): error TS2307: Cannot find module './ClinicBookingMiniWebsite' or its corresponding type declarations.
_backup_feb9_clinic_planned_off/ClinicBookingFlow.tsx(4,32): error TS2307: Cannot find module './ClinicDoctorSearch' or its corresponding type declarations.
_backup_feb9_clinic_planned_off/ClinicBookingFlow.tsx(6,27): error TS2307: Cannot find module './SelectChamber' or its corresponding type declarations.
_backup_feb9_clinic_planned_off/ClinicBookingFlow.tsx(7,32): error TS2307: Cannot find module './PatientDetailsForm' or its corresponding type declarations.
_backup_feb9_clinic_planned_off/ClinicBookingFlow.tsx(8,33): error TS2307: Cannot find module './BookingConfirmation' or its corresponding type declarations.
_backup_feb9_clinic_planned_off/ClinicBookingFlow.tsx(48,10): error TS6133: 'selectedChamberId' is declared but its value is never read.
_backup_feb9_clinic_planned_off/ClinicBookingFlow.tsx(192,26): error TS18048: 'doctorWithChambers.chambers' is possibly 'undefined'.
_backup_feb9_clinic_planned_off/ClinicBookingFlow.tsx(193,21): error TS18048: 'doctorWithChambers.chambers' is possibly 'undefined'.
_backup_feb9_clinic_planned_off/ClinicBookingFlow.tsx(443,11): error TS2322: Type '(date: string) => void' is not assignable to type '(date: Date) => void'.
  Types of parameters 'date' and 'date' are incompatible.
    Type 'Date' is not assignable to type 'string'.
_backup_feb9_clinic_planned_off/ClinicScheduleManager.tsx(3,34): error TS6133: 'setDoc' is declared but its value is never read.
_backup_feb9_clinic_planned_off/ClinicScheduleManager.tsx(4,22): error TS2307: Cannot find module './ui/card' or its corresponding type declarations.
_backup_feb9_clinic_planned_off/ClinicScheduleManager.tsx(5,24): error TS2307: Cannot find module './ui/button' or its corresponding type declarations.
_backup_feb9_clinic_planned_off/ClinicScheduleManager.tsx(6,23): error TS2307: Cannot find module './ui/input' or its corresponding type declarations.
_backup_feb9_clinic_planned_off/ClinicScheduleManager.tsx(7,23): error TS2307: Cannot find module './ui/label' or its corresponding type declarations.
_backup_feb9_clinic_planned_off/ClinicScheduleManager.tsx(8,24): error TS2307: Cannot find module './ui/switch' or its corresponding type declarations.
_backup_feb9_clinic_planned_off/ClinicScheduleManager.tsx(9,79): error TS2307: Cannot find module './ui/select' or its corresponding type declarations.
_backup_feb9_clinic_planned_off/ClinicScheduleManager.tsx(10,71): error TS6133: 'MapPin' is declared but its value is never read.
_backup_feb9_clinic_planned_off/ClinicScheduleManager.tsx(10,79): error TS6133: 'Users' is declared but its value is never read.
_backup_feb9_clinic_planned_off/ClinicScheduleManager.tsx(11,27): error TS2307: Cannot find module './ClinicSidebar' or its corresponding type declarations.
_backup_feb9_clinic_planned_off/ClinicScheduleManager.tsx(99,27): error TS18047: 'auth' is possibly 'null'.
_backup_feb9_clinic_planned_off/ClinicScheduleManager.tsx(107,31): error TS2769: No overload matches this call.
  Overload 1 of 3, '(firestore: Firestore, path: string, ...pathSegments: string[]): DocumentReference<DocumentData, DocumentData>', gave the following error.
    Argument of type 'Firestore | null' is not assignable to parameter of type 'Firestore'.
      Type 'null' is not assignable to type 'Firestore'.
  Overload 2 of 3, '(reference: CollectionReference<unknown, DocumentData>, path?: string | undefined, ...pathSegments: string[]): DocumentReference<unknown, DocumentData>', gave the following error.
    Argument of type 'Firestore | null' is not assignable to parameter of type 'CollectionReference<unknown, DocumentData>'.
      Type 'null' is not assignable to type 'CollectionReference<unknown, DocumentData>'.
  Overload 3 of 3, '(reference: DocumentReference<unknown, DocumentData>, path: string, ...pathSegments: string[]): DocumentReference<DocumentData, DocumentData>', gave the following error.
    Argument of type 'Firestore | null' is not assignable to parameter of type 'DocumentReference<unknown, DocumentData>'.
      Type 'null' is not assignable to type 'DocumentReference<unknown, DocumentData>'.
_backup_feb9_clinic_planned_off/ClinicScheduleManager.tsx(164,25): error TS18047: 'auth' is possibly 'null'.
_backup_feb9_clinic_planned_off/ClinicScheduleManager.tsx(168,29): error TS2769: No overload matches this call.
  Overload 1 of 3, '(firestore: Firestore, path: string, ...pathSegments: string[]): DocumentReference<DocumentData, DocumentData>', gave the following error.
    Argument of type 'Firestore | null' is not assignable to parameter of type 'Firestore'.
      Type 'null' is not assignable to type 'Firestore'.
  Overload 2 of 3, '(reference: CollectionReference<unknown, DocumentData>, path?: string | undefined, ...pathSegments: string[]): DocumentReference<unknown, DocumentData>', gave the following error.
    Argument of type 'Firestore | null' is not assignable to parameter of type 'CollectionReference<unknown, DocumentData>'.
      Type 'null' is not assignable to type 'CollectionReference<unknown, DocumentData>'.
  Overload 3 of 3, '(reference: DocumentReference<unknown, DocumentData>, path: string, ...pathSegments: string[]): DocumentReference<DocumentData, DocumentData>', gave the following error.
    Argument of type 'Firestore | null' is not assignable to parameter of type 'DocumentReference<unknown, DocumentData>'.
      Type 'null' is not assignable to type 'DocumentReference<unknown, DocumentData>'.
_backup_feb9_clinic_planned_off/ClinicScheduleManager.tsx(235,25): error TS18047: 'auth' is possibly 'null'.
_backup_feb9_clinic_planned_off/ClinicScheduleManager.tsx(258,31): error TS2769: No overload matches this call.
  Overload 1 of 3, '(firestore: Firestore, path: string, ...pathSegments: string[]): DocumentReference<DocumentData, DocumentData>', gave the following error.
    Argument of type 'Firestore | null' is not assignable to parameter of type 'Firestore'.
      Type 'null' is not assignable to type 'Firestore'.
  Overload 2 of 3, '(reference: CollectionReference<unknown, DocumentData>, path?: string | undefined, ...pathSegments: string[]): DocumentReference<unknown, DocumentData>', gave the following error.
    Argument of type 'Firestore | null' is not assignable to parameter of type 'CollectionReference<unknown, DocumentData>'.
      Type 'null' is not assignable to type 'CollectionReference<unknown, DocumentData>'.
  Overload 3 of 3, '(reference: DocumentReference<unknown, DocumentData>, path: string, ...pathSegments: string[]): DocumentReference<DocumentData, DocumentData>', gave the following error.
    Argument of type 'Firestore | null' is not assignable to parameter of type 'DocumentReference<unknown, DocumentData>'.
      Type 'null' is not assignable to type 'DocumentReference<unknown, DocumentData>'.
_backup_feb9_clinic_planned_off/ClinicScheduleManager.tsx(271,37): error TS2769: No overload matches this call.
  Overload 1 of 3, '(firestore: Firestore, path: string, ...pathSegments: string[]): DocumentReference<DocumentData, DocumentData>', gave the following error.
    Argument of type 'Firestore | null' is not assignable to parameter of type 'Firestore'.
      Type 'null' is not assignable to type 'Firestore'.
  Overload 2 of 3, '(reference: CollectionReference<unknown, DocumentData>, path?: string | undefined, ...pathSegments: string[]): DocumentReference<unknown, DocumentData>', gave the following error.
    Argument of type 'Firestore | null' is not assignable to parameter of type 'CollectionReference<unknown, DocumentData>'.
      Type 'null' is not assignable to type 'CollectionReference<unknown, DocumentData>'.
  Overload 3 of 3, '(reference: DocumentReference<unknown, DocumentData>, path: string, ...pathSegments: string[]): DocumentReference<DocumentData, DocumentData>', gave the following error.
    Argument of type 'Firestore | null' is not assignable to parameter of type 'DocumentReference<unknown, DocumentData>'.
      Type 'null' is not assignable to type 'DocumentReference<unknown, DocumentData>'.
_backup_feb9_clinic_planned_off/ClinicScheduleManager.tsx(308,31): error TS2769: No overload matches this call.
  Overload 1 of 3, '(firestore: Firestore, path: string, ...pathSegments: string[]): DocumentReference<DocumentData, DocumentData>', gave the following error.
    Argument of type 'Firestore | null' is not assignable to parameter of type 'Firestore'.
      Type 'null' is not assignable to type 'Firestore'.
  Overload 2 of 3, '(reference: CollectionReference<unknown, DocumentData>, path?: string | undefined, ...pathSegments: string[]): DocumentReference<unknown, DocumentData>', gave the following error.
    Argument of type 'Firestore | null' is not assignable to parameter of type 'CollectionReference<unknown, DocumentData>'.
      Type 'null' is not assignable to type 'CollectionReference<unknown, DocumentData>'.
  Overload 3 of 3, '(reference: DocumentReference<unknown, DocumentData>, path: string, ...pathSegments: string[]): DocumentReference<DocumentData, DocumentData>', gave the following error.
    Argument of type 'Firestore | null' is not assignable to parameter of type 'DocumentReference<unknown, DocumentData>'.
      Type 'null' is not assignable to type 'DocumentReference<unknown, DocumentData>'.
_backup_feb9_clinic_planned_off/ClinicScheduleManager.tsx(344,29): error TS2769: No overload matches this call.
  Overload 1 of 3, '(firestore: Firestore, path: string, ...pathSegments: string[]): DocumentReference<DocumentData, DocumentData>', gave the following error.
    Argument of type 'Firestore | null' is not assignable to parameter of type 'Firestore'.
      Type 'null' is not assignable to type 'Firestore'.
  Overload 2 of 3, '(reference: CollectionReference<unknown, DocumentData>, path?: string | undefined, ...pathSegments: string[]): DocumentReference<unknown, DocumentData>', gave the following error.
    Argument of type 'Firestore | null' is not assignable to parameter of type 'CollectionReference<unknown, DocumentData>'.
      Type 'null' is not assignable to type 'CollectionReference<unknown, DocumentData>'.
  Overload 3 of 3, '(reference: DocumentReference<unknown, DocumentData>, path: string, ...pathSegments: string[]): DocumentReference<DocumentData, DocumentData>', gave the following error.
    Argument of type 'Firestore | null' is not assignable to parameter of type 'DocumentReference<unknown, DocumentData>'.
      Type 'null' is not assignable to type 'DocumentReference<unknown, DocumentData>'.
_backup_feb9_clinic_planned_off/ClinicScheduleManager.tsx(420,27): error TS18047: 'auth' is possibly 'null'.
_backup_feb9_clinic_planned_off/ClinicScheduleManager.tsx(427,29): error TS2769: No overload matches this call.
  Overload 1 of 3, '(firestore: Firestore, path: string, ...pathSegments: string[]): DocumentReference<DocumentData, DocumentData>', gave the following error.
    Argument of type 'Firestore | null' is not assignable to parameter of type 'Firestore'.
      Type 'null' is not assignable to type 'Firestore'.
  Overload 2 of 3, '(reference: CollectionReference<unknown, DocumentData>, path?: string | undefined, ...pathSegments: string[]): DocumentReference<unknown, DocumentData>', gave the following error.
    Argument of type 'Firestore | null' is not assignable to parameter of type 'CollectionReference<unknown, DocumentData>'.
      Type 'null' is not assignable to type 'CollectionReference<unknown, DocumentData>'.
  Overload 3 of 3, '(reference: DocumentReference<unknown, DocumentData>, path: string, ...pathSegments: string[]): DocumentReference<DocumentData, DocumentData>', gave the following error.
    Argument of type 'Firestore | null' is not assignable to parameter of type 'DocumentReference<unknown, DocumentData>'.
      Type 'null' is not assignable to type 'DocumentReference<unknown, DocumentData>'.
_backup_feb9_clinic_planned_off/ClinicScheduleManager.tsx(614,29): error TS2769: No overload matches this call.
  Overload 1 of 3, '(firestore: Firestore, path: string, ...pathSegments: string[]): DocumentReference<DocumentData, DocumentData>', gave the following error.
    Argument of type 'Firestore | null' is not assignable to parameter of type 'Firestore'.
      Type 'null' is not assignable to type 'Firestore'.
  Overload 2 of 3, '(reference: CollectionReference<unknown, DocumentData>, path?: string | undefined, ...pathSegments: string[]): DocumentReference<unknown, DocumentData>', gave the following error.
    Argument of type 'Firestore | null' is not assignable to parameter of type 'CollectionReference<unknown, DocumentData>'.
      Type 'null' is not assignable to type 'CollectionReference<unknown, DocumentData>'.
  Overload 3 of 3, '(reference: DocumentReference<unknown, DocumentData>, path: string, ...pathSegments: string[]): DocumentReference<DocumentData, DocumentData>', gave the following error.
    Argument of type 'Firestore | null' is not assignable to parameter of type 'DocumentReference<unknown, DocumentData>'.
      Type 'null' is not assignable to type 'DocumentReference<unknown, DocumentData>'.
_backup_feb9_clinic_planned_off/ClinicScheduleManager.tsx(692,27): error TS18047: 'auth' is possibly 'null'.
_backup_feb9_clinic_planned_off/ClinicScheduleManager.tsx(698,29): error TS2769: No overload matches this call.
  Overload 1 of 3, '(firestore: Firestore, path: string, ...pathSegments: string[]): DocumentReference<DocumentData, DocumentData>', gave the following error.
    Argument of type 'Firestore | null' is not assignable to parameter of type 'Firestore'.
      Type 'null' is not assignable to type 'Firestore'.
  Overload 2 of 3, '(reference: CollectionReference<unknown, DocumentData>, path?: string | undefined, ...pathSegments: string[]): DocumentReference<unknown, DocumentData>', gave the following error.
    Argument of type 'Firestore | null' is not assignable to parameter of type 'CollectionReference<unknown, DocumentData>'.
      Type 'null' is not assignable to type 'CollectionReference<unknown, DocumentData>'.
  Overload 3 of 3, '(reference: DocumentReference<unknown, DocumentData>, path: string, ...pathSegments: string[]): DocumentReference<DocumentData, DocumentData>', gave the following error.
    Argument of type 'Firestore | null' is not assignable to parameter of type 'DocumentReference<unknown, DocumentData>'.
      Type 'null' is not assignable to type 'DocumentReference<unknown, DocumentData>'.
_backup_feb9_clinic_planned_off/ClinicScheduleManager.tsx(753,24): error TS7006: Parameter 'menu' implicitly has an 'any' type.
_backup_feb9_clinic_planned_off/ClinicScheduleManager.tsx(762,13): error TS18047: 'auth' is possibly 'null'.
_backup_feb9_clinic_planned_off/ClinicScheduleManager.tsx(1008,52): error TS7006: Parameter 'e' implicitly has an 'any' type.
_backup_feb9_clinic_planned_off/ClinicScheduleManager.tsx(1026,52): error TS7006: Parameter 'e' implicitly has an 'any' type.
_backup_feb9_clinic_planned_off/ClinicScheduleManager.tsx(1118,44): error TS7006: Parameter 'e' implicitly has an 'any' type.
_backup_feb9_clinic_planned_off/ClinicScheduleManager.tsx(1208,44): error TS7006: Parameter 'e' implicitly has an 'any' type.
_backup_feb9_clinic_planned_off/ClinicScheduleManager.tsx(1236,44): error TS7006: Parameter 'e' implicitly has an 'any' type.
_backup_feb9_clinic_planned_off/ClinicScheduleManager.tsx(1261,44): error TS7006: Parameter 'e' implicitly has an 'any' type.
_backup_feb9_clinic_planned_off/ClinicScheduleManager.tsx(1274,44): error TS7006: Parameter 'e' implicitly has an 'any' type.
_backup_feb9_clinic_planned_off/ClinicScheduleManager.tsx(1294,46): error TS7006: Parameter 'e' implicitly has an 'any' type.
_backup_feb9_clinic_planned_off/ClinicScheduleManager.tsx(1309,46): error TS7006: Parameter 'e' implicitly has an 'any' type.
_backup_feb9_clinic_planned_off/ClinicScheduleManager.tsx(1553,57): error TS2339: Property 'toDate' does not exist on type 'Date'.
_backup_feb9_clinic_planned_off/ClinicScheduleManager.tsx(1553,83): error TS2339: Property 'toDate' does not exist on type 'Date'.
_backup_feb9_clinic_planned_off/ClinicScheduleManager.tsx(1563,55): error TS2769: No overload matches this call.
  Overload 1 of 3, '(firestore: Firestore, path: string, ...pathSegments: string[]): DocumentReference<DocumentData, DocumentData>', gave the following error.
    Argument of type 'Firestore | null' is not assignable to parameter of type 'Firestore'.
      Type 'null' is not assignable to type 'Firestore'.
  Overload 2 of 3, '(reference: CollectionReference<unknown, DocumentData>, path?: string | undefined, ...pathSegments: string[]): DocumentReference<unknown, DocumentData>', gave the following error.
    Argument of type 'Firestore | null' is not assignable to parameter of type 'CollectionReference<unknown, DocumentData>'.
      Type 'null' is not assignable to type 'CollectionReference<unknown, DocumentData>'.
  Overload 3 of 3, '(reference: DocumentReference<unknown, DocumentData>, path: string, ...pathSegments: string[]): DocumentReference<DocumentData, DocumentData>', gave the following error.
    Argument of type 'Firestore | null' is not assignable to parameter of type 'DocumentReference<unknown, DocumentData>'.
      Type 'null' is not assignable to type 'DocumentReference<unknown, DocumentData>'.
_backup_feb9_clinic_planned_off/ClinicScheduleManager.tsx(1597,55): error TS2769: No overload matches this call.
  Overload 1 of 3, '(firestore: Firestore, path: string, ...pathSegments: string[]): DocumentReference<DocumentData, DocumentData>', gave the following error.
    Argument of type 'Firestore | null' is not assignable to parameter of type 'Firestore'.
      Type 'null' is not assignable to type 'Firestore'.
  Overload 2 of 3, '(reference: CollectionReference<unknown, DocumentData>, path?: string | undefined, ...pathSegments: string[]): DocumentReference<unknown, DocumentData>', gave the following error.
    Argument of type 'Firestore | null' is not assignable to parameter of type 'CollectionReference<unknown, DocumentData>'.
      Type 'null' is not assignable to type 'CollectionReference<unknown, DocumentData>'.
  Overload 3 of 3, '(reference: DocumentReference<unknown, DocumentData>, path: string, ...pathSegments: string[]): DocumentReference<DocumentData, DocumentData>', gave the following error.
    Argument of type 'Firestore | null' is not assignable to parameter of type 'DocumentReference<unknown, DocumentData>'.
      Type 'null' is not assignable to type 'DocumentReference<unknown, DocumentData>'.
_backup_feb9_clinic_planned_off/SelectDate.tsx(1,24): error TS2307: Cannot find module './ui/button' or its corresponding type declarations.
_backup_feb9_clinic_planned_off/SelectDate.tsx(2,1): error TS6192: All imports in import declaration are unused.
_backup_feb9_clinic_planned_off/SelectDate.tsx(2,53): error TS2307: Cannot find module './ui/avatar' or its corresponding type declarations.
_backup_feb9_clinic_planned_off/SelectDate.tsx(3,37): error TS6133: 'Lightbulb' is declared but its value is never read.
_backup_feb9_clinic_planned_off/SelectDate.tsx(6,29): error TS2307: Cannot find module './TemplateDisplay' or its corresponding type declarations.
_backup_feb9_clinic_planned_off/SelectDate.tsx(7,31): error TS2307: Cannot find module './BookingFlowLayout' or its corresponding type declarations.
_backup_feb9_clinic_planned_off/SelectDate.tsx(149,36): error TS2339: Property 'toDate' does not exist on type 'never'.
_backup_feb9_clinic_planned_off/SelectDate.tsx(151,38): error TS2339: Property 'toDate' does not exist on type 'never'.
_backup_feb9_clinic_planned_off/SelectDate.tsx(160,34): error TS2339: Property 'toDate' does not exist on type 'never'.
_backup_feb9_clinic_planned_off/SelectDate.tsx(161,34): error TS2339: Property 'toDate' does not exist on type 'never'.
AIDietChartManager_old.tsx(27,58): error TS2307: Cannot find module './ui/card' or its corresponding type declarations.
AIDietChartManager_old.tsx(28,24): error TS2307: Cannot find module './ui/button' or its corresponding type declarations.
AIDietChartManager_old.tsx(29,23): error TS2307: Cannot find module './ui/badge' or its corresponding type declarations.
AIDietChartManager_old.tsx(31,30): error TS2307: Cannot find module './DashboardSidebar' or its corresponding type declarations.
App.bak.tsx(5,86): error TS6133: 'addDoc' is declared but its value is never read.
App.bak.tsx(102,7): error TS6133: 'generateBookingId' is declared but its value is never read.
App.bak.tsx(110,7): error TS6133: 'generateSerialNo' is declared but its value is never read.
App.bak.tsx(235,10): error TS6133: 'isMobileSidebarOpen' is declared but its value is never read.
App.bak.tsx(235,31): error TS6133: 'setIsMobileSidebarOpen' is declared but its value is never read.
App.bak.tsx(382,10): error TS6133: 'bookingConfirmed' is declared but its value is never read.
App.bak.tsx(403,20): error TS6133: 'setChambers' is declared but its value is never read.
App.bak.tsx(448,20): error TS6133: 'setClinicId' is declared but its value is never read.
App.bak.tsx(449,25): error TS6133: 'setClinicAddress' is declared but its value is never read.
App.bak.tsx(532,11): error TS6133: 'fullUrl' is declared but its value is never read.
App.bak.tsx(643,13): error TS6133: 'doctorPhoto' is declared but its value is never read.
App.bak.tsx(711,9): error TS2353: Object literal may only specify known properties, and 'serialNumber' does not exist in type '{ bookingId?: string | undefined; patientName: string; doctorName: string; date: string; time: string; message?: string | undefined; specialization?: string | undefined; doctorInitials?: string | undefined; ... 4 more ...; language?: string | undefined; } | ((prevState: { ...; } | null) => { ...; } | null)'.
App.bak.tsx(756,9): error TS2353: Object literal may only specify known properties, and 'serialNumber' does not exist in type '{ bookingId?: string | undefined; patientName: string; doctorName: string; date: string; time: string; message?: string | undefined; specialization?: string | undefined; doctorInitials?: string | undefined; ... 4 more ...; language?: string | undefined; } | ((prevState: { ...; } | null) => { ...; } | null)'.
App.bak.tsx(1667,24): error TS6133: 'data' is declared but its value is never read.
App.bak.tsx(1696,9): error TS6133: 'handleAddOnToggle' is declared but its value is never read.
App.bak.tsx(1718,21): error TS2345: Argument of type 'string | undefined' is not assignable to parameter of type 'SetStateAction<string | null>'.
  Type 'undefined' is not assignable to type 'SetStateAction<string | null>'.
App.bak.tsx(1735,9): error TS6133: 'handleBookingConfirmation' is declared but its value is never read.
App.bak.tsx(1757,20): error TS18047: 'auth' is possibly 'null'.
App.bak.tsx(1762,35): error TS2769: No overload matches this call.
  Overload 1 of 3, '(firestore: Firestore, path: string, ...pathSegments: string[]): DocumentReference<DocumentData, DocumentData>', gave the following error.
    Argument of type 'Firestore | null' is not assignable to parameter of type 'Firestore'.
      Type 'null' is not assignable to type 'Firestore'.
  Overload 2 of 3, '(reference: CollectionReference<unknown, DocumentData>, path?: string | undefined, ...pathSegments: string[]): DocumentReference<unknown, DocumentData>', gave the following error.
    Argument of type 'Firestore | null' is not assignable to parameter of type 'CollectionReference<unknown, DocumentData>'.
      Type 'null' is not assignable to type 'CollectionReference<unknown, DocumentData>'.
  Overload 3 of 3, '(reference: DocumentReference<unknown, DocumentData>, path: string, ...pathSegments: string[]): DocumentReference<DocumentData, DocumentData>', gave the following error.
    Argument of type 'Firestore | null' is not assignable to parameter of type 'DocumentReference<unknown, DocumentData>'.
      Type 'null' is not assignable to type 'DocumentReference<unknown, DocumentData>'.
App.bak.tsx(1772,31): error TS2769: No overload matches this call.
  Overload 1 of 3, '(firestore: Firestore, path: string, ...pathSegments: string[]): DocumentReference<DocumentData, DocumentData>', gave the following error.
    Argument of type 'Firestore | null' is not assignable to parameter of type 'Firestore'.
      Type 'null' is not assignable to type 'Firestore'.
  Overload 2 of 3, '(reference: CollectionReference<unknown, DocumentData>, path?: string | undefined, ...pathSegments: string[]): DocumentReference<unknown, DocumentData>', gave the following error.
    Argument of type 'Firestore | null' is not assignable to parameter of type 'CollectionReference<unknown, DocumentData>'.
      Type 'null' is not assignable to type 'CollectionReference<unknown, DocumentData>'.
  Overload 3 of 3, '(reference: DocumentReference<unknown, DocumentData>, path: string, ...pathSegments: string[]): DocumentReference<DocumentData, DocumentData>', gave the following error.
    Argument of type 'Firestore | null' is not assignable to parameter of type 'DocumentReference<unknown, DocumentData>'.
      Type 'null' is not assignable to type 'DocumentReference<unknown, DocumentData>'.
App.bak.tsx(1793,20): error TS18047: 'auth' is possibly 'null'.
App.bak.tsx(1795,31): error TS2769: No overload matches this call.
  Overload 1 of 3, '(firestore: Firestore, path: string, ...pathSegments: string[]): DocumentReference<DocumentData, DocumentData>', gave the following error.
    Argument of type 'Firestore | null' is not assignable to parameter of type 'Firestore'.
      Type 'null' is not assignable to type 'Firestore'.
  Overload 2 of 3, '(reference: CollectionReference<unknown, DocumentData>, path?: string | undefined, ...pathSegments: string[]): DocumentReference<unknown, DocumentData>', gave the following error.
    Argument of type 'Firestore | null' is not assignable to parameter of type 'CollectionReference<unknown, DocumentData>'.
      Type 'null' is not assignable to type 'CollectionReference<unknown, DocumentData>'.
  Overload 3 of 3, '(reference: DocumentReference<unknown, DocumentData>, path: string, ...pathSegments: string[]): DocumentReference<DocumentData, DocumentData>', gave the following error.
    Argument of type 'Firestore | null' is not assignable to parameter of type 'DocumentReference<unknown, DocumentData>'.
      Type 'null' is not assignable to type 'DocumentReference<unknown, DocumentData>'.
App.bak.tsx(1841,22): error TS18047: 'auth' is possibly 'null'.
App.bak.tsx(1843,33): error TS2769: No overload matches this call.
  Overload 1 of 3, '(firestore: Firestore, path: string, ...pathSegments: string[]): DocumentReference<DocumentData, DocumentData>', gave the following error.
    Argument of type 'Firestore | null' is not assignable to parameter of type 'Firestore'.
      Type 'null' is not assignable to type 'Firestore'.
  Overload 2 of 3, '(reference: CollectionReference<unknown, DocumentData>, path?: string | undefined, ...pathSegments: string[]): DocumentReference<unknown, DocumentData>', gave the following error.
    Argument of type 'Firestore | null' is not assignable to parameter of type 'CollectionReference<unknown, DocumentData>'.
      Type 'null' is not assignable to type 'CollectionReference<unknown, DocumentData>'.
  Overload 3 of 3, '(reference: DocumentReference<unknown, DocumentData>, path: string, ...pathSegments: string[]): DocumentReference<DocumentData, DocumentData>', gave the following error.
    Argument of type 'Firestore | null' is not assignable to parameter of type 'DocumentReference<unknown, DocumentData>'.
      Type 'null' is not assignable to type 'DocumentReference<unknown, DocumentData>'.
App.bak.tsx(1850,35): error TS2769: No overload matches this call.
  Overload 1 of 3, '(firestore: Firestore, path: string, ...pathSegments: string[]): DocumentReference<DocumentData, DocumentData>', gave the following error.
    Argument of type 'Firestore | null' is not assignable to parameter of type 'Firestore'.
      Type 'null' is not assignable to type 'Firestore'.
  Overload 2 of 3, '(reference: CollectionReference<unknown, DocumentData>, path?: string | undefined, ...pathSegments: string[]): DocumentReference<unknown, DocumentData>', gave the following error.
    Argument of type 'Firestore | null' is not assignable to parameter of type 'CollectionReference<unknown, DocumentData>'.
      Type 'null' is not assignable to type 'CollectionReference<unknown, DocumentData>'.
  Overload 3 of 3, '(reference: DocumentReference<unknown, DocumentData>, path: string, ...pathSegments: string[]): DocumentReference<DocumentData, DocumentData>', gave the following error.
    Argument of type 'Firestore | null' is not assignable to parameter of type 'DocumentReference<unknown, DocumentData>'.
      Type 'null' is not assignable to type 'DocumentReference<unknown, DocumentData>'.
App.bak.tsx(1866,22): error TS18047: 'auth' is possibly 'null'.
App.bak.tsx(1870,33): error TS2769: No overload matches this call.
  Overload 1 of 3, '(firestore: Firestore, path: string, ...pathSegments: string[]): DocumentReference<DocumentData, DocumentData>', gave the following error.
    Argument of type 'Firestore | null' is not assignable to parameter of type 'Firestore'.
      Type 'null' is not assignable to type 'Firestore'.
  Overload 2 of 3, '(reference: CollectionReference<unknown, DocumentData>, path?: string | undefined, ...pathSegments: string[]): DocumentReference<unknown, DocumentData>', gave the following error.
    Argument of type 'Firestore | null' is not assignable to parameter of type 'CollectionReference<unknown, DocumentData>'.
      Type 'null' is not assignable to type 'CollectionReference<unknown, DocumentData>'.
  Overload 3 of 3, '(reference: DocumentReference<unknown, DocumentData>, path: string, ...pathSegments: string[]): DocumentReference<DocumentData, DocumentData>', gave the following error.
    Argument of type 'Firestore | null' is not assignable to parameter of type 'DocumentReference<unknown, DocumentData>'.
      Type 'null' is not assignable to type 'DocumentReference<unknown, DocumentData>'.
App.bak.tsx(1873,33): error TS2769: No overload matches this call.
  Overload 1 of 3, '(firestore: Firestore, path: string, ...pathSegments: string[]): DocumentReference<DocumentData, DocumentData>', gave the following error.
    Argument of type 'Firestore | null' is not assignable to parameter of type 'Firestore'.
      Type 'null' is not assignable to type 'Firestore'.
  Overload 2 of 3, '(reference: CollectionReference<unknown, DocumentData>, path?: string | undefined, ...pathSegments: string[]): DocumentReference<unknown, DocumentData>', gave the following error.
    Argument of type 'Firestore | null' is not assignable to parameter of type 'CollectionReference<unknown, DocumentData>'.
      Type 'null' is not assignable to type 'CollectionReference<unknown, DocumentData>'.
  Overload 3 of 3, '(reference: DocumentReference<unknown, DocumentData>, path: string, ...pathSegments: string[]): DocumentReference<DocumentData, DocumentData>', gave the following error.
    Argument of type 'Firestore | null' is not assignable to parameter of type 'DocumentReference<unknown, DocumentData>'.
      Type 'null' is not assignable to type 'DocumentReference<unknown, DocumentData>'.
App.bak.tsx(1890,22): error TS18047: 'auth' is possibly 'null'.
App.bak.tsx(1892,33): error TS2769: No overload matches this call.
  Overload 1 of 3, '(firestore: Firestore, path: string, ...pathSegments: string[]): DocumentReference<DocumentData, DocumentData>', gave the following error.
    Argument of type 'Firestore | null' is not assignable to parameter of type 'Firestore'.
      Type 'null' is not assignable to type 'Firestore'.
  Overload 2 of 3, '(reference: CollectionReference<unknown, DocumentData>, path?: string | undefined, ...pathSegments: string[]): DocumentReference<unknown, DocumentData>', gave the following error.
    Argument of type 'Firestore | null' is not assignable to parameter of type 'CollectionReference<unknown, DocumentData>'.
      Type 'null' is not assignable to type 'CollectionReference<unknown, DocumentData>'.
  Overload 3 of 3, '(reference: DocumentReference<unknown, DocumentData>, path: string, ...pathSegments: string[]): DocumentReference<DocumentData, DocumentData>', gave the following error.
    Argument of type 'Firestore | null' is not assignable to parameter of type 'DocumentReference<unknown, DocumentData>'.
      Type 'null' is not assignable to type 'DocumentReference<unknown, DocumentData>'.
App.bak.tsx(1915,30): error TS18047: 'auth' is possibly 'null'.
App.bak.tsx(1920,35): error TS2769: No overload matches this call.
  Overload 1 of 3, '(firestore: Firestore, path: string, ...pathSegments: string[]): CollectionReference<DocumentData, DocumentData>', gave the following error.
    Argument of type 'Firestore | null' is not assignable to parameter of type 'Firestore'.
      Type 'null' is not assignable to type 'Firestore'.
  Overload 2 of 3, '(reference: CollectionReference<unknown, DocumentData>, path: string, ...pathSegments: string[]): CollectionReference<DocumentData, DocumentData>', gave the following error.
    Argument of type 'Firestore | null' is not assignable to parameter of type 'CollectionReference<unknown, DocumentData>'.
      Type 'null' is not assignable to type 'CollectionReference<unknown, DocumentData>'.
  Overload 3 of 3, '(reference: DocumentReference<unknown, DocumentData>, path: string, ...pathSegments: string[]): CollectionReference<DocumentData, DocumentData>', gave the following error.
    Argument of type 'Firestore | null' is not assignable to parameter of type 'DocumentReference<unknown, DocumentData>'.
      Type 'null' is not assignable to type 'DocumentReference<unknown, DocumentData>'.
App.bak.tsx(1934,31): error TS2769: No overload matches this call.
  Overload 1 of 3, '(firestore: Firestore, path: string, ...pathSegments: string[]): DocumentReference<DocumentData, DocumentData>', gave the following error.
    Argument of type 'Firestore | null' is not assignable to parameter of type 'Firestore'.
      Type 'null' is not assignable to type 'Firestore'.
  Overload 2 of 3, '(reference: CollectionReference<unknown, DocumentData>, path?: string | undefined, ...pathSegments: string[]): DocumentReference<unknown, DocumentData>', gave the following error.
    Argument of type 'Firestore | null' is not assignable to parameter of type 'CollectionReference<unknown, DocumentData>'.
      Type 'null' is not assignable to type 'CollectionReference<unknown, DocumentData>'.
  Overload 3 of 3, '(reference: DocumentReference<unknown, DocumentData>, path: string, ...pathSegments: string[]): DocumentReference<DocumentData, DocumentData>', gave the following error.
    Argument of type 'Firestore | null' is not assignable to parameter of type 'DocumentReference<unknown, DocumentData>'.
      Type 'null' is not assignable to type 'DocumentReference<unknown, DocumentData>'.
App.bak.tsx(1967,9): error TS18047: 'auth' is possibly 'null'.
App.bak.tsx(1986,9): error TS6133: 'handlePatientChatOpen' is declared but its value is never read.
App.bak.tsx(1991,9): error TS6133: 'resetBookingFlow' is declared but its value is never read.
App.bak.tsx(2019,11): error TS6133: 'isBookingLimitReached' is declared but its value is never read.
App.bak.tsx(2023,11): error TS6133: 'isDateExpired' is declared but its value is never read.
App.bak.tsx(2291,13): error TS2561: Object literal may only specify known properties, but 'specialities' does not exist in type '{ image: string | null; name: string; degrees: string[]; specialties: string[]; language?: "english" | "hindi" | "bengali" | undefined; linkedClinicCodes?: string[] | undefined; linkedClinics?: { ...; }[] | undefined; landmark?: string | undefined; }'. Did you mean to write 'specialties'?
App.bak.tsx(2306,41): error TS2551: Property 'specialities' does not exist on type '{ image: string | null; name: string; degrees: string[]; specialties: string[]; language?: "english" | "hindi" | "bengali" | "tamil" | "telugu" | "marathi" | "gujarati" | "kannada" | "malayalam" | "punjabi" | "assamese" | undefined; }'. Did you mean 'specialties'?
App.bak.tsx(2370,11): error TS2322: Type 'Language' is not assignable to type '"english" | "hindi" | "bengali" | undefined'.
  Type '"tamil"' is not assignable to type '"english" | "hindi" | "bengali" | undefined'.
App.bak.tsx(2384,11): error TS2322: Type '{ doctorName: string; email: string; onLogout: () => Promise<void>; onMenuChange: (menu: string) => void; onBack: () => void; patientId: string; activeAddOns: string[]; }' is not assignable to type 'IntrinsicAttributes & PatientDetailsProps'.
  Property 'doctorName' does not exist on type 'IntrinsicAttributes & PatientDetailsProps'.
App.bak.tsx(2411,11): error TS2322: Type '{ doctorName: string; email: string; onLogout: () => Promise<void>; onMenuChange: (menu: string) => void; activeAddOns: string[]; }' is not assignable to type 'IntrinsicAttributes & AnalyticsProps'.
  Property 'doctorName' does not exist on type 'IntrinsicAttributes & AnalyticsProps'.
App.bak.tsx(2421,11): error TS2322: Type '{ doctorName: string; email: string; onLogout: () => Promise<void>; onMenuChange: (menu: string) => void; activeAddOns: string[]; }' is not assignable to type 'IntrinsicAttributes & ReportProps'.
  Property 'doctorName' does not exist on type 'IntrinsicAttributes & ReportProps'.
App.bak.tsx(2431,11): error TS2322: Type '{ doctorName: string; email: string; onLogout: () => Promise<void>; onMenuChange: (menu: string) => void; activeAddOns: string[]; }' is not assignable to type 'IntrinsicAttributes & TemplateUploaderProps'.
  Property 'doctorName' does not exist on type 'IntrinsicAttributes & TemplateUploaderProps'.
App.bak.tsx(2455,11): error TS2322: Type '{ doctorName: string; email: string; onLogout: () => Promise<void>; onMenuChange: (menu: string) => void; activeAddOns: string[]; }' is not assignable to type 'IntrinsicAttributes'.
  Property 'doctorName' does not exist on type 'IntrinsicAttributes'.
App.bak.tsx(2566,13): error TS2322: Type '{ id: number; chamberName: string; chamberAddress: string; isActive?: boolean | undefined; clinicId?: string | undefined; clinicName?: string | undefined; frequency?: string | undefined; ... 5 more ...; blockedDates?: { ...; }[] | undefined; }[]' is not assignable to type 'Chamber[]'.
  Type '{ id: number; chamberName: string; chamberAddress: string; isActive?: boolean | undefined; clinicId?: string | undefined; clinicName?: string | undefined; frequency?: string | undefined; ... 5 more ...; blockedDates?: { ...; }[] | undefined; }' is not assignable to type 'Chamber'.
    Types of property 'startTime' are incompatible.
      Type 'string | undefined' is not assignable to type 'string'.
        Type 'undefined' is not assignable to type 'string'.
App.bak.tsx(2707,36): error TS2339: Property 'serialNumber' does not exist on type '{ bookingId?: string | undefined; patientName: string; doctorName: string; date: string; time: string; message?: string | undefined; specialization?: string | undefined; doctorInitials?: string | undefined; ... 4 more ...; language?: string | undefined; }'.
App.bak.tsx(2708,34): error TS2339: Property 'clinicName' does not exist on type '{ bookingId?: string | undefined; patientName: string; doctorName: string; date: string; time: string; message?: string | undefined; specialization?: string | undefined; doctorInitials?: string | undefined; ... 4 more ...; language?: string | undefined; }'.
App.bak.tsx(2737,39): error TS2339: Property 'serialNumber' does not exist on type '{ bookingId?: string | undefined; patientName: string; doctorName: string; date: string; time: string; message?: string | undefined; specialization?: string | undefined; doctorInitials?: string | undefined; ... 4 more ...; language?: string | undefined; }'.
App.bak.tsx(2738,39): error TS2339: Property 'clinicName' does not exist on type '{ bookingId?: string | undefined; patientName: string; doctorName: string; date: string; time: string; message?: string | undefined; specialization?: string | undefined; doctorInitials?: string | undefined; ... 4 more ...; language?: string | undefined; }'.
App.tsx(5,86): error TS6133: 'addDoc' is declared but its value is never read.
App.tsx(111,7): error TS6133: 'generateBookingId' is declared but its value is never read.
App.tsx(119,7): error TS6133: 'generateSerialNo' is declared but its value is never read.
App.tsx(259,10): error TS6133: 'isMobileSidebarOpen' is declared but its value is never read.
App.tsx(259,31): error TS6133: 'setIsMobileSidebarOpen' is declared but its value is never read.
App.tsx(261,25): error TS6133: 'setIsBookingMode' is declared but its value is never read.
App.tsx(423,10): error TS6133: 'bookingConfirmed' is declared but its value is never read.
App.tsx(444,20): error TS6133: 'setChambers' is declared but its value is never read.
App.tsx(489,20): error TS6133: 'setClinicId' is declared but its value is never read.
App.tsx(490,25): error TS6133: 'setClinicAddress' is declared but its value is never read.
App.tsx(728,13): error TS6133: 'doctorPhoto' is declared but its value is never read.
App.tsx(1816,24): error TS6133: 'data' is declared but its value is never read.
App.tsx(1845,9): error TS6133: 'handleAddOnToggle' is declared but its value is never read.
App.tsx(1867,21): error TS2345: Argument of type 'string | undefined' is not assignable to parameter of type 'SetStateAction<string | null>'.
  Type 'undefined' is not assignable to type 'SetStateAction<string | null>'.
App.tsx(1884,9): error TS6133: 'handleBookingConfirmation' is declared but its value is never read.
App.tsx(1906,20): error TS18047: 'auth' is possibly 'null'.
App.tsx(1911,35): error TS2769: No overload matches this call.
  Overload 1 of 3, '(firestore: Firestore, path: string, ...pathSegments: string[]): DocumentReference<DocumentData, DocumentData>', gave the following error.
    Argument of type 'Firestore | null' is not assignable to parameter of type 'Firestore'.
      Type 'null' is not assignable to type 'Firestore'.
  Overload 2 of 3, '(reference: CollectionReference<unknown, DocumentData>, path?: string | undefined, ...pathSegments: string[]): DocumentReference<unknown, DocumentData>', gave the following error.
    Argument of type 'Firestore | null' is not assignable to parameter of type 'CollectionReference<unknown, DocumentData>'.
      Type 'null' is not assignable to type 'CollectionReference<unknown, DocumentData>'.
  Overload 3 of 3, '(reference: DocumentReference<unknown, DocumentData>, path: string, ...pathSegments: string[]): DocumentReference<DocumentData, DocumentData>', gave the following error.
    Argument of type 'Firestore | null' is not assignable to parameter of type 'DocumentReference<unknown, DocumentData>'.
      Type 'null' is not assignable to type 'DocumentReference<unknown, DocumentData>'.
App.tsx(1921,31): error TS2769: No overload matches this call.
  Overload 1 of 3, '(firestore: Firestore, path: string, ...pathSegments: string[]): DocumentReference<DocumentData, DocumentData>', gave the following error.
    Argument of type 'Firestore | null' is not assignable to parameter of type 'Firestore'.
      Type 'null' is not assignable to type 'Firestore'.
  Overload 2 of 3, '(reference: CollectionReference<unknown, DocumentData>, path?: string | undefined, ...pathSegments: string[]): DocumentReference<unknown, DocumentData>', gave the following error.
    Argument of type 'Firestore | null' is not assignable to parameter of type 'CollectionReference<unknown, DocumentData>'.
      Type 'null' is not assignable to type 'CollectionReference<unknown, DocumentData>'.
  Overload 3 of 3, '(reference: DocumentReference<unknown, DocumentData>, path: string, ...pathSegments: string[]): DocumentReference<DocumentData, DocumentData>', gave the following error.
    Argument of type 'Firestore | null' is not assignable to parameter of type 'DocumentReference<unknown, DocumentData>'.
      Type 'null' is not assignable to type 'DocumentReference<unknown, DocumentData>'.
App.tsx(1942,20): error TS18047: 'auth' is possibly 'null'.
App.tsx(1944,31): error TS2769: No overload matches this call.
  Overload 1 of 3, '(firestore: Firestore, path: string, ...pathSegments: string[]): DocumentReference<DocumentData, DocumentData>', gave the following error.
    Argument of type 'Firestore | null' is not assignable to parameter of type 'Firestore'.
      Type 'null' is not assignable to type 'Firestore'.
  Overload 2 of 3, '(reference: CollectionReference<unknown, DocumentData>, path?: string | undefined, ...pathSegments: string[]): DocumentReference<unknown, DocumentData>', gave the following error.
    Argument of type 'Firestore | null' is not assignable to parameter of type 'CollectionReference<unknown, DocumentData>'.
      Type 'null' is not assignable to type 'CollectionReference<unknown, DocumentData>'.
  Overload 3 of 3, '(reference: DocumentReference<unknown, DocumentData>, path: string, ...pathSegments: string[]): DocumentReference<DocumentData, DocumentData>', gave the following error.
    Argument of type 'Firestore | null' is not assignable to parameter of type 'DocumentReference<unknown, DocumentData>'.
      Type 'null' is not assignable to type 'DocumentReference<unknown, DocumentData>'.
App.tsx(1990,22): error TS18047: 'auth' is possibly 'null'.
App.tsx(1992,33): error TS2769: No overload matches this call.
  Overload 1 of 3, '(firestore: Firestore, path: string, ...pathSegments: string[]): DocumentReference<DocumentData, DocumentData>', gave the following error.
    Argument of type 'Firestore | null' is not assignable to parameter of type 'Firestore'.
      Type 'null' is not assignable to type 'Firestore'.
  Overload 2 of 3, '(reference: CollectionReference<unknown, DocumentData>, path?: string | undefined, ...pathSegments: string[]): DocumentReference<unknown, DocumentData>', gave the following error.
    Argument of type 'Firestore | null' is not assignable to parameter of type 'CollectionReference<unknown, DocumentData>'.
      Type 'null' is not assignable to type 'CollectionReference<unknown, DocumentData>'.
  Overload 3 of 3, '(reference: DocumentReference<unknown, DocumentData>, path: string, ...pathSegments: string[]): DocumentReference<DocumentData, DocumentData>', gave the following error.
    Argument of type 'Firestore | null' is not assignable to parameter of type 'DocumentReference<unknown, DocumentData>'.
      Type 'null' is not assignable to type 'DocumentReference<unknown, DocumentData>'.
App.tsx(1999,35): error TS2769: No overload matches this call.
  Overload 1 of 3, '(firestore: Firestore, path: string, ...pathSegments: string[]): DocumentReference<DocumentData, DocumentData>', gave the following error.
    Argument of type 'Firestore | null' is not assignable to parameter of type 'Firestore'.
      Type 'null' is not assignable to type 'Firestore'.
  Overload 2 of 3, '(reference: CollectionReference<unknown, DocumentData>, path?: string | undefined, ...pathSegments: string[]): DocumentReference<unknown, DocumentData>', gave the following error.
    Argument of type 'Firestore | null' is not assignable to parameter of type 'CollectionReference<unknown, DocumentData>'.
      Type 'null' is not assignable to type 'CollectionReference<unknown, DocumentData>'.
  Overload 3 of 3, '(reference: DocumentReference<unknown, DocumentData>, path: string, ...pathSegments: string[]): DocumentReference<DocumentData, DocumentData>', gave the following error.
    Argument of type 'Firestore | null' is not assignable to parameter of type 'DocumentReference<unknown, DocumentData>'.
      Type 'null' is not assignable to type 'DocumentReference<unknown, DocumentData>'.
App.tsx(2015,22): error TS18047: 'auth' is possibly 'null'.
App.tsx(2019,33): error TS2769: No overload matches this call.
  Overload 1 of 3, '(firestore: Firestore, path: string, ...pathSegments: string[]): DocumentReference<DocumentData, DocumentData>', gave the following error.
    Argument of type 'Firestore | null' is not assignable to parameter of type 'Firestore'.
      Type 'null' is not assignable to type 'Firestore'.
  Overload 2 of 3, '(reference: CollectionReference<unknown, DocumentData>, path?: string | undefined, ...pathSegments: string[]): DocumentReference<unknown, DocumentData>', gave the following error.
    Argument of type 'Firestore | null' is not assignable to parameter of type 'CollectionReference<unknown, DocumentData>'.
      Type 'null' is not assignable to type 'CollectionReference<unknown, DocumentData>'.
  Overload 3 of 3, '(reference: DocumentReference<unknown, DocumentData>, path: string, ...pathSegments: string[]): DocumentReference<DocumentData, DocumentData>', gave the following error.
    Argument of type 'Firestore | null' is not assignable to parameter of type 'DocumentReference<unknown, DocumentData>'.
      Type 'null' is not assignable to type 'DocumentReference<unknown, DocumentData>'.
App.tsx(2022,33): error TS2769: No overload matches this call.
  Overload 1 of 3, '(firestore: Firestore, path: string, ...pathSegments: string[]): DocumentReference<DocumentData, DocumentData>', gave the following error.
    Argument of type 'Firestore | null' is not assignable to parameter of type 'Firestore'.
      Type 'null' is not assignable to type 'Firestore'.
  Overload 2 of 3, '(reference: CollectionReference<unknown, DocumentData>, path?: string | undefined, ...pathSegments: string[]): DocumentReference<unknown, DocumentData>', gave the following error.
    Argument of type 'Firestore | null' is not assignable to parameter of type 'CollectionReference<unknown, DocumentData>'.
      Type 'null' is not assignable to type 'CollectionReference<unknown, DocumentData>'.
  Overload 3 of 3, '(reference: DocumentReference<unknown, DocumentData>, path: string, ...pathSegments: string[]): DocumentReference<DocumentData, DocumentData>', gave the following error.
    Argument of type 'Firestore | null' is not assignable to parameter of type 'DocumentReference<unknown, DocumentData>'.
      Type 'null' is not assignable to type 'DocumentReference<unknown, DocumentData>'.
App.tsx(2039,22): error TS18047: 'auth' is possibly 'null'.
App.tsx(2041,33): error TS2769: No overload matches this call.
  Overload 1 of 3, '(firestore: Firestore, path: string, ...pathSegments: string[]): DocumentReference<DocumentData, DocumentData>', gave the following error.
    Argument of type 'Firestore | null' is not assignable to parameter of type 'Firestore'.
      Type 'null' is not assignable to type 'Firestore'.
  Overload 2 of 3, '(reference: CollectionReference<unknown, DocumentData>, path?: string | undefined, ...pathSegments: string[]): DocumentReference<unknown, DocumentData>', gave the following error.
    Argument of type 'Firestore | null' is not assignable to parameter of type 'CollectionReference<unknown, DocumentData>'.
      Type 'null' is not assignable to type 'CollectionReference<unknown, DocumentData>'.
  Overload 3 of 3, '(reference: DocumentReference<unknown, DocumentData>, path: string, ...pathSegments: string[]): DocumentReference<DocumentData, DocumentData>', gave the following error.
    Argument of type 'Firestore | null' is not assignable to parameter of type 'DocumentReference<unknown, DocumentData>'.
      Type 'null' is not assignable to type 'DocumentReference<unknown, DocumentData>'.
App.tsx(2064,30): error TS18047: 'auth' is possibly 'null'.
App.tsx(2072,33): error TS2769: No overload matches this call.
  Overload 1 of 3, '(firestore: Firestore, path: string, ...pathSegments: string[]): CollectionReference<DocumentData, DocumentData>', gave the following error.
    Argument of type 'Firestore | null' is not assignable to parameter of type 'Firestore'.
      Type 'null' is not assignable to type 'Firestore'.
  Overload 2 of 3, '(reference: CollectionReference<unknown, DocumentData>, path: string, ...pathSegments: string[]): CollectionReference<DocumentData, DocumentData>', gave the following error.
    Argument of type 'Firestore | null' is not assignable to parameter of type 'CollectionReference<unknown, DocumentData>'.
      Type 'null' is not assignable to type 'CollectionReference<unknown, DocumentData>'.
  Overload 3 of 3, '(reference: DocumentReference<unknown, DocumentData>, path: string, ...pathSegments: string[]): CollectionReference<DocumentData, DocumentData>', gave the following error.
    Argument of type 'Firestore | null' is not assignable to parameter of type 'DocumentReference<unknown, DocumentData>'.
      Type 'null' is not assignable to type 'DocumentReference<unknown, DocumentData>'.
App.tsx(2088,31): error TS2769: No overload matches this call.
  Overload 1 of 3, '(firestore: Firestore, path: string, ...pathSegments: string[]): DocumentReference<DocumentData, DocumentData>', gave the following error.
    Argument of type 'Firestore | null' is not assignable to parameter of type 'Firestore'.
      Type 'null' is not assignable to type 'Firestore'.
  Overload 2 of 3, '(reference: CollectionReference<unknown, DocumentData>, path?: string | undefined, ...pathSegments: string[]): DocumentReference<unknown, DocumentData>', gave the following error.
    Argument of type 'Firestore | null' is not assignable to parameter of type 'CollectionReference<unknown, DocumentData>'.
      Type 'null' is not assignable to type 'CollectionReference<unknown, DocumentData>'.
  Overload 3 of 3, '(reference: DocumentReference<unknown, DocumentData>, path: string, ...pathSegments: string[]): DocumentReference<DocumentData, DocumentData>', gave the following error.
    Argument of type 'Firestore | null' is not assignable to parameter of type 'DocumentReference<unknown, DocumentData>'.
      Type 'null' is not assignable to type 'DocumentReference<unknown, DocumentData>'.
App.tsx(2121,9): error TS18047: 'auth' is possibly 'null'.
App.tsx(2140,9): error TS6133: 'handlePatientChatOpen' is declared but its value is never read.
App.tsx(2145,9): error TS6133: 'resetBookingFlow' is declared but its value is never read.
App.tsx(2173,11): error TS6133: 'isBookingLimitReached' is declared but its value is never read.
App.tsx(2177,11): error TS6133: 'isDateExpired' is declared but its value is never read.
App.tsx(2439,11): error TS2322: Type '{ doctorName: string; email: string; onLogout: () => Promise<void>; onMenuChange: (menu: string) => void; incomingReviews: any[]; selfCreatedReviews: any[]; uploadedReviews: any[]; onUploadReview: (review: any) => Promise<...>; ... 11 more ...; setIsSidebarCollapsed: Dispatch<...>; }' is not assignable to type 'IntrinsicAttributes & DoctorDashboardProps'.
  Property 'isSidebarCollapsed' does not exist on type 'IntrinsicAttributes & DoctorDashboardProps'.
App.tsx(2465,13): error TS2561: Object literal may only specify known properties, but 'specialities' does not exist in type '{ image: string | null; name: string; degrees: string[]; specialties: string[]; language?: "english" | "hindi" | "bengali" | undefined; linkedClinicCodes?: string[] | undefined; linkedClinics?: { ...; }[] | undefined; landmark?: string | undefined; }'. Did you mean to write 'specialties'?
App.tsx(2480,41): error TS2551: Property 'specialities' does not exist on type '{ image: string | null; name: string; degrees: string[]; specialties: string[]; language?: "english" | "hindi" | "bengali" | "tamil" | "telugu" | "marathi" | "gujarati" | "kannada" | "malayalam" | "punjabi" | "assamese" | undefined; }'. Did you mean 'specialties'?
App.tsx(2516,11): error TS2322: Type '{ profileData: { image: string; name: string; degrees: string[]; specialities: string[]; }; onLogout: () => Promise<void>; onMenuChange: (menu: string) => void; onTestBooking: () => void; activeAddOns: string[]; initialTab: string; isSidebarCollapsed: boolean; setIsSidebarCollapsed: Dispatch<...>; }' is not assignable to type 'IntrinsicAttributes & QRManagerProps'.
  Property 'isSidebarCollapsed' does not exist on type 'IntrinsicAttributes & QRManagerProps'.
App.tsx(2527,13): error TS2322: Type '{ onMenuChange: (menu: string) => void; onLogout: () => Promise<void>; activeAddOns: string[]; isSidebarCollapsed: boolean; setIsSidebarCollapsed: Dispatch<SetStateAction<boolean>>; }' is not assignable to type 'IntrinsicAttributes & MonthlyPlannerProps'.
  Property 'isSidebarCollapsed' does not exist on type 'IntrinsicAttributes & MonthlyPlannerProps'.
App.tsx(2551,11): error TS2322: Type '{ onLogout: () => Promise<void>; onMenuChange: (menu: string) => void; activeAddOns: string[]; doctorLanguage: any; isSidebarCollapsed: boolean; setIsSidebarCollapsed: Dispatch<SetStateAction<boolean>>; }' is not assignable to type 'IntrinsicAttributes & TodaysScheduleProps'.
  Property 'isSidebarCollapsed' does not exist on type 'IntrinsicAttributes & TodaysScheduleProps'.
App.tsx(2561,11): error TS2322: Type '{ onLogout: () => Promise<void>; onMenuChange: (menu: string) => void; activeAddOns: string[]; isSidebarCollapsed: boolean; setIsSidebarCollapsed: Dispatch<SetStateAction<boolean>>; }' is not assignable to type 'IntrinsicAttributes & AdvanceBookingProps'.
  Property 'isSidebarCollapsed' does not exist on type 'IntrinsicAttributes & AdvanceBookingProps'.
App.tsx(2568,11): error TS2322: Type '{ doctorName: string; email: string; onLogout: () => Promise<void>; onMenuChange: (menu: string) => void; onBack: () => void; patientId: string; activeAddOns: string[]; }' is not assignable to type 'IntrinsicAttributes & PatientDetailsProps'.
  Property 'doctorName' does not exist on type 'IntrinsicAttributes & PatientDetailsProps'.
App.tsx(2598,11): error TS2322: Type '{ onLogout: () => Promise<void>; onMenuChange: (menu: string) => void; activeAddOns: string[]; isSidebarCollapsed: boolean; setIsSidebarCollapsed: Dispatch<SetStateAction<boolean>>; }' is not assignable to type 'IntrinsicAttributes & AnalyticsProps'.
  Property 'isSidebarCollapsed' does not exist on type 'IntrinsicAttributes & AnalyticsProps'.
App.tsx(2618,11): error TS2322: Type '{ onLogout: () => Promise<void>; onMenuChange: (menu: string) => void; activeAddOns: string[]; isSidebarCollapsed: boolean; setIsSidebarCollapsed: Dispatch<SetStateAction<boolean>>; uploadedTemplates: never[]; onTemplatesUpdate: () => void; }' is not assignable to type 'IntrinsicAttributes & TemplateUploaderProps'.
  Property 'isSidebarCollapsed' does not exist on type 'IntrinsicAttributes & TemplateUploaderProps'.
App.tsx(2641,11): error TS2322: Type '{ onLogout: () => Promise<void>; onMenuChange: (menu: string) => void; activeAddOns: string[]; isSidebarCollapsed: boolean; setIsSidebarCollapsed: Dispatch<SetStateAction<boolean>>; }' is not assignable to type 'IntrinsicAttributes'.
  Property 'onLogout' does not exist on type 'IntrinsicAttributes'.
App.tsx(2752,13): error TS2322: Type '{ id: number; chamberName: string; chamberAddress: string; isActive?: boolean | undefined; clinicId?: string | undefined; clinicName?: string | undefined; frequency?: string | undefined; ... 5 more ...; blockedDates?: { ...; }[] | undefined; }[]' is not assignable to type 'Chamber[]'.
  Type '{ id: number; chamberName: string; chamberAddress: string; isActive?: boolean | undefined; clinicId?: string | undefined; clinicName?: string | undefined; frequency?: string | undefined; ... 5 more ...; blockedDates?: { ...; }[] | undefined; }' is not assignable to type 'Chamber'.
    Types of property 'startTime' are incompatible.
      Type 'string | undefined' is not assignable to type 'string'.
        Type 'undefined' is not assignable to type 'string'.
App.tsx(3092,11): error TS2322: Type '{ doctorName: string; email: string; onLogout: () => Promise<void>; onMenuChange: (menu: string) => void; activeAddOns: string[]; isSidebarCollapsed: boolean; setIsSidebarCollapsed: Dispatch<...>; }' is not assignable to type 'IntrinsicAttributes & AIRXReaderManagerProps'.
  Property 'isSidebarCollapsed' does not exist on type 'IntrinsicAttributes & AIRXReaderManagerProps'.
App.tsx(3104,11): error TS2322: Type '{ doctorName: string; email: string; onLogout: () => Promise<void>; onMenuChange: (menu: string) => void; activeAddOns: string[]; isSidebarCollapsed: boolean; setIsSidebarCollapsed: Dispatch<...>; }' is not assignable to type 'IntrinsicAttributes & AIDietChartManagerProps'.
  Property 'isSidebarCollapsed' does not exist on type 'IntrinsicAttributes & AIDietChartManagerProps'.
components/AdBanner.tsx(26,36): error TS2322: Type '"en"' is not assignable to type 'Language'.
components/AdBanner.tsx(26,53): error TS2322: Type '"booking_flow"' is not assignable to type '"specialty" | "language" | "chamber" | "date" | "confirmation" | "doctor_selection" | "mini_website" | "patient_form"'.
components/AdBanner.tsx(36,33): error TS2769: No overload matches this call.
  Overload 1 of 3, '(firestore: Firestore, path: string, ...pathSegments: string[]): CollectionReference<DocumentData, DocumentData>', gave the following error.
    Argument of type 'Firestore | null' is not assignable to parameter of type 'Firestore'.
      Type 'null' is not assignable to type 'Firestore'.
  Overload 2 of 3, '(reference: CollectionReference<unknown, DocumentData>, path: string, ...pathSegments: string[]): CollectionReference<DocumentData, DocumentData>', gave the following error.
    Argument of type 'Firestore | null' is not assignable to parameter of type 'CollectionReference<unknown, DocumentData>'.
      Type 'null' is not assignable to type 'CollectionReference<unknown, DocumentData>'.
  Overload 3 of 3, '(reference: DocumentReference<unknown, DocumentData>, path: string, ...pathSegments: string[]): CollectionReference<DocumentData, DocumentData>', gave the following error.
    Argument of type 'Firestore | null' is not assignable to parameter of type 'DocumentReference<unknown, DocumentData>'.
      Type 'null' is not assignable to type 'DocumentReference<unknown, DocumentData>'.
components/AdBanner.tsx(73,25): error TS2769: No overload matches this call.
  Overload 1 of 3, '(firestore: Firestore, path: string, ...pathSegments: string[]): DocumentReference<DocumentData, DocumentData>', gave the following error.
    Argument of type 'Firestore | null' is not assignable to parameter of type 'Firestore'.
      Type 'null' is not assignable to type 'Firestore'.
  Overload 2 of 3, '(reference: CollectionReference<unknown, DocumentData>, path?: string | undefined, ...pathSegments: string[]): DocumentReference<unknown, DocumentData>', gave the following error.
    Argument of type 'Firestore | null' is not assignable to parameter of type 'CollectionReference<unknown, DocumentData>'.
      Type 'null' is not assignable to type 'CollectionReference<unknown, DocumentData>'.
  Overload 3 of 3, '(reference: DocumentReference<unknown, DocumentData>, path: string, ...pathSegments: string[]): DocumentReference<DocumentData, DocumentData>', gave the following error.
    Argument of type 'Firestore | null' is not assignable to parameter of type 'DocumentReference<unknown, DocumentData>'.
      Type 'null' is not assignable to type 'DocumentReference<unknown, DocumentData>'.
components/AdBanner.tsx(87,25): error TS2769: No overload matches this call.
  Overload 1 of 3, '(firestore: Firestore, path: string, ...pathSegments: string[]): DocumentReference<DocumentData, DocumentData>', gave the following error.
    Argument of type 'Firestore | null' is not assignable to parameter of type 'Firestore'.
      Type 'null' is not assignable to type 'Firestore'.
  Overload 2 of 3, '(reference: CollectionReference<unknown, DocumentData>, path?: string | undefined, ...pathSegments: string[]): DocumentReference<unknown, DocumentData>', gave the following error.
    Argument of type 'Firestore | null' is not assignable to parameter of type 'CollectionReference<unknown, DocumentData>'.
      Type 'null' is not assignable to type 'CollectionReference<unknown, DocumentData>'.
  Overload 3 of 3, '(reference: DocumentReference<unknown, DocumentData>, path: string, ...pathSegments: string[]): DocumentReference<DocumentData, DocumentData>', gave the following error.
    Argument of type 'Firestore | null' is not assignable to parameter of type 'DocumentReference<unknown, DocumentData>'.
      Type 'null' is not assignable to type 'DocumentReference<unknown, DocumentData>'.
components/AddProductModal.tsx(1,13): error TS6133: 'Upload' is declared but its value is never read.
components/AddProductModal.tsx(40,10): error TS6133: 'imageFile' is declared but its value is never read.
components/AdminAdvertiserManagement.tsx(3,43): error TS6133: 'CheckCircle2' is declared but its value is never read.
components/AdminAdvertiserManagement.tsx(3,57): error TS6133: 'XCircle' is declared but its value is never read.
components/AdminAdvertiserManagement.tsx(4,9): error TS6133: 'Phone' is declared but its value is never read.
components/AdminAdvertiserManagement.tsx(4,16): error TS6133: 'MapPin' is declared but its value is never read.
components/AdminAdvertiserManagement.tsx(4,24): error TS6133: 'Eye' is declared but its value is never read.
components/AdminAlertNotification.tsx(18,3): error TS6133: 'eventType' is declared but its value is never read.
components/AdminAlertNotification.tsx(20,3): error TS6133: 'severity' is declared but its value is never read.
components/AdminAlertNotification.tsx(40,22): error TS7053: Element implicitly has an 'any' type because expression of type 'Language' can't be used to index type '{ english: string; hindi: string; bengali: string; }'.
  Property 'tamil' does not exist on type '{ english: string; hindi: string; bengali: string; }'.
components/AdminAlertNotification.tsx(57,18): error TS7053: Element implicitly has an 'any' type because expression of type 'Language' can't be used to index type '{ english: string; hindi: string; bengali: string; }'.
  Property 'tamil' does not exist on type '{ english: string; hindi: string; bengali: string; }'.
components/AdminAlertNotification.tsx(62,18): error TS7053: Element implicitly has an 'any' type because expression of type 'Language' can't be used to index type '{ english: string; hindi: string; bengali: string; }'.
  Property 'tamil' does not exist on type '{ english: string; hindi: string; bengali: string; }'.
components/AdminAlertNotification.tsx(67,48): error TS7053: Element implicitly has an 'any' type because expression of type 'Language' can't be used to index type '{ english: string; hindi: string; bengali: string; }'.
  Property 'tamil' does not exist on type '{ english: string; hindi: string; bengali: string; }'.
components/AdminAlertNotification.tsx(69,52): error TS7053: Element implicitly has an 'any' type because expression of type 'Language' can't be used to index type '{ english: string; hindi: string; bengali: string; }'.
  Property 'tamil' does not exist on type '{ english: string; hindi: string; bengali: string; }'.
components/AdminAlertNotification.tsx(70,52): error TS7053: Element implicitly has an 'any' type because expression of type 'Language' can't be used to index type '{ english: string; hindi: string; bengali: string; }'.
  Property 'tamil' does not exist on type '{ english: string; hindi: string; bengali: string; }'.
components/AdminAlertNotification.tsx(73,52): error TS7053: Element implicitly has an 'any' type because expression of type 'Language' can't be used to index type '{ english: string; hindi: string; bengali: string; }'.
  Property 'tamil' does not exist on type '{ english: string; hindi: string; bengali: string; }'.
components/AdminAlertNotification.tsx(77,52): error TS7053: Element implicitly has an 'any' type because expression of type 'Language' can't be used to index type '{ english: string; hindi: string; bengali: string; }'.
  Property 'tamil' does not exist on type '{ english: string; hindi: string; bengali: string; }'.
components/AdminAlertNotification.tsx(78,51): error TS7053: Element implicitly has an 'any' type because expression of type 'Language' can't be used to index type '{ english: string; hindi: string; bengali: string; }'.
  Property 'tamil' does not exist on type '{ english: string; hindi: string; bengali: string; }'.
components/AdminAlertNotification.tsx(84,52): error TS7053: Element implicitly has an 'any' type because expression of type 'Language' can't be used to index type '{ english: string; hindi: string; bengali: string; }'.
  Property 'tamil' does not exist on type '{ english: string; hindi: string; bengali: string; }'.
components/AdminAlertNotification.tsx(85,55): error TS7053: Element implicitly has an 'any' type because expression of type 'Language' can't be used to index type '{ english: string; hindi: string; bengali: string; }'.
  Property 'tamil' does not exist on type '{ english: string; hindi: string; bengali: string; }'.
components/AdminAlertNotification.tsx(93,18): error TS7053: Element implicitly has an 'any' type because expression of type 'Language' can't be used to index type '{ english: string; hindi: string; bengali: string; assamese: string; }'.
  Property 'tamil' does not exist on type '{ english: string; hindi: string; bengali: string; assamese: string; }'.
components/AdminBalanceSheet.tsx(5,54): error TS6133: 'Calendar' is declared but its value is never read.
components/AdminDashboard.tsx(1,141): error TS6133: 'Sprout' is declared but its value is never read.
components/AdminDashboard.tsx(1,149): error TS6133: 'BarChart3' is declared but its value is never read.
components/AdminDashboard.tsx(1,160): error TS6133: 'Award' is declared but its value is never read.
components/AdminDashboard.tsx(1,167): error TS6133: 'Trophy' is declared but its value is never read.
components/AdminDashboard.tsx(1,224): error TS6133: 'CheckCircle' is declared but its value is never read.
components/AdminDashboard.tsx(37,42): error TS6133: 'adminEmail' is declared but its value is never read.
components/AdminDashboard.tsx(37,54): error TS6133: 'onStartDemo' is declared but its value is never read.
components/AdminDashboard.tsx(37,67): error TS6133: 'uploadedTestimonials' is declared but its value is never read.
components/AdminDashboard.tsx(37,137): error TS6133: 'onNavigateToQRGenerator' is declared but its value is never read.
components/AdminDataStandardization.tsx(1,8): error TS6133: 'React' is declared but its value is never read.
components/AdminDataStandardization.tsx(6,22): error TS7016: Could not find a declaration file for module 'crypto-js'. 'C:/Projects/healqr 3/node_modules/crypto-js/index.js' implicitly has an 'any' type.
  Try `npm i --save-dev @types/crypto-js` if it exists or add a new declaration (.d.ts) file containing `declare module 'crypto-js';`
components/AdminDataStandardization.tsx(40,38): error TS2769: No overload matches this call.
  Overload 1 of 3, '(firestore: Firestore, path: string, ...pathSegments: string[]): CollectionReference<DocumentData, DocumentData>', gave the following error.
    Argument of type 'Firestore | null' is not assignable to parameter of type 'Firestore'.
      Type 'null' is not assignable to type 'Firestore'.
  Overload 2 of 3, '(reference: CollectionReference<unknown, DocumentData>, path: string, ...pathSegments: string[]): CollectionReference<DocumentData, DocumentData>', gave the following error.
    Argument of type 'Firestore | null' is not assignable to parameter of type 'CollectionReference<unknown, DocumentData>'.
      Type 'null' is not assignable to type 'CollectionReference<unknown, DocumentData>'.
  Overload 3 of 3, '(reference: DocumentReference<unknown, DocumentData>, path: string, ...pathSegments: string[]): CollectionReference<DocumentData, DocumentData>', gave the following error.
    Argument of type 'Firestore | null' is not assignable to parameter of type 'DocumentReference<unknown, DocumentData>'.
      Type 'null' is not assignable to type 'DocumentReference<unknown, DocumentData>'.
components/AdminDataStandardization.tsx(96,31): error TS2769: No overload matches this call.
  Overload 1 of 3, '(firestore: Firestore, path: string, ...pathSegments: string[]): DocumentReference<DocumentData, DocumentData>', gave the following error.
    Argument of type 'Firestore | null' is not assignable to parameter of type 'Firestore'.
      Type 'null' is not assignable to type 'Firestore'.
  Overload 2 of 3, '(reference: CollectionReference<unknown, DocumentData>, path?: string | undefined, ...pathSegments: string[]): DocumentReference<unknown, DocumentData>', gave the following error.
    Argument of type 'Firestore | null' is not assignable to parameter of type 'CollectionReference<unknown, DocumentData>'.
      Type 'null' is not assignable to type 'CollectionReference<unknown, DocumentData>'.
  Overload 3 of 3, '(reference: DocumentReference<unknown, DocumentData>, path: string, ...pathSegments: string[]): DocumentReference<DocumentData, DocumentData>', gave the following error.
    Argument of type 'Firestore | null' is not assignable to parameter of type 'DocumentReference<unknown, DocumentData>'.
      Type 'null' is not assignable to type 'DocumentReference<unknown, DocumentData>'.
components/AdminDoctorManagement.tsx(4,47): error TS6133: 'Award' is declared but its value is never read.
components/AdminDoctorManagement.tsx(4,75): error TS6133: 'QrCode' is declared but its value is never read.
components/AdminDoctorManagement.tsx(6,45): error TS6133: 'orderBy' is declared but its value is never read.
components/AdminHealthTipManager.tsx(8,3): error TS6133: 'Upload' is declared but its value is never read.
components/AdminHealthTipManager.tsx(71,28): error TS2769: No overload matches this call.
  Overload 1 of 3, '(firestore: Firestore, path: string, ...pathSegments: string[]): DocumentReference<DocumentData, DocumentData>', gave the following error.
    Argument of type 'Firestore | null' is not assignable to parameter of type 'Firestore'.
      Type 'null' is not assignable to type 'Firestore'.
  Overload 2 of 3, '(reference: CollectionReference<unknown, DocumentData>, path?: string | undefined, ...pathSegments: string[]): DocumentReference<unknown, DocumentData>', gave the following error.
    Argument of type 'Firestore | null' is not assignable to parameter of type 'CollectionReference<unknown, DocumentData>'.
      Type 'null' is not assignable to type 'CollectionReference<unknown, DocumentData>'.
  Overload 3 of 3, '(reference: DocumentReference<unknown, DocumentData>, path: string, ...pathSegments: string[]): DocumentReference<DocumentData, DocumentData>', gave the following error.
    Argument of type 'Firestore | null' is not assignable to parameter of type 'DocumentReference<unknown, DocumentData>'.
      Type 'null' is not assignable to type 'DocumentReference<unknown, DocumentData>'.
components/AdminHealthTipManager.tsx(146,32): error TS2769: No overload matches this call.
  Overload 1 of 2, '(storage: FirebaseStorage, url?: string | undefined): StorageReference', gave the following error.
    Argument of type 'FirebaseStorage | null' is not assignable to parameter of type 'FirebaseStorage'.
      Type 'null' is not assignable to type 'FirebaseStorage'.
  Overload 2 of 2, '(storageOrRef: FirebaseStorage | StorageReference, path?: string | undefined): StorageReference', gave the following error.
    Argument of type 'FirebaseStorage | null' is not assignable to parameter of type 'FirebaseStorage | StorageReference'.
      Type 'null' is not assignable to type 'FirebaseStorage | StorageReference'.
components/AdminHealthTipManager.tsx(153,28): error TS2769: No overload matches this call.
  Overload 1 of 3, '(firestore: Firestore, path: string, ...pathSegments: string[]): DocumentReference<DocumentData, DocumentData>', gave the following error.
    Argument of type 'Firestore | null' is not assignable to parameter of type 'Firestore'.
      Type 'null' is not assignable to type 'Firestore'.
  Overload 2 of 3, '(reference: CollectionReference<unknown, DocumentData>, path?: string | undefined, ...pathSegments: string[]): DocumentReference<unknown, DocumentData>', gave the following error.
    Argument of type 'Firestore | null' is not assignable to parameter of type 'CollectionReference<unknown, DocumentData>'.
      Type 'null' is not assignable to type 'CollectionReference<unknown, DocumentData>'.
  Overload 3 of 3, '(reference: DocumentReference<unknown, DocumentData>, path: string, ...pathSegments: string[]): DocumentReference<DocumentData, DocumentData>', gave the following error.
    Argument of type 'Firestore | null' is not assignable to parameter of type 'DocumentReference<unknown, DocumentData>'.
      Type 'null' is not assignable to type 'DocumentReference<unknown, DocumentData>'.
components/AdminHealthTipManager.tsx(238,28): error TS2769: No overload matches this call.
  Overload 1 of 3, '(firestore: Firestore, path: string, ...pathSegments: string[]): DocumentReference<DocumentData, DocumentData>', gave the following error.
    Argument of type 'Firestore | null' is not assignable to parameter of type 'Firestore'.
      Type 'null' is not assignable to type 'Firestore'.
  Overload 2 of 3, '(reference: CollectionReference<unknown, DocumentData>, path?: string | undefined, ...pathSegments: string[]): DocumentReference<unknown, DocumentData>', gave the following error.
    Argument of type 'Firestore | null' is not assignable to parameter of type 'CollectionReference<unknown, DocumentData>'.
      Type 'null' is not assignable to type 'CollectionReference<unknown, DocumentData>'.
  Overload 3 of 3, '(reference: DocumentReference<unknown, DocumentData>, path: string, ...pathSegments: string[]): DocumentReference<DocumentData, DocumentData>', gave the following error.
    Argument of type 'Firestore | null' is not assignable to parameter of type 'DocumentReference<unknown, DocumentData>'.
      Type 'null' is not assignable to type 'DocumentReference<unknown, DocumentData>'.
components/AdminHealthTipManager.tsx(267,28): error TS2769: No overload matches this call.
  Overload 1 of 3, '(firestore: Firestore, path: string, ...pathSegments: string[]): DocumentReference<DocumentData, DocumentData>', gave the following error.
    Argument of type 'Firestore | null' is not assignable to parameter of type 'Firestore'.
      Type 'null' is not assignable to type 'Firestore'.
  Overload 2 of 3, '(reference: CollectionReference<unknown, DocumentData>, path?: string | undefined, ...pathSegments: string[]): DocumentReference<unknown, DocumentData>', gave the following error.
    Argument of type 'Firestore | null' is not assignable to parameter of type 'CollectionReference<unknown, DocumentData>'.
      Type 'null' is not assignable to type 'CollectionReference<unknown, DocumentData>'.
  Overload 3 of 3, '(reference: DocumentReference<unknown, DocumentData>, path: string, ...pathSegments: string[]): DocumentReference<DocumentData, DocumentData>', gave the following error.
    Argument of type 'Firestore | null' is not assignable to parameter of type 'DocumentReference<unknown, DocumentData>'.
      Type 'null' is not assignable to type 'DocumentReference<unknown, DocumentData>'.
components/AdminLogin.tsx(6,24): error TS2307: Cannot find module '../assets/healqr-logo.png' or its corresponding type declarations.
components/AdminLogin.tsx(17,38): error TS6133: 'onSuccess' is declared but its value is never read.
components/AdminNotificationPanel.tsx(2,53): error TS6133: 'Calendar' is declared but its value is never read.
components/AdminNotificationPanel.tsx(47,45): error TS2769: No overload matches this call.
  Overload 1 of 3, '(firestore: Firestore, path: string, ...pathSegments: string[]): CollectionReference<DocumentData, DocumentData>', gave the following error.
    Argument of type 'Firestore | null' is not assignable to parameter of type 'Firestore'.
      Type 'null' is not assignable to type 'Firestore'.
  Overload 2 of 3, '(reference: CollectionReference<unknown, DocumentData>, path: string, ...pathSegments: string[]): CollectionReference<DocumentData, DocumentData>', gave the following error.
    Argument of type 'Firestore | null' is not assignable to parameter of type 'CollectionReference<unknown, DocumentData>'.
      Type 'null' is not assignable to type 'CollectionReference<unknown, DocumentData>'.
  Overload 3 of 3, '(reference: DocumentReference<unknown, DocumentData>, path: string, ...pathSegments: string[]): CollectionReference<DocumentData, DocumentData>', gave the following error.
    Argument of type 'Firestore | null' is not assignable to parameter of type 'DocumentReference<unknown, DocumentData>'.
      Type 'null' is not assignable to type 'DocumentReference<unknown, DocumentData>'.
components/AdminNotificationPanel.tsx(102,27): error TS2769: No overload matches this call.
  Overload 1 of 3, '(firestore: Firestore, path: string, ...pathSegments: string[]): DocumentReference<DocumentData, DocumentData>', gave the following error.
    Argument of type 'Firestore | null' is not assignable to parameter of type 'Firestore'.
      Type 'null' is not assignable to type 'Firestore'.
  Overload 2 of 3, '(reference: CollectionReference<unknown, DocumentData>, path?: string | undefined, ...pathSegments: string[]): DocumentReference<unknown, DocumentData>', gave the following error.
    Argument of type 'Firestore | null' is not assignable to parameter of type 'CollectionReference<unknown, DocumentData>'.
      Type 'null' is not assignable to type 'CollectionReference<unknown, DocumentData>'.
  Overload 3 of 3, '(reference: DocumentReference<unknown, DocumentData>, path: string, ...pathSegments: string[]): DocumentReference<DocumentData, DocumentData>', gave the following error.
    Argument of type 'Firestore | null' is not assignable to parameter of type 'DocumentReference<unknown, DocumentData>'.
      Type 'null' is not assignable to type 'DocumentReference<unknown, DocumentData>'.
components/AdminNotificationPanel.tsx(127,27): error TS2769: No overload matches this call.
  Overload 1 of 3, '(firestore: Firestore, path: string, ...pathSegments: string[]): DocumentReference<DocumentData, DocumentData>', gave the following error.
    Argument of type 'Firestore | null' is not assignable to parameter of type 'Firestore'.
      Type 'null' is not assignable to type 'Firestore'.
  Overload 2 of 3, '(reference: CollectionReference<unknown, DocumentData>, path?: string | undefined, ...pathSegments: string[]): DocumentReference<unknown, DocumentData>', gave the following error.
    Argument of type 'Firestore | null' is not assignable to parameter of type 'CollectionReference<unknown, DocumentData>'.
      Type 'null' is not assignable to type 'CollectionReference<unknown, DocumentData>'.
  Overload 3 of 3, '(reference: DocumentReference<unknown, DocumentData>, path: string, ...pathSegments: string[]): DocumentReference<DocumentData, DocumentData>', gave the following error.
    Argument of type 'Firestore | null' is not assignable to parameter of type 'DocumentReference<unknown, DocumentData>'.
      Type 'null' is not assignable to type 'DocumentReference<unknown, DocumentData>'.
components/AdminPageDistribution.tsx(4,3): error TS6133: 'AlertCircle' is declared but its value is never read.
components/AdminPageDistribution.tsx(4,16): error TS6133: 'ExternalLink' is declared but its value is never read.
components/AdminPageDistribution.tsx(7,44): error TS6133: 'getDoc' is declared but its value is never read.
components/AdminPanel.tsx(6,1): error TS6133: 'AdminRolesManager' is declared but its value is never read.
components/AdminPanel.tsx(87,47): error TS2769: No overload matches this call.
  Overload 1 of 3, '(firestore: Firestore, path: string, ...pathSegments: string[]): CollectionReference<DocumentData, DocumentData>', gave the following error.
    Argument of type 'Firestore | null' is not assignable to parameter of type 'Firestore'.
      Type 'null' is not assignable to type 'Firestore'.
  Overload 2 of 3, '(reference: CollectionReference<unknown, DocumentData>, path: string, ...pathSegments: string[]): CollectionReference<DocumentData, DocumentData>', gave the following error.
    Argument of type 'Firestore | null' is not assignable to parameter of type 'CollectionReference<unknown, DocumentData>'.
      Type 'null' is not assignable to type 'CollectionReference<unknown, DocumentData>'.
  Overload 3 of 3, '(reference: DocumentReference<unknown, DocumentData>, path: string, ...pathSegments: string[]): CollectionReference<DocumentData, DocumentData>', gave the following error.
    Argument of type 'Firestore | null' is not assignable to parameter of type 'DocumentReference<unknown, DocumentData>'.
      Type 'null' is not assignable to type 'DocumentReference<unknown, DocumentData>'.
components/AdminPatientManagement.tsx(6,47): error TS6133: 'Timestamp' is declared but its value is never read.
components/AdminPersonalManagement.tsx(5,78): error TS6133: 'Timestamp' is declared but its value is never read.
components/AdminPharmaManagement.tsx(3,44): error TS6133: 'XCircle' is declared but its value is never read.
components/AdminPharmaManagement.tsx(5,10): error TS6133: 'ShieldCheck' is declared but its value is never read.
components/AdminPharmaManagement.tsx(9,68): error TS6133: 'query' is declared but its value is never read.
components/AdminProfileManager.tsx(55,26): error TS2769: No overload matches this call.
  Overload 1 of 3, '(firestore: Firestore, path: string, ...pathSegments: string[]): DocumentReference<DocumentData, DocumentData>', gave the following error.
    Argument of type 'Firestore | null' is not assignable to parameter of type 'Firestore'.
      Type 'null' is not assignable to type 'Firestore'.
  Overload 2 of 3, '(reference: CollectionReference<unknown, DocumentData>, path?: string | undefined, ...pathSegments: string[]): DocumentReference<unknown, DocumentData>', gave the following error.
    Argument of type 'Firestore | null' is not assignable to parameter of type 'CollectionReference<unknown, DocumentData>'.
      Type 'null' is not assignable to type 'CollectionReference<unknown, DocumentData>'.
  Overload 3 of 3, '(reference: DocumentReference<unknown, DocumentData>, path: string, ...pathSegments: string[]): DocumentReference<DocumentData, DocumentData>', gave the following error.
    Argument of type 'Firestore | null' is not assignable to parameter of type 'DocumentReference<unknown, DocumentData>'.
      Type 'null' is not assignable to type 'DocumentReference<unknown, DocumentData>'.
components/AdminProfileManager.tsx(100,30): error TS2769: No overload matches this call.
  Overload 1 of 2, '(storage: FirebaseStorage, url?: string | undefined): StorageReference', gave the following error.
    Argument of type 'FirebaseStorage | null' is not assignable to parameter of type 'FirebaseStorage'.
      Type 'null' is not assignable to type 'FirebaseStorage'.
  Overload 2 of 2, '(storageOrRef: FirebaseStorage | StorageReference, path?: string | undefined): StorageReference', gave the following error.
    Argument of type 'FirebaseStorage | null' is not assignable to parameter of type 'FirebaseStorage | StorageReference'.
      Type 'null' is not assignable to type 'FirebaseStorage | StorageReference'.
components/AdminProfileManager.tsx(152,26): error TS2769: No overload matches this call.
  Overload 1 of 3, '(firestore: Firestore, path: string, ...pathSegments: string[]): DocumentReference<DocumentData, DocumentData>', gave the following error.
    Argument of type 'Firestore | null' is not assignable to parameter of type 'Firestore'.
      Type 'null' is not assignable to type 'Firestore'.
  Overload 2 of 3, '(reference: CollectionReference<unknown, DocumentData>, path?: string | undefined, ...pathSegments: string[]): DocumentReference<unknown, DocumentData>', gave the following error.
    Argument of type 'Firestore | null' is not assignable to parameter of type 'CollectionReference<unknown, DocumentData>'.
      Type 'null' is not assignable to type 'CollectionReference<unknown, DocumentData>'.
  Overload 3 of 3, '(reference: DocumentReference<unknown, DocumentData>, path: string, ...pathSegments: string[]): DocumentReference<DocumentData, DocumentData>', gave the following error.
    Argument of type 'Firestore | null' is not assignable to parameter of type 'DocumentReference<unknown, DocumentData>'.
      Type 'null' is not assignable to type 'DocumentReference<unknown, DocumentData>'.
components/AdminProfileManager_simplified.tsx(12,20): error TS2307: Cannot find module '../lib/firebase' or its corresponding type declarations.
components/AdminProfileManager_simplified.tsx(14,25): error TS2307: Cannot find module '../lib/firebase' or its corresponding type declarations.
components/AdminPromoManager.tsx(2,30): error TS6133: 'ImageIcon' is declared but its value is never read.
components/AdminPromoManager.tsx(2,65): error TS6133: 'Trash2' is declared but its value is never read.
components/AdminPromoManager.tsx(3,81): error TS6133: 'doc' is declared but its value is never read.
components/AdminPromoManager.tsx(3,86): error TS6133: 'deleteDoc' is declared but its value is never read.
components/AdminPromoManager.tsx(37,32): error TS2769: No overload matches this call.
  Overload 1 of 2, '(storage: FirebaseStorage, url?: string | undefined): StorageReference', gave the following error.
    Argument of type 'FirebaseStorage | null' is not assignable to parameter of type 'FirebaseStorage'.
      Type 'null' is not assignable to type 'FirebaseStorage'.
  Overload 2 of 2, '(storageOrRef: FirebaseStorage | StorageReference, path?: string | undefined): StorageReference', gave the following error.
    Argument of type 'FirebaseStorage | null' is not assignable to parameter of type 'FirebaseStorage | StorageReference'.
      Type 'null' is not assignable to type 'FirebaseStorage | StorageReference'.
components/AdminPromoManager.tsx(43,34): error TS2769: No overload matches this call.
  Overload 1 of 3, '(firestore: Firestore, path: string, ...pathSegments: string[]): CollectionReference<DocumentData, DocumentData>', gave the following error.
    Argument of type 'Firestore | null' is not assignable to parameter of type 'Firestore'.
      Type 'null' is not assignable to type 'Firestore'.
  Overload 2 of 3, '(reference: CollectionReference<unknown, DocumentData>, path: string, ...pathSegments: string[]): CollectionReference<DocumentData, DocumentData>', gave the following error.
    Argument of type 'Firestore | null' is not assignable to parameter of type 'CollectionReference<unknown, DocumentData>'.
      Type 'null' is not assignable to type 'CollectionReference<unknown, DocumentData>'.
  Overload 3 of 3, '(reference: DocumentReference<unknown, DocumentData>, path: string, ...pathSegments: string[]): CollectionReference<DocumentData, DocumentData>', gave the following error.
    Argument of type 'Firestore | null' is not assignable to parameter of type 'DocumentReference<unknown, DocumentData>'.
      Type 'null' is not assignable to type 'DocumentReference<unknown, DocumentData>'.
components/AdminPromoManager.tsx(49,31): error TS2769: No overload matches this call.
  Overload 1 of 3, '(firestore: Firestore, path: string, ...pathSegments: string[]): CollectionReference<DocumentData, DocumentData>', gave the following error.
    Argument of type 'Firestore | null' is not assignable to parameter of type 'Firestore'.
      Type 'null' is not assignable to type 'Firestore'.
  Overload 2 of 3, '(reference: CollectionReference<unknown, DocumentData>, path: string, ...pathSegments: string[]): CollectionReference<DocumentData, DocumentData>', gave the following error.
    Argument of type 'Firestore | null' is not assignable to parameter of type 'CollectionReference<unknown, DocumentData>'.
      Type 'null' is not assignable to type 'CollectionReference<unknown, DocumentData>'.
  Overload 3 of 3, '(reference: DocumentReference<unknown, DocumentData>, path: string, ...pathSegments: string[]): CollectionReference<DocumentData, DocumentData>', gave the following error.
    Argument of type 'Firestore | null' is not assignable to parameter of type 'DocumentReference<unknown, DocumentData>'.
      Type 'null' is not assignable to type 'DocumentReference<unknown, DocumentData>'.
components/AdminRevenueManager.tsx(30,10): error TS6133: 'selectedPeriod' is declared but its value is never read.
components/AdminRevenueManager.tsx(30,26): error TS6133: 'setSelectedPeriod' is declared but its value is never read.
components/AdminRolesManager.tsx(1,8): error TS6133: 'React' is declared but its value is never read.
components/AdminRolesManager.tsx(229,15): error TS2345: Argument of type '(prevAdmins: Admin[]) => { permissions: { [key: string]: boolean; }; id: string; name: string; email: string; image: string | null; }[]' is not assignable to parameter of type 'SetStateAction<Admin[]>'.
  Type '(prevAdmins: Admin[]) => { permissions: { [key: string]: boolean; }; id: string; name: string; email: string; image: string | null; }[]' is not assignable to type '(prevState: Admin[]) => Admin[]'.
    Type '{ permissions: { [key: string]: boolean; }; id: string; name: string; email: string; image: string | null; }[]' is not assignable to type 'Admin[]'.
      Type '{ permissions: { [key: string]: boolean; }; id: string; name: string; email: string; image: string | null; }' is not assignable to type 'Admin'.
        Types of property 'permissions' are incompatible.
          Type '{ [key: string]: boolean; }' is missing the following properties from type 'AdminPermissions': revenueManagement, doctorManagement, platformAnalytics, balanceSheet, and 4 more.
components/AdminSidebar.tsx(16,3): error TS6133: 'Heart' is declared but its value is never read.
components/AdminSidebar.tsx(24,24): error TS2307: Cannot find module '../assets/healqr-logo.png' or its corresponding type declarations.
components/AdminTemplateUploader.tsx(14,3): error TS6133: 'Download' is declared but its value is never read.
components/AdminTemplateUploader.tsx(112,10): error TS6133: 'isProcessingImage' is declared but its value is never read.
components/AdminTemplateUploader.tsx(121,30): error TS2769: No overload matches this call.
  Overload 1 of 3, '(firestore: Firestore, path: string, ...pathSegments: string[]): DocumentReference<DocumentData, DocumentData>', gave the following error.
    Argument of type 'Firestore | null' is not assignable to parameter of type 'Firestore'.
      Type 'null' is not assignable to type 'Firestore'.
  Overload 2 of 3, '(reference: CollectionReference<unknown, DocumentData>, path?: string | undefined, ...pathSegments: string[]): DocumentReference<unknown, DocumentData>', gave the following error.
    Argument of type 'Firestore | null' is not assignable to parameter of type 'CollectionReference<unknown, DocumentData>'.
      Type 'null' is not assignable to type 'CollectionReference<unknown, DocumentData>'.
  Overload 3 of 3, '(reference: DocumentReference<unknown, DocumentData>, path: string, ...pathSegments: string[]): DocumentReference<DocumentData, DocumentData>', gave the following error.
    Argument of type 'Firestore | null' is not assignable to parameter of type 'DocumentReference<unknown, DocumentData>'.
      Type 'null' is not assignable to type 'DocumentReference<unknown, DocumentData>'.
components/AdminTemplateUploader.tsx(210,17): error TS6133: 'originalSizeKB' is declared but its value is never read.
components/AdminTemplateUploader.tsx(211,17): error TS6133: 'compressedSizeKB' is declared but its value is never read.
components/AdminTemplateUploader.tsx(212,17): error TS6133: 'compressionRatio' is declared but its value is never read.
components/AdminTemplateUploader.tsx(277,17): error TS6133: 'compressedSizeMB' is declared but its value is never read.
components/AdminTemplateUploader.tsx(293,16): error TS6133: 'error' is declared but its value is never read.
components/AdminTemplateUploader.tsx(326,17): error TS6133: 'compressedSizeMB' is declared but its value is never read.
components/AdminTemplateUploader.tsx(342,16): error TS6133: 'error' is declared but its value is never read.
components/AdminTemplateUploader.tsx(400,20): error TS6133: 'updateDoc' is declared but its value is never read.
components/AdminTemplateUploader.tsx(402,28): error TS2769: No overload matches this call.
  Overload 1 of 3, '(firestore: Firestore, path: string, ...pathSegments: string[]): DocumentReference<DocumentData, DocumentData>', gave the following error.
    Argument of type 'Firestore | null' is not assignable to parameter of type 'Firestore'.
      Type 'null' is not assignable to type 'Firestore'.
  Overload 2 of 3, '(reference: CollectionReference<unknown, DocumentData>, path?: string | undefined, ...pathSegments: string[]): DocumentReference<unknown, DocumentData>', gave the following error.
    Argument of type 'Firestore | null' is not assignable to parameter of type 'CollectionReference<unknown, DocumentData>'.
      Type 'null' is not assignable to type 'CollectionReference<unknown, DocumentData>'.
  Overload 3 of 3, '(reference: DocumentReference<unknown, DocumentData>, path: string, ...pathSegments: string[]): DocumentReference<DocumentData, DocumentData>', gave the following error.
    Argument of type 'Firestore | null' is not assignable to parameter of type 'DocumentReference<unknown, DocumentData>'.
      Type 'null' is not assignable to type 'DocumentReference<unknown, DocumentData>'.
components/AdminTemplateUploader.tsx(460,28): error TS2769: No overload matches this call.
  Overload 1 of 3, '(firestore: Firestore, path: string, ...pathSegments: string[]): DocumentReference<DocumentData, DocumentData>', gave the following error.
    Argument of type 'Firestore | null' is not assignable to parameter of type 'Firestore'.
      Type 'null' is not assignable to type 'Firestore'.
  Overload 2 of 3, '(reference: CollectionReference<unknown, DocumentData>, path?: string | undefined, ...pathSegments: string[]): DocumentReference<unknown, DocumentData>', gave the following error.
    Argument of type 'Firestore | null' is not assignable to parameter of type 'CollectionReference<unknown, DocumentData>'.
      Type 'null' is not assignable to type 'CollectionReference<unknown, DocumentData>'.
  Overload 3 of 3, '(reference: DocumentReference<unknown, DocumentData>, path: string, ...pathSegments: string[]): DocumentReference<DocumentData, DocumentData>', gave the following error.
    Argument of type 'Firestore | null' is not assignable to parameter of type 'DocumentReference<unknown, DocumentData>'.
      Type 'null' is not assignable to type 'DocumentReference<unknown, DocumentData>'.
components/AdminTemplateUploader.tsx(485,30): error TS2769: No overload matches this call.
  Overload 1 of 3, '(firestore: Firestore, path: string, ...pathSegments: string[]): DocumentReference<DocumentData, DocumentData>', gave the following error.
    Argument of type 'Firestore | null' is not assignable to parameter of type 'Firestore'.
      Type 'null' is not assignable to type 'Firestore'.
  Overload 2 of 3, '(reference: CollectionReference<unknown, DocumentData>, path?: string | undefined, ...pathSegments: string[]): DocumentReference<unknown, DocumentData>', gave the following error.
    Argument of type 'Firestore | null' is not assignable to parameter of type 'CollectionReference<unknown, DocumentData>'.
      Type 'null' is not assignable to type 'CollectionReference<unknown, DocumentData>'.
  Overload 3 of 3, '(reference: DocumentReference<unknown, DocumentData>, path: string, ...pathSegments: string[]): DocumentReference<DocumentData, DocumentData>', gave the following error.
    Argument of type 'Firestore | null' is not assignable to parameter of type 'DocumentReference<unknown, DocumentData>'.
      Type 'null' is not assignable to type 'DocumentReference<unknown, DocumentData>'.
components/AdminTemplateUploader.tsx(515,30): error TS2769: No overload matches this call.
  Overload 1 of 3, '(firestore: Firestore, path: string, ...pathSegments: string[]): DocumentReference<DocumentData, DocumentData>', gave the following error.
    Argument of type 'Firestore | null' is not assignable to parameter of type 'Firestore'.
      Type 'null' is not assignable to type 'Firestore'.
  Overload 2 of 3, '(reference: CollectionReference<unknown, DocumentData>, path?: string | undefined, ...pathSegments: string[]): DocumentReference<unknown, DocumentData>', gave the following error.
    Argument of type 'Firestore | null' is not assignable to parameter of type 'CollectionReference<unknown, DocumentData>'.
      Type 'null' is not assignable to type 'CollectionReference<unknown, DocumentData>'.
  Overload 3 of 3, '(reference: DocumentReference<unknown, DocumentData>, path: string, ...pathSegments: string[]): DocumentReference<DocumentData, DocumentData>', gave the following error.
    Argument of type 'Firestore | null' is not assignable to parameter of type 'DocumentReference<unknown, DocumentData>'.
      Type 'null' is not assignable to type 'DocumentReference<unknown, DocumentData>'.
components/AdminTemplateUploader.tsx(538,28): error TS2769: No overload matches this call.
  Overload 1 of 3, '(firestore: Firestore, path: string, ...pathSegments: string[]): DocumentReference<DocumentData, DocumentData>', gave the following error.
    Argument of type 'Firestore | null' is not assignable to parameter of type 'Firestore'.
      Type 'null' is not assignable to type 'Firestore'.
  Overload 2 of 3, '(reference: CollectionReference<unknown, DocumentData>, path?: string | undefined, ...pathSegments: string[]): DocumentReference<unknown, DocumentData>', gave the following error.
    Argument of type 'Firestore | null' is not assignable to parameter of type 'CollectionReference<unknown, DocumentData>'.
      Type 'null' is not assignable to type 'CollectionReference<unknown, DocumentData>'.
  Overload 3 of 3, '(reference: DocumentReference<unknown, DocumentData>, path: string, ...pathSegments: string[]): DocumentReference<DocumentData, DocumentData>', gave the following error.
    Argument of type 'Firestore | null' is not assignable to parameter of type 'DocumentReference<unknown, DocumentData>'.
      Type 'null' is not assignable to type 'DocumentReference<unknown, DocumentData>'.
components/AdminTemplateUploader.tsx(605,34): error TS18047: 'auth' is possibly 'null'.
components/AdminTemplateUploader.tsx(608,32): error TS18047: 'auth' is possibly 'null'.
components/AdminTemplateUploader.tsx(632,45): error TS2769: No overload matches this call.
  Overload 1 of 3, '(firestore: Firestore, path: string, ...pathSegments: string[]): DocumentReference<DocumentData, DocumentData>', gave the following error.
    Argument of type 'Firestore | null' is not assignable to parameter of type 'Firestore'.
      Type 'null' is not assignable to type 'Firestore'.
  Overload 2 of 3, '(reference: CollectionReference<unknown, DocumentData>, path?: string | undefined, ...pathSegments: string[]): DocumentReference<unknown, DocumentData>', gave the following error.
    Argument of type 'Firestore | null' is not assignable to parameter of type 'CollectionReference<unknown, DocumentData>'.
      Type 'null' is not assignable to type 'CollectionReference<unknown, DocumentData>'.
  Overload 3 of 3, '(reference: DocumentReference<unknown, DocumentData>, path: string, ...pathSegments: string[]): DocumentReference<DocumentData, DocumentData>', gave the following error.
    Argument of type 'Firestore | null' is not assignable to parameter of type 'DocumentReference<unknown, DocumentData>'.
      Type 'null' is not assignable to type 'DocumentReference<unknown, DocumentData>'.
components/AdminTestingPage.tsx(4,52): error TS6133: 'Send' is declared but its value is never read.
components/AdminVerifyLogin.tsx(6,24): error TS2307: Cannot find module '../assets/healqr-logo.png' or its corresponding type declarations.
components/AdminVerifyLogin.tsx(83,13): error TS6133: 'user' is declared but its value is never read.
components/AdvanceBooking.tsx(4,41): error TS6133: 'ArrowLeft' is declared but its value is never read.
components/AdvanceBooking.tsx(162,31): error TS2769: No overload matches this call.
  Overload 1 of 3, '(firestore: Firestore, path: string, ...pathSegments: string[]): DocumentReference<DocumentData, DocumentData>', gave the following error.
    Argument of type 'Firestore | null' is not assignable to parameter of type 'Firestore'.
      Type 'null' is not assignable to type 'Firestore'.
  Overload 2 of 3, '(reference: CollectionReference<unknown, DocumentData>, path?: string | undefined, ...pathSegments: string[]): DocumentReference<unknown, DocumentData>', gave the following error.
    Argument of type 'Firestore | null' is not assignable to parameter of type 'CollectionReference<unknown, DocumentData>'.
      Type 'null' is not assignable to type 'CollectionReference<unknown, DocumentData>'.
  Overload 3 of 3, '(reference: DocumentReference<unknown, DocumentData>, path: string, ...pathSegments: string[]): DocumentReference<DocumentData, DocumentData>', gave the following error.
    Argument of type 'Firestore | null' is not assignable to parameter of type 'DocumentReference<unknown, DocumentData>'.
      Type 'null' is not assignable to type 'DocumentReference<unknown, DocumentData>'.
components/AdvanceBooking.tsx(188,37): error TS2769: No overload matches this call.
  Overload 1 of 3, '(firestore: Firestore, path: string, ...pathSegments: string[]): DocumentReference<DocumentData, DocumentData>', gave the following error.
    Argument of type 'Firestore | null' is not assignable to parameter of type 'Firestore'.
      Type 'null' is not assignable to type 'Firestore'.
  Overload 2 of 3, '(reference: CollectionReference<unknown, DocumentData>, path?: string | undefined, ...pathSegments: string[]): DocumentReference<unknown, DocumentData>', gave the following error.
    Argument of type 'Firestore | null' is not assignable to parameter of type 'CollectionReference<unknown, DocumentData>'.
      Type 'null' is not assignable to type 'CollectionReference<unknown, DocumentData>'.
  Overload 3 of 3, '(reference: DocumentReference<unknown, DocumentData>, path: string, ...pathSegments: string[]): DocumentReference<DocumentData, DocumentData>', gave the following error.
    Argument of type 'Firestore | null' is not assignable to parameter of type 'DocumentReference<unknown, DocumentData>'.
      Type 'null' is not assignable to type 'DocumentReference<unknown, DocumentData>'.
components/AdvanceBooking.tsx(197,45): error TS2769: No overload matches this call.
  Overload 1 of 3, '(firestore: Firestore, path: string, ...pathSegments: string[]): DocumentReference<DocumentData, DocumentData>', gave the following error.
    Argument of type 'Firestore | null' is not assignable to parameter of type 'Firestore'.
      Type 'null' is not assignable to type 'Firestore'.
  Overload 2 of 3, '(reference: CollectionReference<unknown, DocumentData>, path?: string | undefined, ...pathSegments: string[]): DocumentReference<unknown, DocumentData>', gave the following error.
    Argument of type 'Firestore | null' is not assignable to parameter of type 'CollectionReference<unknown, DocumentData>'.
      Type 'null' is not assignable to type 'CollectionReference<unknown, DocumentData>'.
  Overload 3 of 3, '(reference: DocumentReference<unknown, DocumentData>, path: string, ...pathSegments: string[]): DocumentReference<DocumentData, DocumentData>', gave the following error.
    Argument of type 'Firestore | null' is not assignable to parameter of type 'DocumentReference<unknown, DocumentData>'.
      Type 'null' is not assignable to type 'DocumentReference<unknown, DocumentData>'.
components/AdvanceBooking.tsx(251,42): error TS2769: No overload matches this call.
  Overload 1 of 3, '(firestore: Firestore, path: string, ...pathSegments: string[]): CollectionReference<DocumentData, DocumentData>', gave the following error.
    Argument of type 'Firestore | null' is not assignable to parameter of type 'Firestore'.
      Type 'null' is not assignable to type 'Firestore'.
  Overload 2 of 3, '(reference: CollectionReference<unknown, DocumentData>, path: string, ...pathSegments: string[]): CollectionReference<DocumentData, DocumentData>', gave the following error.
    Argument of type 'Firestore | null' is not assignable to parameter of type 'CollectionReference<unknown, DocumentData>'.
      Type 'null' is not assignable to type 'CollectionReference<unknown, DocumentData>'.
  Overload 3 of 3, '(reference: DocumentReference<unknown, DocumentData>, path: string, ...pathSegments: string[]): CollectionReference<DocumentData, DocumentData>', gave the following error.
    Argument of type 'Firestore | null' is not assignable to parameter of type 'DocumentReference<unknown, DocumentData>'.
      Type 'null' is not assignable to type 'DocumentReference<unknown, DocumentData>'.
components/AdvanceBooking.tsx(309,41): error TS2769: No overload matches this call.
  Overload 1 of 3, '(firestore: Firestore, path: string, ...pathSegments: string[]): CollectionReference<DocumentData, DocumentData>', gave the following error.
    Argument of type 'Firestore | null' is not assignable to parameter of type 'Firestore'.
      Type 'null' is not assignable to type 'Firestore'.
  Overload 2 of 3, '(reference: CollectionReference<unknown, DocumentData>, path: string, ...pathSegments: string[]): CollectionReference<DocumentData, DocumentData>', gave the following error.
    Argument of type 'Firestore | null' is not assignable to parameter of type 'CollectionReference<unknown, DocumentData>'.
      Type 'null' is not assignable to type 'CollectionReference<unknown, DocumentData>'.
  Overload 3 of 3, '(reference: DocumentReference<unknown, DocumentData>, path: string, ...pathSegments: string[]): CollectionReference<DocumentData, DocumentData>', gave the following error.
    Argument of type 'Firestore | null' is not assignable to parameter of type 'DocumentReference<unknown, DocumentData>'.
      Type 'null' is not assignable to type 'DocumentReference<unknown, DocumentData>'.
components/AdvanceBooking.tsx(333,40): error TS2769: No overload matches this call.
  Overload 1 of 3, '(firestore: Firestore, path: string, ...pathSegments: string[]): CollectionReference<DocumentData, DocumentData>', gave the following error.
    Argument of type 'Firestore | null' is not assignable to parameter of type 'Firestore'.
      Type 'null' is not assignable to type 'Firestore'.
  Overload 2 of 3, '(reference: CollectionReference<unknown, DocumentData>, path: string, ...pathSegments: string[]): CollectionReference<DocumentData, DocumentData>', gave the following error.
    Argument of type 'Firestore | null' is not assignable to parameter of type 'CollectionReference<unknown, DocumentData>'.
      Type 'null' is not assignable to type 'CollectionReference<unknown, DocumentData>'.
  Overload 3 of 3, '(reference: DocumentReference<unknown, DocumentData>, path: string, ...pathSegments: string[]): CollectionReference<DocumentData, DocumentData>', gave the following error.
    Argument of type 'Firestore | null' is not assignable to parameter of type 'DocumentReference<unknown, DocumentData>'.
      Type 'null' is not assignable to type 'DocumentReference<unknown, DocumentData>'.
components/AdvertiserAnalytics.tsx(16,10): error TS6133: 'Calendar' is declared but its value is never read.
components/AdvertiserAnalytics.tsx(139,45): error TS6133: 'entry' is declared but its value is never read.
components/AdvertiserCampaignGrid.tsx(7,3): error TS6133: 'CheckCircle2' is declared but its value is never read.
components/AdvertiserCampaignGrid.tsx(9,3): error TS6133: 'Info' is declared but its value is never read.
components/AdvertiserCampaignGrid.tsx(10,3): error TS6133: 'Users' is declared but its value is never read.
components/AdvertiserCampaignGrid.tsx(16,3): error TS6133: 'Filter' is declared but its value is never read.
components/AdvertiserCampaignGrid.tsx(54,91): error TS6133: 'initialSpecialties' is declared but its value is never read.
components/AdvertiserCampaignGrid.tsx(54,111): error TS6133: 'onBack' is declared but its value is never read.
components/AdvertiserCampaigns.tsx(80,20): error TS18047: 'auth' is possibly 'null'.
components/AdvertiserCampaigns.tsx(92,31): error TS2769: No overload matches this call.
  Overload 1 of 3, '(firestore: Firestore, path: string, ...pathSegments: string[]): CollectionReference<DocumentData, DocumentData>', gave the following error.
    Argument of type 'Firestore | null' is not assignable to parameter of type 'Firestore'.
      Type 'null' is not assignable to type 'Firestore'.
  Overload 2 of 3, '(reference: CollectionReference<unknown, DocumentData>, path: string, ...pathSegments: string[]): CollectionReference<DocumentData, DocumentData>', gave the following error.
    Argument of type 'Firestore | null' is not assignable to parameter of type 'CollectionReference<unknown, DocumentData>'.
      Type 'null' is not assignable to type 'CollectionReference<unknown, DocumentData>'.
  Overload 3 of 3, '(reference: DocumentReference<unknown, DocumentData>, path: string, ...pathSegments: string[]): CollectionReference<DocumentData, DocumentData>', gave the following error.
    Argument of type 'Firestore | null' is not assignable to parameter of type 'DocumentReference<unknown, DocumentData>'.
      Type 'null' is not assignable to type 'DocumentReference<unknown, DocumentData>'.
components/AdvertiserCampaigns.tsx(155,13): error TS2367: This comparison appears to be unintentional because the types '"create"' and '"history"' have no overlap.
components/AdvertiserDashboard.tsx(20,27): error TS2307: Cannot find module '../assets/healQRADS_LOGO.svg' or its corresponding type declarations.
components/AdvertiserDashboard.tsx(36,10): error TS6133: 'loading' is declared but its value is never read.
components/AdvertiserDashboard.tsx(40,20): error TS18047: 'auth' is possibly 'null'.
components/AdvertiserDashboard.tsx(53,22): error TS2769: No overload matches this call.
  Overload 1 of 3, '(firestore: Firestore, path: string, ...pathSegments: string[]): CollectionReference<DocumentData, DocumentData>', gave the following error.
    Argument of type 'Firestore | null' is not assignable to parameter of type 'Firestore'.
      Type 'null' is not assignable to type 'Firestore'.
  Overload 2 of 3, '(reference: CollectionReference<unknown, DocumentData>, path: string, ...pathSegments: string[]): CollectionReference<DocumentData, DocumentData>', gave the following error.
    Argument of type 'Firestore | null' is not assignable to parameter of type 'CollectionReference<unknown, DocumentData>'.
      Type 'null' is not assignable to type 'CollectionReference<unknown, DocumentData>'.
  Overload 3 of 3, '(reference: DocumentReference<unknown, DocumentData>, path: string, ...pathSegments: string[]): CollectionReference<DocumentData, DocumentData>', gave the following error.
    Argument of type 'Firestore | null' is not assignable to parameter of type 'DocumentReference<unknown, DocumentData>'.
      Type 'null' is not assignable to type 'DocumentReference<unknown, DocumentData>'.
components/AdvertiserGateway.tsx(2,27): error TS2307: Cannot find module '../assets/healQRADS_LOGO.svg' or its corresponding type declarations.
components/AdvertiserGatewayModal.tsx(2,27): error TS2307: Cannot find module '../assets/healQRADS_LOGO.svg' or its corresponding type declarations.
components/AdvertiserHealthTips.tsx(2,44): error TS6133: 'Image' is declared but its value is never read.
components/AdvertiserHealthTips.tsx(4,86): error TS6133: 'orderBy' is declared but its value is never read.
components/AdvertiserLogin.tsx(2,10): error TS6133: 'ArrowLeft' is declared but its value is never read.
components/AdvertiserLogin.tsx(2,27): error TS6133: 'Lock' is declared but its value is never read.
components/AdvertiserLogin.tsx(7,27): error TS2307: Cannot find module '../assets/healQRADS_LOGO.svg' or its corresponding type declarations.
components/AdvertiserLogin.tsx(32,50): error TS2339: Property 'login' does not exist on type 'typeof AuthService'.
components/AdvertiserLogin.tsx(36,48): error TS2769: No overload matches this call.
  Overload 1 of 3, '(firestore: Firestore, path: string, ...pathSegments: string[]): DocumentReference<DocumentData, DocumentData>', gave the following error.
    Argument of type 'Firestore | null' is not assignable to parameter of type 'Firestore'.
      Type 'null' is not assignable to type 'Firestore'.
  Overload 2 of 3, '(reference: CollectionReference<unknown, DocumentData>, path?: string | undefined, ...pathSegments: string[]): DocumentReference<unknown, DocumentData>', gave the following error.
    Argument of type 'Firestore | null' is not assignable to parameter of type 'CollectionReference<unknown, DocumentData>'.
      Type 'null' is not assignable to type 'CollectionReference<unknown, DocumentData>'.
  Overload 3 of 3, '(reference: DocumentReference<unknown, DocumentData>, path: string, ...pathSegments: string[]): DocumentReference<DocumentData, DocumentData>', gave the following error.
    Argument of type 'Firestore | null' is not assignable to parameter of type 'DocumentReference<unknown, DocumentData>'.
      Type 'null' is not assignable to type 'DocumentReference<unknown, DocumentData>'.
components/AdvertiserMarketResearch.tsx(2,43): error TS6133: 'Building2' is declared but its value is never read.
components/AdvertiserMarketResearch.tsx(4,31): error TS6133: 'query' is declared but its value is never read.
components/AdvertiserMarketResearch.tsx(4,38): error TS6133: 'where' is declared but its value is never read.
components/AdvertiserMarketResearch.tsx(5,34): error TS6133: 'getStatesInZone' is declared but its value is never read.
components/AdvertiserMarketResearch.tsx(5,51): error TS6133: 'getAllZones' is declared but its value is never read.
components/AdvertiserMarketResearch.tsx(5,64): error TS6133: 'getAllStates' is declared but its value is never read.
components/AdvertiserSignUp.tsx(2,85): error TS6133: 'Briefcase' is declared but its value is never read.
components/AdvertiserSignUp.tsx(7,27): error TS2307: Cannot find module '../assets/healQRADS_LOGO.svg' or its corresponding type declarations.
components/AdvertiserSignUp.tsx(60,50): error TS2339: Property 'signUp' does not exist on type 'typeof AuthService'.
components/AdvertiserSignUp.tsx(71,24): error TS2769: No overload matches this call.
  Overload 1 of 3, '(firestore: Firestore, path: string, ...pathSegments: string[]): DocumentReference<DocumentData, DocumentData>', gave the following error.
    Argument of type 'Firestore | null' is not assignable to parameter of type 'Firestore'.
      Type 'null' is not assignable to type 'Firestore'.
  Overload 2 of 3, '(reference: CollectionReference<unknown, DocumentData>, path?: string | undefined, ...pathSegments: string[]): DocumentReference<unknown, DocumentData>', gave the following error.
    Argument of type 'Firestore | null' is not assignable to parameter of type 'CollectionReference<unknown, DocumentData>'.
      Type 'null' is not assignable to type 'CollectionReference<unknown, DocumentData>'.
  Overload 3 of 3, '(reference: DocumentReference<unknown, DocumentData>, path: string, ...pathSegments: string[]): DocumentReference<DocumentData, DocumentData>', gave the following error.
    Argument of type 'Firestore | null' is not assignable to parameter of type 'DocumentReference<unknown, DocumentData>'.
      Type 'null' is not assignable to type 'DocumentReference<unknown, DocumentData>'.
components/AdvertiserWallet.tsx(13,19): error TS6133: 'setBalance' is declared but its value is never read.
components/AIDietChartManager.tsx(528,36): error TS2345: Argument of type 'FirebaseApp | null' is not assignable to parameter of type 'FirebaseApp | undefined'.
  Type 'null' is not assignable to type 'FirebaseApp | undefined'.
components/AIRXNotificationTemplate.tsx(19,3): error TS6133: 'reportUrl' is declared but its value is never read.
components/AIRXPatientNotification.tsx(12,69): error TS6133: 'ArrowRight' is declared but its value is never read.
components/AIRXReaderHistory.tsx(93,27): error TS6133: 'record' is declared but its value is never read.
components/AIRXReaderManager.tsx(19,3): error TS6133: 'doctorName' is declared but its value is never read.
components/AIRXReaderManager.tsx(20,3): error TS6133: 'email' is declared but its value is never read.
components/Analytics.tsx(4,28): error TS6133: 'CalendarIcon' is declared but its value is never read.
components/Analytics.tsx(4,94): error TS6133: 'XCircle' is declared but its value is never read.
components/Analytics.tsx(5,84): error TS6133: 'Legend' is declared but its value is never read.
components/Analytics.tsx(61,31): error TS2769: No overload matches this call.
  Overload 1 of 3, '(firestore: Firestore, path: string, ...pathSegments: string[]): DocumentReference<DocumentData, DocumentData>', gave the following error.
    Argument of type 'Firestore | null' is not assignable to parameter of type 'Firestore'.
      Type 'null' is not assignable to type 'Firestore'.
  Overload 2 of 3, '(reference: CollectionReference<unknown, DocumentData>, path?: string | undefined, ...pathSegments: string[]): DocumentReference<unknown, DocumentData>', gave the following error.
    Argument of type 'Firestore | null' is not assignable to parameter of type 'CollectionReference<unknown, DocumentData>'.
      Type 'null' is not assignable to type 'CollectionReference<unknown, DocumentData>'.
  Overload 3 of 3, '(reference: DocumentReference<unknown, DocumentData>, path: string, ...pathSegments: string[]): DocumentReference<DocumentData, DocumentData>', gave the following error.
    Argument of type 'Firestore | null' is not assignable to parameter of type 'DocumentReference<unknown, DocumentData>'.
      Type 'null' is not assignable to type 'DocumentReference<unknown, DocumentData>'.
components/Analytics.tsx(98,31): error TS2769: No overload matches this call.
  Overload 1 of 3, '(firestore: Firestore, path: string, ...pathSegments: string[]): DocumentReference<DocumentData, DocumentData>', gave the following error.
    Argument of type 'Firestore | null' is not assignable to parameter of type 'Firestore'.
      Type 'null' is not assignable to type 'Firestore'.
  Overload 2 of 3, '(reference: CollectionReference<unknown, DocumentData>, path?: string | undefined, ...pathSegments: string[]): DocumentReference<unknown, DocumentData>', gave the following error.
    Argument of type 'Firestore | null' is not assignable to parameter of type 'CollectionReference<unknown, DocumentData>'.
      Type 'null' is not assignable to type 'CollectionReference<unknown, DocumentData>'.
  Overload 3 of 3, '(reference: DocumentReference<unknown, DocumentData>, path: string, ...pathSegments: string[]): DocumentReference<DocumentData, DocumentData>', gave the following error.
    Argument of type 'Firestore | null' is not assignable to parameter of type 'DocumentReference<unknown, DocumentData>'.
      Type 'null' is not assignable to type 'DocumentReference<unknown, DocumentData>'.
components/Analytics.tsx(103,15): error TS6133: 'doctorData' is declared but its value is never read.
components/Analytics.tsx(129,40): error TS2769: No overload matches this call.
  Overload 1 of 3, '(firestore: Firestore, path: string, ...pathSegments: string[]): CollectionReference<DocumentData, DocumentData>', gave the following error.
    Argument of type 'Firestore | null' is not assignable to parameter of type 'Firestore'.
      Type 'null' is not assignable to type 'Firestore'.
  Overload 2 of 3, '(reference: CollectionReference<unknown, DocumentData>, path: string, ...pathSegments: string[]): CollectionReference<DocumentData, DocumentData>', gave the following error.
    Argument of type 'Firestore | null' is not assignable to parameter of type 'CollectionReference<unknown, DocumentData>'.
      Type 'null' is not assignable to type 'CollectionReference<unknown, DocumentData>'.
  Overload 3 of 3, '(reference: DocumentReference<unknown, DocumentData>, path: string, ...pathSegments: string[]): CollectionReference<DocumentData, DocumentData>', gave the following error.
    Argument of type 'Firestore | null' is not assignable to parameter of type 'DocumentReference<unknown, DocumentData>'.
      Type 'null' is not assignable to type 'DocumentReference<unknown, DocumentData>'.
components/Analytics.tsx(333,9): error TS2322: Type '((menu: string) => void) | undefined' is not assignable to type '(menu: string) => void'.
  Type 'undefined' is not assignable to type '(menu: string) => void'.
components/AppointmentCancelledNotification.tsx(17,3): error TS6133: 'bookingId' is declared but its value is never read.
components/AppointmentReminderNotification.tsx(48,22): error TS7053: Element implicitly has an 'any' type because expression of type 'Language' can't be used to index type '{ english: string; hindi: string; bengali: string; }'.
  Property 'tamil' does not exist on type '{ english: string; hindi: string; bengali: string; }'.
components/AppointmentReminderNotification.tsx(66,18): error TS7053: Element implicitly has an 'any' type because expression of type 'Language' can't be used to index type '{ english: string; hindi: string; bengali: string; }'.
  Property 'tamil' does not exist on type '{ english: string; hindi: string; bengali: string; }'.
components/AppointmentReminderNotification.tsx(71,18): error TS7053: Element implicitly has an 'any' type because expression of type 'Language' can't be used to index type '{ english: string; hindi: string; bengali: string; }'.
  Property 'tamil' does not exist on type '{ english: string; hindi: string; bengali: string; }'.
components/AppointmentReminderNotification.tsx(71,73): error TS7053: Element implicitly has an 'any' type because expression of type 'Language' can't be used to index type '{ english: string; hindi: string; bengali: string; }'.
  Property 'tamil' does not exist on type '{ english: string; hindi: string; bengali: string; }'.
components/AppointmentReminderNotification.tsx(77,52): error TS7053: Element implicitly has an 'any' type because expression of type 'Language' can't be used to index type '{ english: string; hindi: string; bengali: string; }'.
  Property 'tamil' does not exist on type '{ english: string; hindi: string; bengali: string; }'.
components/AppointmentReminderNotification.tsx(81,52): error TS7053: Element implicitly has an 'any' type because expression of type 'Language' can't be used to index type '{ english: string; hindi: string; bengali: string; }'.
  Property 'tamil' does not exist on type '{ english: string; hindi: string; bengali: string; }'.
components/AppointmentReminderNotification.tsx(85,52): error TS7053: Element implicitly has an 'any' type because expression of type 'Language' can't be used to index type '{ english: string; hindi: string; bengali: string; }'.
  Property 'tamil' does not exist on type '{ english: string; hindi: string; bengali: string; }'.
components/AppointmentReminderNotification.tsx(89,52): error TS7053: Element implicitly has an 'any' type because expression of type 'Language' can't be used to index type '{ english: string; hindi: string; bengali: string; }'.
  Property 'tamil' does not exist on type '{ english: string; hindi: string; bengali: string; }'.
components/AppointmentReminderNotification.tsx(96,60): error TS7053: Element implicitly has an 'any' type because expression of type 'Language' can't be used to index type '{ english: string; hindi: string; bengali: string; }'.
  Property 'tamil' does not exist on type '{ english: string; hindi: string; bengali: string; }'.
components/AppointmentReminderNotification.tsx(98,23): error TS7053: Element implicitly has an 'any' type because expression of type 'Language' can't be used to index type '{ english: string; hindi: string; bengali: string; }'.
  Property 'tamil' does not exist on type '{ english: string; hindi: string; bengali: string; }'.
components/AppointmentReminderNotification.tsx(99,23): error TS7053: Element implicitly has an 'any' type because expression of type 'Language' can't be used to index type '{ english: string; hindi: string; bengali: string; }'.
  Property 'tamil' does not exist on type '{ english: string; hindi: string; bengali: string; }'.
components/AppointmentReminderNotification.tsx(100,23): error TS7053: Element implicitly has an 'any' type because expression of type 'Language' can't be used to index type '{ english: string; hindi: string; bengali: string; }'.
  Property 'tamil' does not exist on type '{ english: string; hindi: string; bengali: string; }'.
components/AppointmentReminderNotification.tsx(109,18): error TS7053: Element implicitly has an 'any' type because expression of type 'Language' can't be used to index type '{ english: string; hindi: string; bengali: string; assamese: string; }'.
  Property 'tamil' does not exist on type '{ english: string; hindi: string; bengali: string; assamese: string; }'.
components/AppointmentRestoredNotification.tsx(31,3): error TS6133: 'bookingId' is declared but its value is never read.
components/AppointmentRestoredNotification.tsx(44,3): error TS6133: 'healthTip' is declared but its value is never read.
components/AppointmentSlotReleasedNotification.tsx(44,22): error TS7053: Element implicitly has an 'any' type because expression of type 'Language' can't be used to index type '{ english: string; hindi: string; bengali: string; }'.
  Property 'tamil' does not exist on type '{ english: string; hindi: string; bengali: string; }'.
components/AppointmentSlotReleasedNotification.tsx(62,18): error TS7053: Element implicitly has an 'any' type because expression of type 'Language' can't be used to index type '{ english: string; hindi: string; bengali: string; }'.
  Property 'tamil' does not exist on type '{ english: string; hindi: string; bengali: string; }'.
components/AppointmentSlotReleasedNotification.tsx(67,18): error TS7053: Element implicitly has an 'any' type because expression of type 'Language' can't be used to index type '{ english: string; hindi: string; bengali: string; }'.
  Property 'tamil' does not exist on type '{ english: string; hindi: string; bengali: string; }'.
components/AppointmentSlotReleasedNotification.tsx(67,77): error TS7053: Element implicitly has an 'any' type because expression of type 'Language' can't be used to index type '{ english: string; hindi: string; bengali: string; }'.
  Property 'tamil' does not exist on type '{ english: string; hindi: string; bengali: string; }'.
components/AppointmentSlotReleasedNotification.tsx(67,137): error TS7053: Element implicitly has an 'any' type because expression of type 'Language' can't be used to index type '{ english: string; hindi: string; bengali: string; }'.
  Property 'tamil' does not exist on type '{ english: string; hindi: string; bengali: string; }'.
components/AppointmentSlotReleasedNotification.tsx(73,52): error TS7053: Element implicitly has an 'any' type because expression of type 'Language' can't be used to index type '{ english: string; hindi: string; bengali: string; }'.
  Property 'tamil' does not exist on type '{ english: string; hindi: string; bengali: string; }'.
components/AppointmentSlotReleasedNotification.tsx(80,60): error TS7053: Element implicitly has an 'any' type because expression of type 'Language' can't be used to index type '{ english: string; hindi: string; bengali: string; }'.
  Property 'tamil' does not exist on type '{ english: string; hindi: string; bengali: string; }'.
components/AppointmentSlotReleasedNotification.tsx(82,25): error TS7053: Element implicitly has an 'any' type because expression of type 'Language' can't be used to index type '{ english: string; hindi: string; bengali: string; }'.
  Property 'tamil' does not exist on type '{ english: string; hindi: string; bengali: string; }'.
components/AppointmentSlotReleasedNotification.tsx(83,25): error TS7053: Element implicitly has an 'any' type because expression of type 'Language' can't be used to index type '{ english: string; hindi: string; bengali: string; }'.
  Property 'tamil' does not exist on type '{ english: string; hindi: string; bengali: string; }'.
components/AppointmentSlotReleasedNotification.tsx(89,18): error TS7053: Element implicitly has an 'any' type because expression of type 'Language' can't be used to index type '{ english: string; hindi: string; bengali: string; }'.
  Property 'tamil' does not exist on type '{ english: string; hindi: string; bengali: string; }'.
components/AppointmentSlotReleasedNotification.tsx(97,18): error TS7053: Element implicitly has an 'any' type because expression of type 'Language' can't be used to index type '{ english: string; hindi: string; bengali: string; assamese: string; }'.
  Property 'tamil' does not exist on type '{ english: string; hindi: string; bengali: string; assamese: string; }'.
components/AssistantLogin.tsx(6,24): error TS2307: Cannot find module '../assets/healqr-logo.png' or its corresponding type declarations.
components/BookingConfirmation.tsx(52,3): error TS6133: 'themeColor' is declared but its value is never read.
components/BookingFlowLayout.tsx(27,9): error TS6133: 'accentColor' is declared but its value is never read.
components/BrainDeckManager.tsx(249,68): error TS2339: Property 'description' does not exist on type '{ id: number; title: string; level: DifficultyLevel; bg: string; }'.
components/ChatLinkNotification.tsx(52,3): error TS6133: 'chatLink' is declared but its value is never read.
components/ChatRequestNotification.tsx(68,3): error TS6133: 'healthTip' is declared but its value is never read.
components/ClinicAdvanceBooking.tsx(281,9): error TS2322: Type '{ activeMenu: string; onMenuChange: (menu: string) => void; onLogout: () => void; isOpen: boolean; onClose: () => void; activeAddOns: string[]; isCollapsed: boolean; onToggleCollapse: () => void | undefined; }' is not assignable to type 'IntrinsicAttributes & ClinicSidebarProps'.
  Property 'activeAddOns' does not exist on type 'IntrinsicAttributes & ClinicSidebarProps'.
components/ClinicAIDietChartManager.tsx(28,1): error TS6192: All imports in import declaration are unused.
components/ClinicAIDietChartManager.tsx(92,3): error TS6133: 'activeAddOns' is declared but its value is never read.
components/ClinicAIDietChartManager.tsx(774,16): error TS2304: Cannot find name 'Plus'.
components/ClinicAIDietChartManager.tsx(829,28): error TS2304: Cannot find name 'CreditCard'.
components/ClinicAIDietChartManager.tsx(894,28): error TS2304: Cannot find name 'Weight'.
components/ClinicAIDietChartManager.tsx(914,28): error TS2304: Cannot find name 'Scale'.
components/ClinicAIDietChartManager.tsx(1679,44): error TS2304: Cannot find name 'PlusCircle'.
components/ClinicAIRXReaderManager.tsx(114,11): error TS2322: Type '{ activeMenu: string; onMenuChange: (menu: string) => void; onLogout: () => void; activeAddOns: string[]; isCollapsed: boolean; onToggleCollapse: () => void | undefined; isOpen: boolean; onClose: () => void; }' is not assignable to type 'IntrinsicAttributes & ClinicSidebarProps'.
  Property 'activeAddOns' does not exist on type 'IntrinsicAttributes & ClinicSidebarProps'.
components/ClinicAnalytics.tsx(298,152): error TS2322: Type '{ activeMenu: string; onMenuChange: (menu: string) => void; onLogout: () => void; isOpen: boolean; onClose: () => void; activeAddOns: string[]; isCollapsed: boolean; onToggleCollapse: () => void; }' is not assignable to type 'IntrinsicAttributes & ClinicSidebarProps'.
  Property 'activeAddOns' does not exist on type 'IntrinsicAttributes & ClinicSidebarProps'.
components/ClinicAssistantAccessManager.tsx(299,9): error TS2322: Type '{ activeMenu: string; onMenuChange: (page: string) => void; onLogout: () => void; isOpen: boolean; onClose: () => void; activeAddOns: string[]; }' is not assignable to type 'IntrinsicAttributes & ClinicSidebarProps'.
  Property 'activeAddOns' does not exist on type 'IntrinsicAttributes & ClinicSidebarProps'.
components/ClinicAssistantAccessManager.tsx(394,91): error TS6133: 'e' is declared but its value is never read.
components/ClinicBookingFlow.tsx(1,31): error TS6133: 'useMemo' is declared but its value is never read.
components/ClinicBookingFlow.tsx(48,10): error TS6133: 'selectedChamberId' is declared but its value is never read.
components/ClinicBookingFlow.tsx(204,26): error TS18048: 'doctorWithChambers.chambers' is possibly 'undefined'.
components/ClinicBookingFlow.tsx(205,21): error TS18048: 'doctorWithChambers.chambers' is possibly 'undefined'.
components/ClinicBookingFlow.tsx(460,11): error TS2322: Type '(date: string) => void' is not assignable to type '(date: Date) => void'.
  Types of parameters 'date' and 'date' are incompatible.
    Type 'Date' is not assignable to type 'string'.
components/ClinicBookingFlow.tsx(486,11): error TS2322: Type 'string' is not assignable to type 'Date'.
components/ClinicBookingFlow.tsx(506,11): error TS2322: Type 'string' is not assignable to type 'Date'.
components/ClinicBookingFlow.tsx(526,11): error TS2322: Type '{ bookingId: string; onBackToHome: () => void; doctorName: string; language: Language; themeColor: "blue"; patientData: { patientName: any; whatsappNumber: any; age: any; gender: any; purposeOfVisit: any; }; appointmentData: { ...; }; }' is not assignable to type 'IntrinsicAttributes & BookingConfirmationProps'.
  Property 'bookingId' does not exist on type 'IntrinsicAttributes & BookingConfirmationProps'.
components/ClinicDashboard.tsx(16,3): error TS6133: 'QrCode' is declared but its value is never read.
components/ClinicDashboard.tsx(17,3): error TS6133: 'Users' is declared but its value is never read.
components/ClinicDashboard.tsx(134,31): error TS2769: No overload matches this call.
  Overload 1 of 3, '(firestore: Firestore, path: string, ...pathSegments: string[]): DocumentReference<DocumentData, DocumentData>', gave the following error.
    Argument of type 'Firestore | null' is not assignable to parameter of type 'Firestore'.
      Type 'null' is not assignable to type 'Firestore'.
  Overload 2 of 3, '(reference: CollectionReference<unknown, DocumentData>, path?: string | undefined, ...pathSegments: string[]): DocumentReference<unknown, DocumentData>', gave the following error.
    Argument of type 'Firestore | null' is not assignable to parameter of type 'CollectionReference<unknown, DocumentData>'.
      Type 'null' is not assignable to type 'CollectionReference<unknown, DocumentData>'.
  Overload 3 of 3, '(reference: DocumentReference<unknown, DocumentData>, path: string, ...pathSegments: string[]): DocumentReference<DocumentData, DocumentData>', gave the following error.
    Argument of type 'Firestore | null' is not assignable to parameter of type 'DocumentReference<unknown, DocumentData>'.
      Type 'null' is not assignable to type 'DocumentReference<unknown, DocumentData>'.
components/ClinicDashboard.tsx(166,18): error TS2769: No overload matches this call.
  Overload 1 of 3, '(firestore: Firestore, path: string, ...pathSegments: string[]): CollectionReference<DocumentData, DocumentData>', gave the following error.
    Argument of type 'Firestore | null' is not assignable to parameter of type 'Firestore'.
      Type 'null' is not assignable to type 'Firestore'.
  Overload 2 of 3, '(reference: CollectionReference<unknown, DocumentData>, path: string, ...pathSegments: string[]): CollectionReference<DocumentData, DocumentData>', gave the following error.
    Argument of type 'Firestore | null' is not assignable to parameter of type 'CollectionReference<unknown, DocumentData>'.
      Type 'null' is not assignable to type 'CollectionReference<unknown, DocumentData>'.
  Overload 3 of 3, '(reference: DocumentReference<unknown, DocumentData>, path: string, ...pathSegments: string[]): CollectionReference<DocumentData, DocumentData>', gave the following error.
    Argument of type 'Firestore | null' is not assignable to parameter of type 'DocumentReference<unknown, DocumentData>'.
      Type 'null' is not assignable to type 'DocumentReference<unknown, DocumentData>'.
components/ClinicDashboard.tsx(199,51): error TS2339: Property 'uid' does not exist on type '{ doctorId: string; doctorCode: string; name: string; email: string; specialties?: string[] | undefined; profileImage?: string | undefined; }'.
components/ClinicDashboard.tsx(204,24): error TS2769: No overload matches this call.
  Overload 1 of 3, '(firestore: Firestore, path: string, ...pathSegments: string[]): CollectionReference<DocumentData, DocumentData>', gave the following error.
    Argument of type 'Firestore | null' is not assignable to parameter of type 'Firestore'.
      Type 'null' is not assignable to type 'Firestore'.
  Overload 2 of 3, '(reference: CollectionReference<unknown, DocumentData>, path: string, ...pathSegments: string[]): CollectionReference<DocumentData, DocumentData>', gave the following error.
    Argument of type 'Firestore | null' is not assignable to parameter of type 'CollectionReference<unknown, DocumentData>'.
      Type 'null' is not assignable to type 'CollectionReference<unknown, DocumentData>'.
  Overload 3 of 3, '(reference: DocumentReference<unknown, DocumentData>, path: string, ...pathSegments: string[]): CollectionReference<DocumentData, DocumentData>', gave the following error.
    Argument of type 'Firestore | null' is not assignable to parameter of type 'DocumentReference<unknown, DocumentData>'.
      Type 'null' is not assignable to type 'DocumentReference<unknown, DocumentData>'.
components/ClinicDashboard.tsx(219,24): error TS2769: No overload matches this call.
  Overload 1 of 3, '(firestore: Firestore, path: string, ...pathSegments: string[]): CollectionReference<DocumentData, DocumentData>', gave the following error.
    Argument of type 'Firestore | null' is not assignable to parameter of type 'Firestore'.
      Type 'null' is not assignable to type 'Firestore'.
  Overload 2 of 3, '(reference: CollectionReference<unknown, DocumentData>, path: string, ...pathSegments: string[]): CollectionReference<DocumentData, DocumentData>', gave the following error.
    Argument of type 'Firestore | null' is not assignable to parameter of type 'CollectionReference<unknown, DocumentData>'.
      Type 'null' is not assignable to type 'CollectionReference<unknown, DocumentData>'.
  Overload 3 of 3, '(reference: DocumentReference<unknown, DocumentData>, path: string, ...pathSegments: string[]): CollectionReference<DocumentData, DocumentData>', gave the following error.
    Argument of type 'Firestore | null' is not assignable to parameter of type 'DocumentReference<unknown, DocumentData>'.
      Type 'null' is not assignable to type 'DocumentReference<unknown, DocumentData>'.
components/ClinicDashboard.tsx(307,51): error TS2339: Property 'uid' does not exist on type '{ doctorId: string; doctorCode: string; name: string; email: string; specialties?: string[] | undefined; profileImage?: string | undefined; }'.
components/ClinicDashboard.tsx(311,47): error TS2769: No overload matches this call.
  Overload 1 of 3, '(firestore: Firestore, path: string, ...pathSegments: string[]): DocumentReference<DocumentData, DocumentData>', gave the following error.
    Argument of type 'Firestore | null' is not assignable to parameter of type 'Firestore'.
      Type 'null' is not assignable to type 'Firestore'.
  Overload 2 of 3, '(reference: CollectionReference<unknown, DocumentData>, path?: string | undefined, ...pathSegments: string[]): DocumentReference<unknown, DocumentData>', gave the following error.
    Argument of type 'Firestore | null' is not assignable to parameter of type 'CollectionReference<unknown, DocumentData>'.
      Type 'null' is not assignable to type 'CollectionReference<unknown, DocumentData>'.
  Overload 3 of 3, '(reference: DocumentReference<unknown, DocumentData>, path: string, ...pathSegments: string[]): DocumentReference<DocumentData, DocumentData>', gave the following error.
    Argument of type 'Firestore | null' is not assignable to parameter of type 'DocumentReference<unknown, DocumentData>'.
      Type 'null' is not assignable to type 'DocumentReference<unknown, DocumentData>'.
components/ClinicDashboard.tsx(345,13): error TS2353: Object literal may only specify known properties, and 'specialization' does not exist in type 'TodayChamber'.
components/ClinicDashboard.tsx(365,21): error TS2345: Argument of type 'Auth | null' is not assignable to parameter of type 'Auth'.
  Type 'null' is not assignable to type 'Auth'.
components/ClinicDashboard.tsx(493,37): error TS18047: 'auth' is possibly 'null'.
components/ClinicDashboard_BROKEN.tsx(10,3): error TS6133: 'MapPin' is declared but its value is never read.
components/ClinicDashboard_BROKEN.tsx(12,3): error TS6133: 'LogOut' is declared but its value is never read.
components/ClinicDashboard_BROKEN.tsx(13,3): error TS6133: 'Settings' is declared but its value is never read.
components/ClinicDashboard_BROKEN.tsx(16,3): error TS6133: 'Search' is declared but its value is never read.
components/ClinicDashboard_BROKEN.tsx(25,3): error TS6133: 'Mail' is declared but its value is never read.
components/ClinicDashboard_BROKEN.tsx(79,20): error TS18047: 'auth' is possibly 'null'.
components/ClinicDashboard_BROKEN.tsx(83,42): error TS2769: No overload matches this call.
  Overload 1 of 3, '(firestore: Firestore, path: string, ...pathSegments: string[]): DocumentReference<DocumentData, DocumentData>', gave the following error.
    Argument of type 'Firestore | null' is not assignable to parameter of type 'Firestore'.
      Type 'null' is not assignable to type 'Firestore'.
  Overload 2 of 3, '(reference: CollectionReference<unknown, DocumentData>, path?: string | undefined, ...pathSegments: string[]): DocumentReference<unknown, DocumentData>', gave the following error.
    Argument of type 'Firestore | null' is not assignable to parameter of type 'CollectionReference<unknown, DocumentData>'.
      Type 'null' is not assignable to type 'CollectionReference<unknown, DocumentData>'.
  Overload 3 of 3, '(reference: DocumentReference<unknown, DocumentData>, path: string, ...pathSegments: string[]): DocumentReference<DocumentData, DocumentData>', gave the following error.
    Argument of type 'Firestore | null' is not assignable to parameter of type 'DocumentReference<unknown, DocumentData>'.
      Type 'null' is not assignable to type 'DocumentReference<unknown, DocumentData>'.
components/ClinicDashboard_BROKEN.tsx(94,39): error TS2769: No overload matches this call.
  Overload 1 of 3, '(firestore: Firestore, path: string, ...pathSegments: string[]): CollectionReference<DocumentData, DocumentData>', gave the following error.
    Argument of type 'Firestore | null' is not assignable to parameter of type 'Firestore'.
      Type 'null' is not assignable to type 'Firestore'.
  Overload 2 of 3, '(reference: CollectionReference<unknown, DocumentData>, path: string, ...pathSegments: string[]): CollectionReference<DocumentData, DocumentData>', gave the following error.
    Argument of type 'Firestore | null' is not assignable to parameter of type 'CollectionReference<unknown, DocumentData>'.
      Type 'null' is not assignable to type 'CollectionReference<unknown, DocumentData>'.
  Overload 3 of 3, '(reference: DocumentReference<unknown, DocumentData>, path: string, ...pathSegments: string[]): CollectionReference<DocumentData, DocumentData>', gave the following error.
    Argument of type 'Firestore | null' is not assignable to parameter of type 'DocumentReference<unknown, DocumentData>'.
      Type 'null' is not assignable to type 'DocumentReference<unknown, DocumentData>'.
components/ClinicDashboard_BROKEN.tsx(110,21): error TS2345: Argument of type 'Auth | null' is not assignable to parameter of type 'Auth'.
  Type 'null' is not assignable to type 'Auth'.
components/ClinicDashboard_BROKEN.tsx(117,9): error TS6133: 'handleCentralizedReviewsToggle' is declared but its value is never read.
components/ClinicDashboard_BROKEN.tsx(121,29): error TS2769: No overload matches this call.
  Overload 1 of 3, '(firestore: Firestore, path: string, ...pathSegments: string[]): DocumentReference<DocumentData, DocumentData>', gave the following error.
    Argument of type 'Firestore | null' is not assignable to parameter of type 'Firestore'.
      Type 'null' is not assignable to type 'Firestore'.
  Overload 2 of 3, '(reference: CollectionReference<unknown, DocumentData>, path?: string | undefined, ...pathSegments: string[]): DocumentReference<unknown, DocumentData>', gave the following error.
    Argument of type 'Firestore | null' is not assignable to parameter of type 'CollectionReference<unknown, DocumentData>'.
      Type 'null' is not assignable to type 'CollectionReference<unknown, DocumentData>'.
  Overload 3 of 3, '(reference: DocumentReference<unknown, DocumentData>, path: string, ...pathSegments: string[]): DocumentReference<DocumentData, DocumentData>', gave the following error.
    Argument of type 'Firestore | null' is not assignable to parameter of type 'DocumentReference<unknown, DocumentData>'.
      Type 'null' is not assignable to type 'DocumentReference<unknown, DocumentData>'.
components/ClinicDashboard_BROKEN.tsx(147,20): error TS18047: 'auth' is possibly 'null'.
components/ClinicDashboard_BROKEN.tsx(168,46): error TS2769: No overload matches this call.
  Overload 1 of 3, '(firestore: Firestore, path: string, ...pathSegments: string[]): CollectionReference<DocumentData, DocumentData>', gave the following error.
    Argument of type 'Firestore | null' is not assignable to parameter of type 'Firestore'.
      Type 'null' is not assignable to type 'Firestore'.
  Overload 2 of 3, '(reference: CollectionReference<unknown, DocumentData>, path: string, ...pathSegments: string[]): CollectionReference<DocumentData, DocumentData>', gave the following error.
    Argument of type 'Firestore | null' is not assignable to parameter of type 'CollectionReference<unknown, DocumentData>'.
      Type 'null' is not assignable to type 'CollectionReference<unknown, DocumentData>'.
  Overload 3 of 3, '(reference: DocumentReference<unknown, DocumentData>, path: string, ...pathSegments: string[]): CollectionReference<DocumentData, DocumentData>', gave the following error.
    Argument of type 'Firestore | null' is not assignable to parameter of type 'DocumentReference<unknown, DocumentData>'.
      Type 'null' is not assignable to type 'DocumentReference<unknown, DocumentData>'.
components/ClinicDashboard_BROKEN.tsx(248,104): error TS18047: 'auth' is possibly 'null'.
components/ClinicDashboard_OLD.tsx(10,3): error TS6133: 'MapPin' is declared but its value is never read.
components/ClinicDashboard_OLD.tsx(12,3): error TS6133: 'LogOut' is declared but its value is never read.
components/ClinicDashboard_OLD.tsx(13,3): error TS6133: 'Settings' is declared but its value is never read.
components/ClinicDashboard_OLD.tsx(16,3): error TS6133: 'Search' is declared but its value is never read.
components/ClinicDashboard_OLD.tsx(25,3): error TS6133: 'Mail' is declared but its value is never read.
components/ClinicDashboard_OLD.tsx(80,20): error TS18047: 'auth' is possibly 'null'.
components/ClinicDashboard_OLD.tsx(84,42): error TS2769: No overload matches this call.
  Overload 1 of 3, '(firestore: Firestore, path: string, ...pathSegments: string[]): DocumentReference<DocumentData, DocumentData>', gave the following error.
    Argument of type 'Firestore | null' is not assignable to parameter of type 'Firestore'.
      Type 'null' is not assignable to type 'Firestore'.
  Overload 2 of 3, '(reference: CollectionReference<unknown, DocumentData>, path?: string | undefined, ...pathSegments: string[]): DocumentReference<unknown, DocumentData>', gave the following error.
    Argument of type 'Firestore | null' is not assignable to parameter of type 'CollectionReference<unknown, DocumentData>'.
      Type 'null' is not assignable to type 'CollectionReference<unknown, DocumentData>'.
  Overload 3 of 3, '(reference: DocumentReference<unknown, DocumentData>, path: string, ...pathSegments: string[]): DocumentReference<DocumentData, DocumentData>', gave the following error.
    Argument of type 'Firestore | null' is not assignable to parameter of type 'DocumentReference<unknown, DocumentData>'.
      Type 'null' is not assignable to type 'DocumentReference<unknown, DocumentData>'.
components/ClinicDashboard_OLD.tsx(90,39): error TS2769: No overload matches this call.
  Overload 1 of 3, '(firestore: Firestore, path: string, ...pathSegments: string[]): CollectionReference<DocumentData, DocumentData>', gave the following error.
    Argument of type 'Firestore | null' is not assignable to parameter of type 'Firestore'.
      Type 'null' is not assignable to type 'Firestore'.
  Overload 2 of 3, '(reference: CollectionReference<unknown, DocumentData>, path: string, ...pathSegments: string[]): CollectionReference<DocumentData, DocumentData>', gave the following error.
    Argument of type 'Firestore | null' is not assignable to parameter of type 'CollectionReference<unknown, DocumentData>'.
      Type 'null' is not assignable to type 'CollectionReference<unknown, DocumentData>'.
  Overload 3 of 3, '(reference: DocumentReference<unknown, DocumentData>, path: string, ...pathSegments: string[]): CollectionReference<DocumentData, DocumentData>', gave the following error.
    Argument of type 'Firestore | null' is not assignable to parameter of type 'DocumentReference<unknown, DocumentData>'.
      Type 'null' is not assignable to type 'DocumentReference<unknown, DocumentData>'.
components/ClinicDashboard_OLD.tsx(106,21): error TS2345: Argument of type 'Auth | null' is not assignable to parameter of type 'Auth'.
  Type 'null' is not assignable to type 'Auth'.
components/ClinicDashboard_OLD.tsx(113,9): error TS6133: 'handleCentralizedReviewsToggle' is declared but its value is never read.
components/ClinicDashboard_OLD.tsx(117,29): error TS2769: No overload matches this call.
  Overload 1 of 3, '(firestore: Firestore, path: string, ...pathSegments: string[]): DocumentReference<DocumentData, DocumentData>', gave the following error.
    Argument of type 'Firestore | null' is not assignable to parameter of type 'Firestore'.
      Type 'null' is not assignable to type 'Firestore'.
  Overload 2 of 3, '(reference: CollectionReference<unknown, DocumentData>, path?: string | undefined, ...pathSegments: string[]): DocumentReference<unknown, DocumentData>', gave the following error.
    Argument of type 'Firestore | null' is not assignable to parameter of type 'CollectionReference<unknown, DocumentData>'.
      Type 'null' is not assignable to type 'CollectionReference<unknown, DocumentData>'.
  Overload 3 of 3, '(reference: DocumentReference<unknown, DocumentData>, path: string, ...pathSegments: string[]): DocumentReference<DocumentData, DocumentData>', gave the following error.
    Argument of type 'Firestore | null' is not assignable to parameter of type 'DocumentReference<unknown, DocumentData>'.
      Type 'null' is not assignable to type 'DocumentReference<unknown, DocumentData>'.
components/ClinicDashboard_OLD.tsx(143,20): error TS18047: 'auth' is possibly 'null'.
components/ClinicDashboard_OLD.tsx(164,46): error TS2769: No overload matches this call.
  Overload 1 of 3, '(firestore: Firestore, path: string, ...pathSegments: string[]): CollectionReference<DocumentData, DocumentData>', gave the following error.
    Argument of type 'Firestore | null' is not assignable to parameter of type 'Firestore'.
      Type 'null' is not assignable to type 'Firestore'.
  Overload 2 of 3, '(reference: CollectionReference<unknown, DocumentData>, path: string, ...pathSegments: string[]): CollectionReference<DocumentData, DocumentData>', gave the following error.
    Argument of type 'Firestore | null' is not assignable to parameter of type 'CollectionReference<unknown, DocumentData>'.
      Type 'null' is not assignable to type 'CollectionReference<unknown, DocumentData>'.
  Overload 3 of 3, '(reference: DocumentReference<unknown, DocumentData>, path: string, ...pathSegments: string[]): CollectionReference<DocumentData, DocumentData>', gave the following error.
    Argument of type 'Firestore | null' is not assignable to parameter of type 'DocumentReference<unknown, DocumentData>'.
      Type 'null' is not assignable to type 'DocumentReference<unknown, DocumentData>'.
components/ClinicDashboard_OLD.tsx(244,104): error TS18047: 'auth' is possibly 'null'.
components/ClinicDashboard_OLD.tsx(269,35): error TS2322: Type '{ onBack: () => void; }' is not assignable to type 'IntrinsicAttributes & ClinicProfileManagerProps'.
  Property 'onBack' does not exist on type 'IntrinsicAttributes & ClinicProfileManagerProps'.
components/ClinicDoctorSearch.tsx(1,57): error TS6133: 'ArrowLeft' is declared but its value is never read.
components/ClinicDoctorSearch.tsx(56,28): error TS6133: 'collection' is declared but its value is never read.
components/ClinicDoctorSearch.tsx(56,40): error TS6133: 'query' is declared but its value is never read.
components/ClinicDoctorSearch.tsx(56,47): error TS6133: 'where' is declared but its value is never read.
components/ClinicDoctorSearch.tsx(56,54): error TS6133: 'getDocs' is declared but its value is never read.
components/ClinicEmergencyButtonManager.tsx(6,69): error TS6133: 'Calendar' is declared but its value is never read.
components/ClinicEmergencyButtonManager.tsx(6,88): error TS6133: 'Zap' is declared but its value is never read.
components/ClinicEmergencyButtonManager.tsx(446,9): error TS2322: Type '{ activeMenu: string; onMenuChange: (menu: string) => void; onLogout: () => void; isOpen: boolean; onClose: () => void; isCollapsed: boolean; onToggleCollapse: () => void | undefined; activeAddOns: string[]; }' is not assignable to type 'IntrinsicAttributes & ClinicSidebarProps'.
  Property 'isCollapsed' does not exist on type 'IntrinsicAttributes & ClinicSidebarProps'.
components/ClinicLabReferralManager.tsx(316,9): error TS2322: Type '{ activeMenu: string; onMenuChange: (menu: string) => void; onLogout: () => void; isOpen: boolean; onClose: () => void; isCollapsed: boolean; onToggleCollapse: () => void | undefined; activeAddOns: string[]; }' is not assignable to type 'IntrinsicAttributes & ClinicSidebarProps'.
  Property 'isCollapsed' does not exist on type 'IntrinsicAttributes & ClinicSidebarProps'.
components/ClinicLogin.tsx(5,24): error TS2307: Cannot find module '../assets/healqr-logo.png' or its corresponding type declarations.
components/ClinicLogin.tsx(34,50): error TS2345: Argument of type 'Auth | null' is not assignable to parameter of type 'Auth'.
  Type 'null' is not assignable to type 'Auth'.
components/ClinicLogin.tsx(43,85): error TS2345: Argument of type 'Auth | null' is not assignable to parameter of type 'Auth'.
  Type 'null' is not assignable to type 'Auth'.
components/ClinicLogin.tsx(47,42): error TS2769: No overload matches this call.
  Overload 1 of 3, '(firestore: Firestore, path: string, ...pathSegments: string[]): DocumentReference<DocumentData, DocumentData>', gave the following error.
    Argument of type 'Firestore | null' is not assignable to parameter of type 'Firestore'.
      Type 'null' is not assignable to type 'Firestore'.
  Overload 2 of 3, '(reference: CollectionReference<unknown, DocumentData>, path?: string | undefined, ...pathSegments: string[]): DocumentReference<unknown, DocumentData>', gave the following error.
    Argument of type 'Firestore | null' is not assignable to parameter of type 'CollectionReference<unknown, DocumentData>'.
      Type 'null' is not assignable to type 'CollectionReference<unknown, DocumentData>'.
  Overload 3 of 3, '(reference: DocumentReference<unknown, DocumentData>, path: string, ...pathSegments: string[]): DocumentReference<DocumentData, DocumentData>', gave the following error.
    Argument of type 'Firestore | null' is not assignable to parameter of type 'DocumentReference<unknown, DocumentData>'.
      Type 'null' is not assignable to type 'DocumentReference<unknown, DocumentData>'.
components/ClinicLogin.tsx(81,35): error TS2345: Argument of type 'Auth | null' is not assignable to parameter of type 'Auth'.
  Type 'null' is not assignable to type 'Auth'.
components/ClinicLogin.tsx(181,62): error TS2345: Argument of type 'Auth | null' is not assignable to parameter of type 'Auth'.
  Type 'null' is not assignable to type 'Auth'.
components/ClinicLogin.tsx(188,97): error TS2345: Argument of type 'Auth | null' is not assignable to parameter of type 'Auth'.
  Type 'null' is not assignable to type 'Auth'.
components/ClinicLogin.tsx(190,54): error TS2769: No overload matches this call.
  Overload 1 of 3, '(firestore: Firestore, path: string, ...pathSegments: string[]): DocumentReference<DocumentData, DocumentData>', gave the following error.
    Argument of type 'Firestore | null' is not assignable to parameter of type 'Firestore'.
      Type 'null' is not assignable to type 'Firestore'.
  Overload 2 of 3, '(reference: CollectionReference<unknown, DocumentData>, path?: string | undefined, ...pathSegments: string[]): DocumentReference<unknown, DocumentData>', gave the following error.
    Argument of type 'Firestore | null' is not assignable to parameter of type 'CollectionReference<unknown, DocumentData>'.
      Type 'null' is not assignable to type 'CollectionReference<unknown, DocumentData>'.
  Overload 3 of 3, '(reference: DocumentReference<unknown, DocumentData>, path: string, ...pathSegments: string[]): DocumentReference<DocumentData, DocumentData>', gave the following error.
    Argument of type 'Firestore | null' is not assignable to parameter of type 'DocumentReference<unknown, DocumentData>'.
      Type 'null' is not assignable to type 'DocumentReference<unknown, DocumentData>'.
components/ClinicMonthlyPlanner.tsx(12,1): error TS6192: All imports in import declaration are unused.
components/ClinicMonthlyPlanner.tsx(18,3): error TS6133: 'Edit2' is declared but its value is never read.
components/ClinicMonthlyPlanner.tsx(20,3): error TS6133: 'MapPin' is declared but its value is never read.
components/ClinicMonthlyPlanner.tsx(24,3): error TS6133: 'Building2' is declared but its value is never read.
components/ClinicMonthlyPlanner.tsx(214,43): error TS2769: No overload matches this call.
  Overload 1 of 3, '(firestore: Firestore, path: string, ...pathSegments: string[]): CollectionReference<DocumentData, DocumentData>', gave the following error.
    Argument of type 'Firestore | null' is not assignable to parameter of type 'Firestore'.
      Type 'null' is not assignable to type 'Firestore'.
  Overload 2 of 3, '(reference: CollectionReference<unknown, DocumentData>, path: string, ...pathSegments: string[]): CollectionReference<DocumentData, DocumentData>', gave the following error.
    Argument of type 'Firestore | null' is not assignable to parameter of type 'CollectionReference<unknown, DocumentData>'.
      Type 'null' is not assignable to type 'CollectionReference<unknown, DocumentData>'.
  Overload 3 of 3, '(reference: DocumentReference<unknown, DocumentData>, path: string, ...pathSegments: string[]): CollectionReference<DocumentData, DocumentData>', gave the following error.
    Argument of type 'Firestore | null' is not assignable to parameter of type 'DocumentReference<unknown, DocumentData>'.
      Type 'null' is not assignable to type 'DocumentReference<unknown, DocumentData>'.
components/ClinicMonthlyPlanner.tsx(234,9): error TS2322: Type '{ activeMenu: string; onMenuChange: (menu: string) => void; onLogout: () => void; isOpen: boolean; onClose: () => void; activeAddOns: string[]; isCollapsed: boolean; onToggleCollapse: () => void | undefined; }' is not assignable to type 'IntrinsicAttributes & ClinicSidebarProps'.
  Property 'activeAddOns' does not exist on type 'IntrinsicAttributes & ClinicSidebarProps'.
components/ClinicPersonalizedTemplatesManager.tsx(269,9): error TS2322: Type '{ activeMenu: string; onMenuChange: (menu: string) => void; onLogout: () => void; isOpen: boolean; onClose: () => void; isCollapsed: boolean; onToggleCollapse: () => void | undefined; activeAddOns: string[]; }' is not assignable to type 'IntrinsicAttributes & ClinicSidebarProps'.
  Property 'isCollapsed' does not exist on type 'IntrinsicAttributes & ClinicSidebarProps'.
components/ClinicPreviewCenter.tsx(32,3): error TS6133: 'clinicData' is declared but its value is never read.
components/ClinicPreviewCenter.tsx(53,9): error TS2322: Type '{ isOpen: boolean; onClose: () => void; activeMenu: string; onMenuChange: (menu: string) => void; onLogout: () => void; activeAddOns: string[]; isCollapsed: boolean; onToggleCollapse: () => void | undefined; }' is not assignable to type 'IntrinsicAttributes & ClinicSidebarProps'.
  Property 'activeAddOns' does not exist on type 'IntrinsicAttributes & ClinicSidebarProps'.
components/ClinicProfile.tsx(8,37): error TS2307: Cannot find module '../utils/specialties' or its corresponding type declarations.
components/ClinicProfile.tsx(160,42): error TS7006: Parameter 'spec' implicitly has an 'any' type.
components/ClinicProfileManager.tsx(10,3): error TS6133: 'User' is declared but its value is never read.
components/ClinicProfileManager.tsx(19,3): error TS6133: 'Globe' is declared but its value is never read.
components/ClinicQRManager.tsx(8,3): error TS6133: 'Building2' is declared but its value is never read.
components/ClinicQRManager.tsx(38,10): error TS6133: 'subscriptionData' is declared but its value is never read.
components/ClinicQRManager.tsx(39,10): error TS6133: 'loadingSubscription' is declared but its value is never read.
components/ClinicQRManager.tsx(43,36): error TS2339: Property 'profileImage' does not exist on type '{ image: string | null; name: string; }'.
components/ClinicQRManager.tsx(55,29): error TS6133: 'setQrBackgroundColor' is declared but its value is never read.
components/ClinicQRManager.tsx(132,36): error TS2769: No overload matches this call.
  Overload 1 of 6, '(canvasElement: HTMLCanvasElement, text: string | QRCodeSegment[], options?: QRCodeToDataURLOptions | undefined): Promise<...>', gave the following error.
    Argument of type 'string' is not assignable to parameter of type 'HTMLCanvasElement'.
  Overload 2 of 6, '(text: string | QRCodeSegment[], callback: (error: Error | null | undefined, url: string) => void): void', gave the following error.
    Object literal may only specify known properties, and 'width' does not exist in type '(error: Error | null | undefined, url: string) => void'.
  Overload 3 of 6, '(text: string | QRCodeSegment[], options?: QRCodeToDataURLOptions | undefined): Promise<string>', gave the following error.
    Object literal may only specify known properties, and 'rendererOpts' does not exist in type 'QRCodeToDataURLOptionsOther'.
components/ClinicQRManager.tsx(145,24): error TS2345: Argument of type 'void & Promise<string>' is not assignable to parameter of type 'SetStateAction<string>'.
components/ClinicQRManager.tsx(469,9): error TS2322: Type '(() => void) | undefined' is not assignable to type '() => void'.
  Type 'undefined' is not assignable to type '() => void'.
components/ClinicReports.tsx(256,9): error TS2322: Type '{ activeMenu: string; onMenuChange: (menu: string) => void; onLogout: () => void; isOpen: boolean; onClose: () => void; activeAddOns: string[]; isCollapsed: boolean; onToggleCollapse: () => void | undefined; }' is not assignable to type 'IntrinsicAttributes & ClinicSidebarProps'.
  Property 'activeAddOns' does not exist on type 'IntrinsicAttributes & ClinicSidebarProps'.
components/ClinicScheduleManager.tsx(24,3): error TS6133: 'Users' is declared but its value is never read.
components/ClinicScheduleManager.tsx(28,3): error TS6133: 'Plus' is declared but its value is never read.
components/ClinicScheduleManager.tsx(29,3): error TS6133: 'Minus' is declared but its value is never read.
components/ClinicScheduleManager.tsx(30,3): error TS6133: 'Calendar' is declared but its value is never read.
components/ClinicScheduleManager.tsx(31,3): error TS6133: 'Pencil' is declared but its value is never read.
components/ClinicScheduleManager.tsx(32,3): error TS6133: 'Trash2' is declared but its value is never read.
components/ClinicScheduleManager.tsx(33,3): error TS6133: 'Check' is declared but its value is never read.
components/ClinicScheduleManager.tsx(34,3): error TS6133: 'AlertTriangle' is declared but its value is never read.
components/ClinicScheduleManager.tsx(35,3): error TS6133: 'Phone' is declared but its value is never read.
components/ClinicScheduleManager.tsx(36,3): error TS6133: 'QrCode' is declared but its value is never read.
components/ClinicScheduleManager.tsx(971,13): error TS18047: 'auth' is possibly 'null'.
components/ClinicSidebar.tsx(25,24): error TS2307: Cannot find module '../assets/healqr-logo.png' or its corresponding type declarations.
components/ClinicSignUp.tsx(4,46): error TS6133: 'CheckCircle2' is declared but its value is never read.
components/ClinicSignUp.tsx(4,60): error TS6133: 'X' is declared but its value is never read.
components/ClinicSignUp.tsx(6,24): error TS2307: Cannot find module '../assets/healqr-logo.png' or its corresponding type declarations.
components/ClinicSignUp.tsx(8,33): error TS6133: 'createUserWithEmailAndPassword' is declared but its value is never read.
components/ClinicSignUp.tsx(63,45): error TS2769: No overload matches this call.
  Overload 1 of 3, '(firestore: Firestore, path: string, ...pathSegments: string[]): CollectionReference<DocumentData, DocumentData>', gave the following error.
    Argument of type 'Firestore | null' is not assignable to parameter of type 'Firestore'.
      Type 'null' is not assignable to type 'Firestore'.
  Overload 2 of 3, '(reference: CollectionReference<unknown, DocumentData>, path: string, ...pathSegments: string[]): CollectionReference<DocumentData, DocumentData>', gave the following error.
    Argument of type 'Firestore | null' is not assignable to parameter of type 'CollectionReference<unknown, DocumentData>'.
      Type 'null' is not assignable to type 'CollectionReference<unknown, DocumentData>'.
  Overload 3 of 3, '(reference: DocumentReference<unknown, DocumentData>, path: string, ...pathSegments: string[]): CollectionReference<DocumentData, DocumentData>', gave the following error.
    Argument of type 'Firestore | null' is not assignable to parameter of type 'DocumentReference<unknown, DocumentData>'.
      Type 'null' is not assignable to type 'DocumentReference<unknown, DocumentData>'.
components/ClinicSignUp.tsx(64,46): error TS2769: No overload matches this call.
  Overload 1 of 3, '(firestore: Firestore, path: string, ...pathSegments: string[]): CollectionReference<DocumentData, DocumentData>', gave the following error.
    Argument of type 'Firestore | null' is not assignable to parameter of type 'Firestore'.
      Type 'null' is not assignable to type 'Firestore'.
  Overload 2 of 3, '(reference: CollectionReference<unknown, DocumentData>, path: string, ...pathSegments: string[]): CollectionReference<DocumentData, DocumentData>', gave the following error.
    Argument of type 'Firestore | null' is not assignable to parameter of type 'CollectionReference<unknown, DocumentData>'.
      Type 'null' is not assignable to type 'CollectionReference<unknown, DocumentData>'.
  Overload 3 of 3, '(reference: DocumentReference<unknown, DocumentData>, path: string, ...pathSegments: string[]): CollectionReference<DocumentData, DocumentData>', gave the following error.
    Argument of type 'Firestore | null' is not assignable to parameter of type 'DocumentReference<unknown, DocumentData>'.
      Type 'null' is not assignable to type 'DocumentReference<unknown, DocumentData>'.
components/ClinicSignUp.tsx(106,46): error TS2769: No overload matches this call.
  Overload 1 of 3, '(firestore: Firestore, path: string, ...pathSegments: string[]): CollectionReference<DocumentData, DocumentData>', gave the following error.
    Argument of type 'Firestore | null' is not assignable to parameter of type 'Firestore'.
      Type 'null' is not assignable to type 'Firestore'.
  Overload 2 of 3, '(reference: CollectionReference<unknown, DocumentData>, path: string, ...pathSegments: string[]): CollectionReference<DocumentData, DocumentData>', gave the following error.
    Argument of type 'Firestore | null' is not assignable to parameter of type 'CollectionReference<unknown, DocumentData>'.
      Type 'null' is not assignable to type 'CollectionReference<unknown, DocumentData>'.
  Overload 3 of 3, '(reference: DocumentReference<unknown, DocumentData>, path: string, ...pathSegments: string[]): CollectionReference<DocumentData, DocumentData>', gave the following error.
    Argument of type 'Firestore | null' is not assignable to parameter of type 'DocumentReference<unknown, DocumentData>'.
      Type 'null' is not assignable to type 'DocumentReference<unknown, DocumentData>'.
components/ClinicSignUp.tsx(107,33): error TS2304: Cannot find name 'qrPoolCollection'.
components/ClinicSignUp.tsx(133,21): error TS2339: Property 'status' does not exist on type '{}'.
components/ClinicSignUp.tsx(133,51): error TS2339: Property 'linkedEmail' does not exist on type '{}'.
components/ClinicSignUp.tsx(133,74): error TS2339: Property 'status' does not exist on type '{}'.
components/ClinicSignUp.tsx(139,25): error TS2345: Argument of type 'DocumentReference<unknown, DocumentData> | null' is not assignable to parameter of type 'DocumentReference<unknown, DocumentData>'.
  Type 'null' is not assignable to type 'DocumentReference<unknown, DocumentData>'.
components/ClinicSignUp.tsx(169,35): error TS2345: Argument of type 'Auth | null' is not assignable to parameter of type 'Auth'.
  Type 'null' is not assignable to type 'Auth'.
components/ClinicSocialMediaKit.tsx(585,9): error TS2322: Type '{ activeMenu: string; onMenuChange: (menu: string) => void; onLogout: () => void; isOpen: boolean; onClose: () => void; activeAddOns: string[]; isCollapsed: boolean; onToggleCollapse: () => void | undefined; }' is not assignable to type 'IntrinsicAttributes & ClinicSidebarProps'.
  Property 'activeAddOns' does not exist on type 'IntrinsicAttributes & ClinicSidebarProps'.
components/ClinicTodaysSchedule.tsx(73,40): error TS2769: No overload matches this call.
  Overload 1 of 3, '(firestore: Firestore, path: string, ...pathSegments: string[]): CollectionReference<DocumentData, DocumentData>', gave the following error.
    Argument of type 'Firestore | null' is not assignable to parameter of type 'Firestore'.
      Type 'null' is not assignable to type 'Firestore'.
  Overload 2 of 3, '(reference: CollectionReference<unknown, DocumentData>, path: string, ...pathSegments: string[]): CollectionReference<DocumentData, DocumentData>', gave the following error.
    Argument of type 'Firestore | null' is not assignable to parameter of type 'CollectionReference<unknown, DocumentData>'.
      Type 'null' is not assignable to type 'CollectionReference<unknown, DocumentData>'.
  Overload 3 of 3, '(reference: DocumentReference<unknown, DocumentData>, path: string, ...pathSegments: string[]): CollectionReference<DocumentData, DocumentData>', gave the following error.
    Argument of type 'Firestore | null' is not assignable to parameter of type 'DocumentReference<unknown, DocumentData>'.
      Type 'null' is not assignable to type 'DocumentReference<unknown, DocumentData>'.
components/ClinicTodaysSchedule.tsx(82,66): error TS2769: No overload matches this call.
  Overload 1 of 3, '(firestore: Firestore, path: string, ...pathSegments: string[]): DocumentReference<DocumentData, DocumentData>', gave the following error.
    Argument of type 'Firestore | null' is not assignable to parameter of type 'Firestore'.
      Type 'null' is not assignable to type 'Firestore'.
  Overload 2 of 3, '(reference: CollectionReference<unknown, DocumentData>, path?: string | undefined, ...pathSegments: string[]): DocumentReference<unknown, DocumentData>', gave the following error.
    Argument of type 'Firestore | null' is not assignable to parameter of type 'CollectionReference<unknown, DocumentData>'.
      Type 'null' is not assignable to type 'CollectionReference<unknown, DocumentData>'.
  Overload 3 of 3, '(reference: DocumentReference<unknown, DocumentData>, path: string, ...pathSegments: string[]): DocumentReference<DocumentData, DocumentData>', gave the following error.
    Argument of type 'Firestore | null' is not assignable to parameter of type 'DocumentReference<unknown, DocumentData>'.
      Type 'null' is not assignable to type 'DocumentReference<unknown, DocumentData>'.
components/ClinicTodaysSchedule.tsx(91,21): error TS6198: All destructured elements are unused.
components/ClinicTodaysSchedule.tsx(92,68): error TS2769: No overload matches this call.
  Overload 1 of 3, '(firestore: Firestore, path: string, ...pathSegments: string[]): DocumentReference<DocumentData, DocumentData>', gave the following error.
    Argument of type 'Firestore | null' is not assignable to parameter of type 'Firestore'.
      Type 'null' is not assignable to type 'Firestore'.
  Overload 2 of 3, '(reference: CollectionReference<unknown, DocumentData>, path?: string | undefined, ...pathSegments: string[]): DocumentReference<unknown, DocumentData>', gave the following error.
    Argument of type 'Firestore | null' is not assignable to parameter of type 'CollectionReference<unknown, DocumentData>'.
      Type 'null' is not assignable to type 'CollectionReference<unknown, DocumentData>'.
  Overload 3 of 3, '(reference: DocumentReference<unknown, DocumentData>, path: string, ...pathSegments: string[]): DocumentReference<DocumentData, DocumentData>', gave the following error.
    Argument of type 'Firestore | null' is not assignable to parameter of type 'DocumentReference<unknown, DocumentData>'.
      Type 'null' is not assignable to type 'DocumentReference<unknown, DocumentData>'.
components/ClinicTodaysSchedule.tsx(383,36): error TS2769: No overload matches this call.
  Overload 1 of 3, '(firestore: Firestore, path: string, ...pathSegments: string[]): CollectionReference<DocumentData, DocumentData>', gave the following error.
    Argument of type 'Firestore | null' is not assignable to parameter of type 'Firestore'.
      Type 'null' is not assignable to type 'Firestore'.
  Overload 2 of 3, '(reference: CollectionReference<unknown, DocumentData>, path: string, ...pathSegments: string[]): CollectionReference<DocumentData, DocumentData>', gave the following error.
    Argument of type 'Firestore | null' is not assignable to parameter of type 'CollectionReference<unknown, DocumentData>'.
      Type 'null' is not assignable to type 'CollectionReference<unknown, DocumentData>'.
  Overload 3 of 3, '(reference: DocumentReference<unknown, DocumentData>, path: string, ...pathSegments: string[]): CollectionReference<DocumentData, DocumentData>', gave the following error.
    Argument of type 'Firestore | null' is not assignable to parameter of type 'DocumentReference<unknown, DocumentData>'.
      Type 'null' is not assignable to type 'DocumentReference<unknown, DocumentData>'.
components/ClinicTodaysSchedule.tsx(489,25): error TS18047: 'auth' is possibly 'null'.
components/ClinicTodaysSchedule.tsx(495,18): error TS2769: No overload matches this call.
  Overload 1 of 3, '(firestore: Firestore, path: string, ...pathSegments: string[]): CollectionReference<DocumentData, DocumentData>', gave the following error.
    Argument of type 'Firestore | null' is not assignable to parameter of type 'Firestore'.
      Type 'null' is not assignable to type 'Firestore'.
  Overload 2 of 3, '(reference: CollectionReference<unknown, DocumentData>, path: string, ...pathSegments: string[]): CollectionReference<DocumentData, DocumentData>', gave the following error.
    Argument of type 'Firestore | null' is not assignable to parameter of type 'CollectionReference<unknown, DocumentData>'.
      Type 'null' is not assignable to type 'CollectionReference<unknown, DocumentData>'.
  Overload 3 of 3, '(reference: DocumentReference<unknown, DocumentData>, path: string, ...pathSegments: string[]): CollectionReference<DocumentData, DocumentData>', gave the following error.
    Argument of type 'Firestore | null' is not assignable to parameter of type 'DocumentReference<unknown, DocumentData>'.
      Type 'null' is not assignable to type 'DocumentReference<unknown, DocumentData>'.
components/ClinicTodaysSchedule.tsx(539,40): error TS2769: No overload matches this call.
  Overload 1 of 3, '(firestore: Firestore, path: string, ...pathSegments: string[]): CollectionReference<DocumentData, DocumentData>', gave the following error.
    Argument of type 'Firestore | null' is not assignable to parameter of type 'Firestore'.
      Type 'null' is not assignable to type 'Firestore'.
  Overload 2 of 3, '(reference: CollectionReference<unknown, DocumentData>, path: string, ...pathSegments: string[]): CollectionReference<DocumentData, DocumentData>', gave the following error.
    Argument of type 'Firestore | null' is not assignable to parameter of type 'CollectionReference<unknown, DocumentData>'.
      Type 'null' is not assignable to type 'CollectionReference<unknown, DocumentData>'.
  Overload 3 of 3, '(reference: DocumentReference<unknown, DocumentData>, path: string, ...pathSegments: string[]): CollectionReference<DocumentData, DocumentData>', gave the following error.
    Argument of type 'Firestore | null' is not assignable to parameter of type 'DocumentReference<unknown, DocumentData>'.
      Type 'null' is not assignable to type 'DocumentReference<unknown, DocumentData>'.
components/ClinicTodaysSchedule.tsx(572,33): error TS2769: No overload matches this call.
  Overload 1 of 3, '(firestore: Firestore, path: string, ...pathSegments: string[]): DocumentReference<DocumentData, DocumentData>', gave the following error.
    Argument of type 'Firestore | null' is not assignable to parameter of type 'Firestore'.
      Type 'null' is not assignable to type 'Firestore'.
  Overload 2 of 3, '(reference: CollectionReference<unknown, DocumentData>, path?: string | undefined, ...pathSegments: string[]): DocumentReference<unknown, DocumentData>', gave the following error.
    Argument of type 'Firestore | null' is not assignable to parameter of type 'CollectionReference<unknown, DocumentData>'.
      Type 'null' is not assignable to type 'CollectionReference<unknown, DocumentData>'.
  Overload 3 of 3, '(reference: DocumentReference<unknown, DocumentData>, path: string, ...pathSegments: string[]): DocumentReference<DocumentData, DocumentData>', gave the following error.
    Argument of type 'Firestore | null' is not assignable to parameter of type 'DocumentReference<unknown, DocumentData>'.
      Type 'null' is not assignable to type 'DocumentReference<unknown, DocumentData>'.
components/ClinicTodaysSchedule.tsx(604,40): error TS2769: No overload matches this call.
  Overload 1 of 3, '(firestore: Firestore, path: string, ...pathSegments: string[]): CollectionReference<DocumentData, DocumentData>', gave the following error.
    Argument of type 'Firestore | null' is not assignable to parameter of type 'Firestore'.
      Type 'null' is not assignable to type 'Firestore'.
  Overload 2 of 3, '(reference: CollectionReference<unknown, DocumentData>, path: string, ...pathSegments: string[]): CollectionReference<DocumentData, DocumentData>', gave the following error.
    Argument of type 'Firestore | null' is not assignable to parameter of type 'CollectionReference<unknown, DocumentData>'.
      Type 'null' is not assignable to type 'CollectionReference<unknown, DocumentData>'.
  Overload 3 of 3, '(reference: DocumentReference<unknown, DocumentData>, path: string, ...pathSegments: string[]): CollectionReference<DocumentData, DocumentData>', gave the following error.
    Argument of type 'Firestore | null' is not assignable to parameter of type 'DocumentReference<unknown, DocumentData>'.
      Type 'null' is not assignable to type 'DocumentReference<unknown, DocumentData>'.
components/ClinicTodaysSchedule.tsx(628,33): error TS2769: No overload matches this call.
  Overload 1 of 3, '(firestore: Firestore, path: string, ...pathSegments: string[]): DocumentReference<DocumentData, DocumentData>', gave the following error.
    Argument of type 'Firestore | null' is not assignable to parameter of type 'Firestore'.
      Type 'null' is not assignable to type 'Firestore'.
  Overload 2 of 3, '(reference: CollectionReference<unknown, DocumentData>, path?: string | undefined, ...pathSegments: string[]): DocumentReference<unknown, DocumentData>', gave the following error.
    Argument of type 'Firestore | null' is not assignable to parameter of type 'CollectionReference<unknown, DocumentData>'.
      Type 'null' is not assignable to type 'CollectionReference<unknown, DocumentData>'.
  Overload 3 of 3, '(reference: DocumentReference<unknown, DocumentData>, path: string, ...pathSegments: string[]): DocumentReference<DocumentData, DocumentData>', gave the following error.
    Argument of type 'Firestore | null' is not assignable to parameter of type 'DocumentReference<unknown, DocumentData>'.
      Type 'null' is not assignable to type 'DocumentReference<unknown, DocumentData>'.
components/ClinicTodaysSchedule.tsx(654,30): error TS2769: No overload matches this call.
  Overload 1 of 3, '(firestore: Firestore, path: string, ...pathSegments: string[]): DocumentReference<DocumentData, DocumentData>', gave the following error.
    Argument of type 'Firestore | null' is not assignable to parameter of type 'Firestore'.
      Type 'null' is not assignable to type 'Firestore'.
  Overload 2 of 3, '(reference: CollectionReference<unknown, DocumentData>, path?: string | undefined, ...pathSegments: string[]): DocumentReference<unknown, DocumentData>', gave the following error.
    Argument of type 'Firestore | null' is not assignable to parameter of type 'CollectionReference<unknown, DocumentData>'.
      Type 'null' is not assignable to type 'CollectionReference<unknown, DocumentData>'.
  Overload 3 of 3, '(reference: DocumentReference<unknown, DocumentData>, path: string, ...pathSegments: string[]): DocumentReference<DocumentData, DocumentData>', gave the following error.
    Argument of type 'Firestore | null' is not assignable to parameter of type 'DocumentReference<unknown, DocumentData>'.
      Type 'null' is not assignable to type 'DocumentReference<unknown, DocumentData>'.
components/ClinicTodaysSchedule.tsx(694,29): error TS2769: No overload matches this call.
  Overload 1 of 3, '(firestore: Firestore, path: string, ...pathSegments: string[]): DocumentReference<DocumentData, DocumentData>', gave the following error.
    Argument of type 'Firestore | null' is not assignable to parameter of type 'Firestore'.
      Type 'null' is not assignable to type 'Firestore'.
  Overload 2 of 3, '(reference: CollectionReference<unknown, DocumentData>, path?: string | undefined, ...pathSegments: string[]): DocumentReference<unknown, DocumentData>', gave the following error.
    Argument of type 'Firestore | null' is not assignable to parameter of type 'CollectionReference<unknown, DocumentData>'.
      Type 'null' is not assignable to type 'CollectionReference<unknown, DocumentData>'.
  Overload 3 of 3, '(reference: DocumentReference<unknown, DocumentData>, path: string, ...pathSegments: string[]): DocumentReference<DocumentData, DocumentData>', gave the following error.
    Argument of type 'Firestore | null' is not assignable to parameter of type 'DocumentReference<unknown, DocumentData>'.
      Type 'null' is not assignable to type 'DocumentReference<unknown, DocumentData>'.
components/ClinicTodaysSchedule.tsx(712,31): error TS2769: No overload matches this call.
  Overload 1 of 3, '(firestore: Firestore, path: string, ...pathSegments: string[]): DocumentReference<DocumentData, DocumentData>', gave the following error.
    Argument of type 'Firestore | null' is not assignable to parameter of type 'Firestore'.
      Type 'null' is not assignable to type 'Firestore'.
  Overload 2 of 3, '(reference: CollectionReference<unknown, DocumentData>, path?: string | undefined, ...pathSegments: string[]): DocumentReference<unknown, DocumentData>', gave the following error.
    Argument of type 'Firestore | null' is not assignable to parameter of type 'CollectionReference<unknown, DocumentData>'.
      Type 'null' is not assignable to type 'CollectionReference<unknown, DocumentData>'.
  Overload 3 of 3, '(reference: DocumentReference<unknown, DocumentData>, path: string, ...pathSegments: string[]): DocumentReference<DocumentData, DocumentData>', gave the following error.
    Argument of type 'Firestore | null' is not assignable to parameter of type 'DocumentReference<unknown, DocumentData>'.
      Type 'null' is not assignable to type 'DocumentReference<unknown, DocumentData>'.
components/ClinicTodaysSchedule.tsx(788,29): error TS2769: No overload matches this call.
  Overload 1 of 3, '(firestore: Firestore, path: string, ...pathSegments: string[]): DocumentReference<DocumentData, DocumentData>', gave the following error.
    Argument of type 'Firestore | null' is not assignable to parameter of type 'Firestore'.
      Type 'null' is not assignable to type 'Firestore'.
  Overload 2 of 3, '(reference: CollectionReference<unknown, DocumentData>, path?: string | undefined, ...pathSegments: string[]): DocumentReference<unknown, DocumentData>', gave the following error.
    Argument of type 'Firestore | null' is not assignable to parameter of type 'CollectionReference<unknown, DocumentData>'.
      Type 'null' is not assignable to type 'CollectionReference<unknown, DocumentData>'.
  Overload 3 of 3, '(reference: DocumentReference<unknown, DocumentData>, path: string, ...pathSegments: string[]): DocumentReference<DocumentData, DocumentData>', gave the following error.
    Argument of type 'Firestore | null' is not assignable to parameter of type 'DocumentReference<unknown, DocumentData>'.
      Type 'null' is not assignable to type 'DocumentReference<unknown, DocumentData>'.
components/ClinicTodaysSchedule.tsx(806,31): error TS2769: No overload matches this call.
  Overload 1 of 3, '(firestore: Firestore, path: string, ...pathSegments: string[]): DocumentReference<DocumentData, DocumentData>', gave the following error.
    Argument of type 'Firestore | null' is not assignable to parameter of type 'Firestore'.
      Type 'null' is not assignable to type 'Firestore'.
  Overload 2 of 3, '(reference: CollectionReference<unknown, DocumentData>, path?: string | undefined, ...pathSegments: string[]): DocumentReference<unknown, DocumentData>', gave the following error.
    Argument of type 'Firestore | null' is not assignable to parameter of type 'CollectionReference<unknown, DocumentData>'.
      Type 'null' is not assignable to type 'CollectionReference<unknown, DocumentData>'.
  Overload 3 of 3, '(reference: DocumentReference<unknown, DocumentData>, path: string, ...pathSegments: string[]): DocumentReference<DocumentData, DocumentData>', gave the following error.
    Argument of type 'Firestore | null' is not assignable to parameter of type 'DocumentReference<unknown, DocumentData>'.
      Type 'null' is not assignable to type 'DocumentReference<unknown, DocumentData>'.
components/ClinicTodaysSchedule.tsx(869,25): error TS18047: 'auth' is possibly 'null'.
components/ClinicTodaysSchedule.tsx(877,29): error TS2769: No overload matches this call.
  Overload 1 of 3, '(firestore: Firestore, path: string, ...pathSegments: string[]): DocumentReference<DocumentData, DocumentData>', gave the following error.
    Argument of type 'Firestore | null' is not assignable to parameter of type 'Firestore'.
      Type 'null' is not assignable to type 'Firestore'.
  Overload 2 of 3, '(reference: CollectionReference<unknown, DocumentData>, path?: string | undefined, ...pathSegments: string[]): DocumentReference<unknown, DocumentData>', gave the following error.
    Argument of type 'Firestore | null' is not assignable to parameter of type 'CollectionReference<unknown, DocumentData>'.
      Type 'null' is not assignable to type 'CollectionReference<unknown, DocumentData>'.
  Overload 3 of 3, '(reference: DocumentReference<unknown, DocumentData>, path: string, ...pathSegments: string[]): DocumentReference<DocumentData, DocumentData>', gave the following error.
    Argument of type 'Firestore | null' is not assignable to parameter of type 'DocumentReference<unknown, DocumentData>'.
      Type 'null' is not assignable to type 'DocumentReference<unknown, DocumentData>'.
components/ClinicTodaysSchedule.tsx(893,31): error TS2769: No overload matches this call.
  Overload 1 of 3, '(firestore: Firestore, path: string, ...pathSegments: string[]): DocumentReference<DocumentData, DocumentData>', gave the following error.
    Argument of type 'Firestore | null' is not assignable to parameter of type 'Firestore'.
      Type 'null' is not assignable to type 'Firestore'.
  Overload 2 of 3, '(reference: CollectionReference<unknown, DocumentData>, path?: string | undefined, ...pathSegments: string[]): DocumentReference<unknown, DocumentData>', gave the following error.
    Argument of type 'Firestore | null' is not assignable to parameter of type 'CollectionReference<unknown, DocumentData>'.
      Type 'null' is not assignable to type 'CollectionReference<unknown, DocumentData>'.
  Overload 3 of 3, '(reference: DocumentReference<unknown, DocumentData>, path: string, ...pathSegments: string[]): DocumentReference<DocumentData, DocumentData>', gave the following error.
    Argument of type 'Firestore | null' is not assignable to parameter of type 'DocumentReference<unknown, DocumentData>'.
      Type 'null' is not assignable to type 'DocumentReference<unknown, DocumentData>'.
components/ClinicTodaysSchedule.tsx(923,42): error TS2769: No overload matches this call.
  Overload 1 of 3, '(firestore: Firestore, path: string, ...pathSegments: string[]): CollectionReference<DocumentData, DocumentData>', gave the following error.
    Argument of type 'Firestore | null' is not assignable to parameter of type 'Firestore'.
      Type 'null' is not assignable to type 'Firestore'.
  Overload 2 of 3, '(reference: CollectionReference<unknown, DocumentData>, path: string, ...pathSegments: string[]): CollectionReference<DocumentData, DocumentData>', gave the following error.
    Argument of type 'Firestore | null' is not assignable to parameter of type 'CollectionReference<unknown, DocumentData>'.
      Type 'null' is not assignable to type 'CollectionReference<unknown, DocumentData>'.
  Overload 3 of 3, '(reference: DocumentReference<unknown, DocumentData>, path: string, ...pathSegments: string[]): CollectionReference<DocumentData, DocumentData>', gave the following error.
    Argument of type 'Firestore | null' is not assignable to parameter of type 'DocumentReference<unknown, DocumentData>'.
      Type 'null' is not assignable to type 'DocumentReference<unknown, DocumentData>'.
components/ClinicTodaysSchedule.tsx(945,48): error TS2769: No overload matches this call.
  Overload 1 of 3, '(firestore: Firestore, path: string, ...pathSegments: string[]): CollectionReference<DocumentData, DocumentData>', gave the following error.
    Argument of type 'Firestore | null' is not assignable to parameter of type 'Firestore'.
      Type 'null' is not assignable to type 'Firestore'.
  Overload 2 of 3, '(reference: CollectionReference<unknown, DocumentData>, path: string, ...pathSegments: string[]): CollectionReference<DocumentData, DocumentData>', gave the following error.
    Argument of type 'Firestore | null' is not assignable to parameter of type 'CollectionReference<unknown, DocumentData>'.
      Type 'null' is not assignable to type 'CollectionReference<unknown, DocumentData>'.
  Overload 3 of 3, '(reference: DocumentReference<unknown, DocumentData>, path: string, ...pathSegments: string[]): CollectionReference<DocumentData, DocumentData>', gave the following error.
    Argument of type 'Firestore | null' is not assignable to parameter of type 'DocumentReference<unknown, DocumentData>'.
      Type 'null' is not assignable to type 'DocumentReference<unknown, DocumentData>'.
components/ClinicTodaysSchedule.tsx(1038,35): error TS6133: 'patientData' is declared but its value is never read.
components/ClinicTodaysSchedule.tsx(1067,13): error TS18047: 'auth' is possibly 'null'.
components/ConsultationCompletedNotification.tsx(51,22): error TS7053: Element implicitly has an 'any' type because expression of type 'any' can't be used to index type '{ english: string; hindi: string; bengali: string; }'.
components/ConsultationCompletedNotification.tsx(77,18): error TS7053: Element implicitly has an 'any' type because expression of type 'any' can't be used to index type '{ english: string; hindi: string; bengali: string; }'.
components/ConsultationCompletedNotification.tsx(82,18): error TS7053: Element implicitly has an 'any' type because expression of type 'any' can't be used to index type '{ english: string; hindi: string; bengali: string; }'.
components/ConsultationCompletedNotification.tsx(82,75): error TS7053: Element implicitly has an 'any' type because expression of type 'any' can't be used to index type '{ english: string; hindi: string; bengali: string; }'.
components/ConsultationCompletedNotification.tsx(89,54): error TS7053: Element implicitly has an 'any' type because expression of type 'any' can't be used to index type '{ english: string; hindi: string; bengali: string; }'.
components/ConsultationCompletedNotification.tsx(95,54): error TS7053: Element implicitly has an 'any' type because expression of type 'any' can't be used to index type '{ english: string; hindi: string; bengali: string; }'.
components/ConsultationCompletedNotification.tsx(103,60): error TS7053: Element implicitly has an 'any' type because expression of type 'any' can't be used to index type '{ english: string; hindi: string; bengali: string; }'.
components/ConsultationCompletedNotification.tsx(105,23): error TS7053: Element implicitly has an 'any' type because expression of type 'any' can't be used to index type '{ english: string; hindi: string; bengali: string; }'.
components/ConsultationCompletedNotification.tsx(106,23): error TS7053: Element implicitly has an 'any' type because expression of type 'any' can't be used to index type '{ english: string; hindi: string; bengali: string; }'.
components/ConsultationCompletedNotification.tsx(107,23): error TS7053: Element implicitly has an 'any' type because expression of type 'any' can't be used to index type '{ english: string; hindi: string; bengali: string; }'.
components/ConsultationCompletedNotification.tsx(113,18): error TS7053: Element implicitly has an 'any' type because expression of type 'any' can't be used to index type '{ english: string; hindi: string; bengali: string; }'.
components/ConsultationCompletedNotification.tsx(129,22): error TS7053: Element implicitly has an 'any' type because expression of type 'any' can't be used to index type '{ english: string; hindi: string; bengali: string; assamese: string; }'.
components/ConsultationCompletedNotification.tsx(144,22): error TS7053: Element implicitly has an 'any' type because expression of type 'any' can't be used to index type '{ english: string; hindi: string; bengali: string; assamese: string; }'.
components/ConsultationCompletedNotification.tsx(152,20): error TS7053: Element implicitly has an 'any' type because expression of type 'any' can't be used to index type '{ english: string; hindi: string; bengali: string; assamese: string; }'.
components/ConsultationCompletedNotification.tsx(168,18): error TS7053: Element implicitly has an 'any' type because expression of type 'any' can't be used to index type '{ english: string; hindi: string; bengali: string; assamese: string; }'.
components/ContactSupport.tsx(57,46): error TS2769: No overload matches this call.
  Overload 1 of 3, '(firestore: Firestore, path: string, ...pathSegments: string[]): CollectionReference<DocumentData, DocumentData>', gave the following error.
    Argument of type 'Firestore | null' is not assignable to parameter of type 'Firestore'.
      Type 'null' is not assignable to type 'Firestore'.
  Overload 2 of 3, '(reference: CollectionReference<unknown, DocumentData>, path: string, ...pathSegments: string[]): CollectionReference<DocumentData, DocumentData>', gave the following error.
    Argument of type 'Firestore | null' is not assignable to parameter of type 'CollectionReference<unknown, DocumentData>'.
      Type 'null' is not assignable to type 'CollectionReference<unknown, DocumentData>'.
  Overload 3 of 3, '(reference: DocumentReference<unknown, DocumentData>, path: string, ...pathSegments: string[]): CollectionReference<DocumentData, DocumentData>', gave the following error.
    Argument of type 'Firestore | null' is not assignable to parameter of type 'DocumentReference<unknown, DocumentData>'.
      Type 'null' is not assignable to type 'DocumentReference<unknown, DocumentData>'.
components/DashboardPromoDisplay.tsx(23,49): error TS6133: 'doctorBirthday' is declared but its value is never read.
components/DashboardPromoDisplay.tsx(53,30): error TS2769: No overload matches this call.
  Overload 1 of 3, '(firestore: Firestore, path: string, ...pathSegments: string[]): DocumentReference<DocumentData, DocumentData>', gave the following error.
    Argument of type 'Firestore | null' is not assignable to parameter of type 'Firestore'.
      Type 'null' is not assignable to type 'Firestore'.
  Overload 2 of 3, '(reference: CollectionReference<unknown, DocumentData>, path?: string | undefined, ...pathSegments: string[]): DocumentReference<unknown, DocumentData>', gave the following error.
    Argument of type 'Firestore | null' is not assignable to parameter of type 'CollectionReference<unknown, DocumentData>'.
      Type 'null' is not assignable to type 'CollectionReference<unknown, DocumentData>'.
  Overload 3 of 3, '(reference: DocumentReference<unknown, DocumentData>, path: string, ...pathSegments: string[]): DocumentReference<DocumentData, DocumentData>', gave the following error.
    Argument of type 'Firestore | null' is not assignable to parameter of type 'DocumentReference<unknown, DocumentData>'.
      Type 'null' is not assignable to type 'DocumentReference<unknown, DocumentData>'.
components/DashboardSidebar.tsx(26,24): error TS2307: Cannot find module '../assets/healqr-logo.png' or its corresponding type declarations.
components/DoctorActivate.tsx(2,15): error TS6133: 'getDoc' is declared but its value is never read.
components/DoctorActivate.tsx(2,23): error TS6133: 'updateDoc' is declared but its value is never read.
components/DoctorActivate.tsx(34,37): error TS2769: No overload matches this call.
  Overload 1 of 3, '(firestore: Firestore, path: string, ...pathSegments: string[]): CollectionReference<DocumentData, DocumentData>', gave the following error.
    Argument of type 'Firestore | null' is not assignable to parameter of type 'Firestore'.
      Type 'null' is not assignable to type 'Firestore'.
  Overload 2 of 3, '(reference: CollectionReference<unknown, DocumentData>, path: string, ...pathSegments: string[]): CollectionReference<DocumentData, DocumentData>', gave the following error.
    Argument of type 'Firestore | null' is not assignable to parameter of type 'CollectionReference<unknown, DocumentData>'.
      Type 'null' is not assignable to type 'CollectionReference<unknown, DocumentData>'.
  Overload 3 of 3, '(reference: DocumentReference<unknown, DocumentData>, path: string, ...pathSegments: string[]): CollectionReference<DocumentData, DocumentData>', gave the following error.
    Argument of type 'Firestore | null' is not assignable to parameter of type 'DocumentReference<unknown, DocumentData>'.
      Type 'null' is not assignable to type 'DocumentReference<unknown, DocumentData>'.
components/DoctorActivate.tsx(91,29): error TS2769: No overload matches this call.
  Overload 1 of 3, '(firestore: Firestore, path: string, ...pathSegments: string[]): DocumentReference<DocumentData, DocumentData>', gave the following error.
    Argument of type 'Firestore | null' is not assignable to parameter of type 'Firestore'.
      Type 'null' is not assignable to type 'Firestore'.
  Overload 2 of 3, '(reference: CollectionReference<unknown, DocumentData>, path?: string | undefined, ...pathSegments: string[]): DocumentReference<unknown, DocumentData>', gave the following error.
    Argument of type 'Firestore | null' is not assignable to parameter of type 'CollectionReference<unknown, DocumentData>'.
      Type 'null' is not assignable to type 'CollectionReference<unknown, DocumentData>'.
  Overload 3 of 3, '(reference: DocumentReference<unknown, DocumentData>, path: string, ...pathSegments: string[]): DocumentReference<DocumentData, DocumentData>', gave the following error.
    Argument of type 'Firestore | null' is not assignable to parameter of type 'DocumentReference<unknown, DocumentData>'.
      Type 'null' is not assignable to type 'DocumentReference<unknown, DocumentData>'.
components/DoctorActivate.tsx(92,32): error TS2345: Argument of type 'Firestore | null' is not assignable to parameter of type 'Firestore'.
  Type 'null' is not assignable to type 'Firestore'.
components/DoctorDashboard.tsx(16,3): error TS6133: 'CheckCircle2' is declared but its value is never read.
components/DoctorDashboard.tsx(17,3): error TS6133: 'Sparkles' is declared but its value is never read.
components/DoctorDashboard.tsx(29,1): error TS6192: All imports in import declaration are unused.
components/DoctorDashboard.tsx(91,55): error TS6133: 'email' is declared but its value is never read.
components/DoctorDashboard.tsx(91,187): error TS6133: 'onTestReviewSubmission' is declared but its value is never read.
components/DoctorDashboard.tsx(91,256): error TS6133: 'chambers' is declared but its value is never read.
components/DoctorDashboard.tsx(91,290): error TS6133: 'subscriptionData' is declared but its value is never read.
components/DoctorDashboard.tsx(95,10): error TS6133: 'debugLog' is declared but its value is never read.
components/DoctorDashboard.tsx(102,9): error TS6133: 'handleDebugCheck' is declared but its value is never read.
components/DoctorDashboard.tsx(112,19): error TS6133: 'auth' is declared but its value is never read.
components/DoctorDashboard.tsx(183,30): error TS6133: 'setShowSocialKitPromo' is declared but its value is never read.
components/DoctorDashboard.tsx(512,65): error TS6133: 'deleteDoc' is declared but its value is never read.
components/DoctorDashboard.tsx(805,10): error TS6133: 'monthlyBookings' is declared but its value is never read.
components/DoctorPatientChatManager.tsx(1,25): error TS6133: 'Check' is declared but its value is never read.
components/DoctorPatientChatManager.tsx(1,38): error TS6133: 'Users' is declared but its value is never read.
components/DoctorPatientChatManager.tsx(1,45): error TS6133: 'Clock' is declared but its value is never read.
components/DoctorPatientChatManager.tsx(1,71): error TS6133: 'Image' is declared but its value is never read.
components/DoctorPatientChatManager.tsx(1,133): error TS6133: 'Upload' is declared but its value is never read.
components/DoctorPatientChatManager.tsx(1,152): error TS6133: 'ChevronDown' is declared but its value is never read.
components/DoctorPatientChatManager.tsx(1,197): error TS6133: 'Calendar' is declared but its value is never read.
components/DoctorPatientChatManager.tsx(9,1): error TS6133: 'DashboardSidebar' is declared but its value is never read.
components/DoctorPatientChatManager.tsx(54,3): error TS6133: 'onUpgrade' is declared but its value is never read.
components/DoctorPatientChatManager.tsx(57,3): error TS6133: 'doctorName' is declared but its value is never read.
components/DoctorPatientChatManager.tsx(58,3): error TS6133: 'email' is declared but its value is never read.
components/DoctorPatientChatManager.tsx(64,9): error TS6133: 'isActive' is declared but its value is never read.
components/DoctorPatientChatManager.tsx(416,9): error TS2322: Type '{ children: Element; featureId: string; featureName: string; featureDescription: string; featureIcon: ForwardRefExoticComponent<Omit<LucideProps, "ref"> & RefAttributes<SVGSVGElement>>; ... 5 more ...; onLogout: (() => void) | undefined; }' is not assignable to type 'DetailedHTMLProps<HTMLAttributes<HTMLDivElement>, HTMLDivElement>'.
  Property 'featureId' does not exist on type 'DetailedHTMLProps<HTMLAttributes<HTMLDivElement>, HTMLDivElement>'.
components/DoctorPatientHistory.tsx(20,3): error TS6133: 'email' is declared but its value is never read.
components/DoctorReports.tsx(314,9): error TS2322: Type '{ activeMenu: string; onMenuChange: (menu: string) => void; onLogout: () => void; isOpen: boolean; onClose: () => void; activeAddOns: string[]; isCollapsed: boolean; onToggleCollapse: () => void | undefined; }' is not assignable to type 'IntrinsicAttributes & DashboardSidebarProps'.
  Property 'isCollapsed' does not exist on type 'IntrinsicAttributes & DashboardSidebarProps'.
components/EmergencyButtonManager.tsx(6,69): error TS6133: 'Calendar' is declared but its value is never read.
components/EmergencyButtonManager.tsx(6,88): error TS6133: 'Zap' is declared but its value is never read.
components/EmergencyButtonManager.tsx(11,1): error TS6192: All imports in import declaration are unused.
components/EmergencyButtonManager.tsx(98,9): error TS6133: 'calculateNextChange' is declared but its value is never read.
components/ErrorBoundary.tsx(1,8): error TS6133: 'React' is declared but its value is never read.
components/ErrorBoundary.tsx(95,26): error TS2339: Property 'env' does not exist on type 'ImportMeta'.
components/FCMSystemStatus.tsx(15,10): error TS6133: 'testPhone' is declared but its value is never read.
components/FCMSystemStatus.tsx(15,21): error TS6133: 'setTestPhone' is declared but its value is never read.
components/FCMTestPanel.tsx(3,16): error TS6133: 'BellOff' is declared but its value is never read.
components/FloatingSupportBox.tsx(48,46): error TS2769: No overload matches this call.
  Overload 1 of 3, '(firestore: Firestore, path: string, ...pathSegments: string[]): CollectionReference<DocumentData, DocumentData>', gave the following error.
    Argument of type 'Firestore | null' is not assignable to parameter of type 'Firestore'.
      Type 'null' is not assignable to type 'Firestore'.
  Overload 2 of 3, '(reference: CollectionReference<unknown, DocumentData>, path: string, ...pathSegments: string[]): CollectionReference<DocumentData, DocumentData>', gave the following error.
    Argument of type 'Firestore | null' is not assignable to parameter of type 'CollectionReference<unknown, DocumentData>'.
      Type 'null' is not assignable to type 'CollectionReference<unknown, DocumentData>'.
  Overload 3 of 3, '(reference: DocumentReference<unknown, DocumentData>, path: string, ...pathSegments: string[]): CollectionReference<DocumentData, DocumentData>', gave the following error.
    Argument of type 'Firestore | null' is not assignable to parameter of type 'DocumentReference<unknown, DocumentData>'.
      Type 'null' is not assignable to type 'DocumentReference<unknown, DocumentData>'.
components/FollowUpNotification.tsx(23,3): error TS6133: 'followUpDays' is declared but its value is never read.
components/FollowUpNotification.tsx(45,22): error TS7053: Element implicitly has an 'any' type because expression of type 'Language' can't be used to index type '{ english: string; hindi: string; bengali: string; }'.
  Property 'tamil' does not exist on type '{ english: string; hindi: string; bengali: string; }'.
components/FollowUpNotification.tsx(63,18): error TS7053: Element implicitly has an 'any' type because expression of type 'Language' can't be used to index type '{ english: string; hindi: string; bengali: string; }'.
  Property 'tamil' does not exist on type '{ english: string; hindi: string; bengali: string; }'.
components/FollowUpNotification.tsx(68,18): error TS7053: Element implicitly has an 'any' type because expression of type 'Language' can't be used to index type '{ english: string; hindi: string; bengali: string; }'.
  Property 'tamil' does not exist on type '{ english: string; hindi: string; bengali: string; }'.
components/FollowUpNotification.tsx(68,74): error TS7053: Element implicitly has an 'any' type because expression of type 'Language' can't be used to index type '{ english: string; hindi: string; bengali: string; }'.
  Property 'tamil' does not exist on type '{ english: string; hindi: string; bengali: string; }'.
components/FollowUpNotification.tsx(75,57): error TS7053: Element implicitly has an 'any' type because expression of type 'Language' can't be used to index type '{ english: string; hindi: string; bengali: string; }'.
  Property 'tamil' does not exist on type '{ english: string; hindi: string; bengali: string; }'.
components/FollowUpNotification.tsx(85,66): error TS7053: Element implicitly has an 'any' type because expression of type 'Language' can't be used to index type '{ english: string; hindi: string; bengali: string; }'.
  Property 'tamil' does not exist on type '{ english: string; hindi: string; bengali: string; }'.
components/FollowUpNotification.tsx(90,22): error TS7053: Element implicitly has an 'any' type because expression of type 'Language' can't be used to index type '{ english: string; hindi: string; bengali: string; }'.
  Property 'tamil' does not exist on type '{ english: string; hindi: string; bengali: string; }'.
components/FollowUpNotification.tsx(93,22): error TS7053: Element implicitly has an 'any' type because expression of type 'Language' can't be used to index type '{ english: string; hindi: string; bengali: string; }'.
  Property 'tamil' does not exist on type '{ english: string; hindi: string; bengali: string; }'.
components/FollowUpNotification.tsx(97,52): error TS7053: Element implicitly has an 'any' type because expression of type 'Language' can't be used to index type '{ english: string; hindi: string; bengali: string; }'.
  Property 'tamil' does not exist on type '{ english: string; hindi: string; bengali: string; }'.
components/FollowUpNotification.tsx(98,52): error TS7053: Element implicitly has an 'any' type because expression of type 'Language' can't be used to index type '{ english: string; hindi: string; bengali: string; }'.
  Property 'tamil' does not exist on type '{ english: string; hindi: string; bengali: string; }'.
components/FollowUpNotification.tsx(107,18): error TS7053: Element implicitly has an 'any' type because expression of type 'Language' can't be used to index type '{ english: string; hindi: string; bengali: string; assamese: string; }'.
  Property 'tamil' does not exist on type '{ english: string; hindi: string; bengali: string; assamese: string; }'.
components/LabReferralTrackingManager.tsx(2,24): error TS6133: 'Plus' is declared but its value is never read.
components/LabReferralTrackingManager.tsx(33,3): error TS6133: 'doctorName' is declared but its value is never read.
components/LabReferralTrackingManager.tsx(34,3): error TS6133: 'email' is declared but its value is never read.
components/LabReferralTrackingManager.tsx(141,38): error TS2769: No overload matches this call.
  Overload 1 of 3, '(firestore: Firestore, path: string, ...pathSegments: string[]): CollectionReference<DocumentData, DocumentData>', gave the following error.
    Argument of type 'Firestore | null' is not assignable to parameter of type 'Firestore'.
      Type 'null' is not assignable to type 'Firestore'.
  Overload 2 of 3, '(reference: CollectionReference<unknown, DocumentData>, path: string, ...pathSegments: string[]): CollectionReference<DocumentData, DocumentData>', gave the following error.
    Argument of type 'Firestore | null' is not assignable to parameter of type 'CollectionReference<unknown, DocumentData>'.
      Type 'null' is not assignable to type 'CollectionReference<unknown, DocumentData>'.
  Overload 3 of 3, '(reference: DocumentReference<unknown, DocumentData>, path: string, ...pathSegments: string[]): CollectionReference<DocumentData, DocumentData>', gave the following error.
    Argument of type 'Firestore | null' is not assignable to parameter of type 'DocumentReference<unknown, DocumentData>'.
      Type 'null' is not assignable to type 'DocumentReference<unknown, DocumentData>'.
components/LandingPage.tsx(3,126): error TS6133: 'ShoppingCart' is declared but its value is never read.
components/LandingPage.tsx(3,151): error TS6133: 'MessageSquare' is declared but its value is never read.
components/LandingPage.tsx(3,192): error TS6133: 'ScanLine' is declared but its value is never read.
components/LandingPage.tsx(3,242): error TS6133: 'Sparkles' is declared but its value is never read.
components/LandingPage.tsx(10,24): error TS2307: Cannot find module '../assets/healqr-logo.png' or its corresponding type declarations.
components/LandingPage.tsx(11,30): error TS2307: Cannot find module '../assets/healqr-hero.png' or its corresponding type declarations.
components/LandingPage.tsx(49,3): error TS6133: 'onTestTemplateUploader' is declared but its value is never read.
components/LandingPage.tsx(115,69): error TS2769: No overload matches this call.
  Overload 1 of 3, '(firestore: Firestore, path: string, ...pathSegments: string[]): CollectionReference<DocumentData, DocumentData>', gave the following error.
    Argument of type 'Firestore | null' is not assignable to parameter of type 'Firestore'.
      Type 'null' is not assignable to type 'Firestore'.
  Overload 2 of 3, '(reference: CollectionReference<unknown, DocumentData>, path: string, ...pathSegments: string[]): CollectionReference<DocumentData, DocumentData>', gave the following error.
    Argument of type 'Firestore | null' is not assignable to parameter of type 'CollectionReference<unknown, DocumentData>'.
      Type 'null' is not assignable to type 'CollectionReference<unknown, DocumentData>'.
  Overload 3 of 3, '(reference: DocumentReference<unknown, DocumentData>, path: string, ...pathSegments: string[]): CollectionReference<DocumentData, DocumentData>', gave the following error.
    Argument of type 'Firestore | null' is not assignable to parameter of type 'DocumentReference<unknown, DocumentData>'.
      Type 'null' is not assignable to type 'DocumentReference<unknown, DocumentData>'.
components/LandingPage.tsx(119,69): error TS2769: No overload matches this call.
  Overload 1 of 3, '(firestore: Firestore, path: string, ...pathSegments: string[]): CollectionReference<DocumentData, DocumentData>', gave the following error.
    Argument of type 'Firestore | null' is not assignable to parameter of type 'Firestore'.
      Type 'null' is not assignable to type 'Firestore'.
  Overload 2 of 3, '(reference: CollectionReference<unknown, DocumentData>, path: string, ...pathSegments: string[]): CollectionReference<DocumentData, DocumentData>', gave the following error.
    Argument of type 'Firestore | null' is not assignable to parameter of type 'CollectionReference<unknown, DocumentData>'.
      Type 'null' is not assignable to type 'CollectionReference<unknown, DocumentData>'.
  Overload 3 of 3, '(reference: DocumentReference<unknown, DocumentData>, path: string, ...pathSegments: string[]): CollectionReference<DocumentData, DocumentData>', gave the following error.
    Argument of type 'Firestore | null' is not assignable to parameter of type 'DocumentReference<unknown, DocumentData>'.
      Type 'null' is not assignable to type 'DocumentReference<unknown, DocumentData>'.
components/LandingPage.tsx(126,22): error TS2769: No overload matches this call.
  Overload 1 of 3, '(firestore: Firestore, path: string, ...pathSegments: string[]): CollectionReference<DocumentData, DocumentData>', gave the following error.
    Argument of type 'Firestore | null' is not assignable to parameter of type 'Firestore'.
      Type 'null' is not assignable to type 'Firestore'.
  Overload 2 of 3, '(reference: CollectionReference<unknown, DocumentData>, path: string, ...pathSegments: string[]): CollectionReference<DocumentData, DocumentData>', gave the following error.
    Argument of type 'Firestore | null' is not assignable to parameter of type 'CollectionReference<unknown, DocumentData>'.
      Type 'null' is not assignable to type 'CollectionReference<unknown, DocumentData>'.
  Overload 3 of 3, '(reference: DocumentReference<unknown, DocumentData>, path: string, ...pathSegments: string[]): CollectionReference<DocumentData, DocumentData>', gave the following error.
    Argument of type 'Firestore | null' is not assignable to parameter of type 'DocumentReference<unknown, DocumentData>'.
      Type 'null' is not assignable to type 'DocumentReference<unknown, DocumentData>'.
components/LandingPage.tsx(133,58): error TS2769: No overload matches this call.
  Overload 1 of 3, '(firestore: Firestore, path: string, ...pathSegments: string[]): CollectionReference<DocumentData, DocumentData>', gave the following error.
    Argument of type 'Firestore | null' is not assignable to parameter of type 'Firestore'.
      Type 'null' is not assignable to type 'Firestore'.
  Overload 2 of 3, '(reference: CollectionReference<unknown, DocumentData>, path: string, ...pathSegments: string[]): CollectionReference<DocumentData, DocumentData>', gave the following error.
    Argument of type 'Firestore | null' is not assignable to parameter of type 'CollectionReference<unknown, DocumentData>'.
      Type 'null' is not assignable to type 'CollectionReference<unknown, DocumentData>'.
  Overload 3 of 3, '(reference: DocumentReference<unknown, DocumentData>, path: string, ...pathSegments: string[]): CollectionReference<DocumentData, DocumentData>', gave the following error.
    Argument of type 'Firestore | null' is not assignable to parameter of type 'DocumentReference<unknown, DocumentData>'.
      Type 'null' is not assignable to type 'DocumentReference<unknown, DocumentData>'.
components/LandingSupportModal.tsx(55,46): error TS2769: No overload matches this call.
  Overload 1 of 3, '(firestore: Firestore, path: string, ...pathSegments: string[]): CollectionReference<DocumentData, DocumentData>', gave the following error.
    Argument of type 'Firestore | null' is not assignable to parameter of type 'Firestore'.
      Type 'null' is not assignable to type 'Firestore'.
  Overload 2 of 3, '(reference: CollectionReference<unknown, DocumentData>, path: string, ...pathSegments: string[]): CollectionReference<DocumentData, DocumentData>', gave the following error.
    Argument of type 'Firestore | null' is not assignable to parameter of type 'CollectionReference<unknown, DocumentData>'.
      Type 'null' is not assignable to type 'CollectionReference<unknown, DocumentData>'.
  Overload 3 of 3, '(reference: DocumentReference<unknown, DocumentData>, path: string, ...pathSegments: string[]): CollectionReference<DocumentData, DocumentData>', gave the following error.
    Argument of type 'Firestore | null' is not assignable to parameter of type 'DocumentReference<unknown, DocumentData>'.
      Type 'null' is not assignable to type 'DocumentReference<unknown, DocumentData>'.
components/LanguageSelection.tsx(100,19): error TS2345: Argument of type '"languageAssamese"' is not assignable to parameter of type '"name" | "reviews" | "male" | "female" | "other" | "doctor" | "age" | "gender" | "patientName" | "date" | "time" | "serialNo" | "location" | "cancel" | "submit" | "whatsappNumber" | ... 179 more ... | "notifSchedule"'.
components/LocalStorageDebugger.tsx(1,1): error TS6192: All imports in import declaration are unused.
components/LocalStorageDebugger.tsx(2,1): error TS6192: All imports in import declaration are unused.
components/LocalStorageDebugger.tsx(8,46): error TS6133: 'onClose' is declared but its value is never read.
components/Login.tsx(4,20): error TS6133: 'useEffect' is declared but its value is never read.
components/Login.tsx(5,24): error TS2307: Cannot find module '../assets/healqr-logo.png' or its corresponding type declarations.
components/Login.tsx(17,33): error TS6133: 'onNext' is declared but its value is never read.
components/Login.tsx(17,60): error TS6133: 'isDemoMode' is declared but its value is never read.
components/Login.tsx(21,31): error TS6133: 'setIsAssistantVerified' is declared but its value is never read.
components/Login.tsx(43,11): error TS6133: 'isAssistant' is declared but its value is never read.
components/LogoPreview.tsx(1,1): error TS6133: 'React' is declared but its value is never read.
components/LogoPreview.tsx(2,23): error TS2307: Cannot find module '../assets/logo-preview.svg' or its corresponding type declarations.
components/ManageDoctors.tsx(3,1): error TS6133: 'sendSignInLinkToEmail' is declared but its value is never read.
components/ManageDoctors.tsx(182,42): error TS2769: No overload matches this call.
  Overload 1 of 3, '(firestore: Firestore, path: string, ...pathSegments: string[]): DocumentReference<DocumentData, DocumentData>', gave the following error.
    Argument of type 'Firestore | null' is not assignable to parameter of type 'Firestore'.
      Type 'null' is not assignable to type 'Firestore'.
  Overload 2 of 3, '(reference: CollectionReference<unknown, DocumentData>, path?: string | undefined, ...pathSegments: string[]): DocumentReference<unknown, DocumentData>', gave the following error.
    Argument of type 'Firestore | null' is not assignable to parameter of type 'CollectionReference<unknown, DocumentData>'.
      Type 'null' is not assignable to type 'CollectionReference<unknown, DocumentData>'.
  Overload 3 of 3, '(reference: DocumentReference<unknown, DocumentData>, path: string, ...pathSegments: string[]): DocumentReference<DocumentData, DocumentData>', gave the following error.
    Argument of type 'Firestore | null' is not assignable to parameter of type 'DocumentReference<unknown, DocumentData>'.
      Type 'null' is not assignable to type 'DocumentReference<unknown, DocumentData>'.
components/ManageDoctors.tsx(186,38): error TS2769: No overload matches this call.
  Overload 1 of 3, '(firestore: Firestore, path: string, ...pathSegments: string[]): CollectionReference<DocumentData, DocumentData>', gave the following error.
    Argument of type 'Firestore | null' is not assignable to parameter of type 'Firestore'.
      Type 'null' is not assignable to type 'Firestore'.
  Overload 2 of 3, '(reference: CollectionReference<unknown, DocumentData>, path: string, ...pathSegments: string[]): CollectionReference<DocumentData, DocumentData>', gave the following error.
    Argument of type 'Firestore | null' is not assignable to parameter of type 'CollectionReference<unknown, DocumentData>'.
      Type 'null' is not assignable to type 'CollectionReference<unknown, DocumentData>'.
  Overload 3 of 3, '(reference: DocumentReference<unknown, DocumentData>, path: string, ...pathSegments: string[]): CollectionReference<DocumentData, DocumentData>', gave the following error.
    Argument of type 'Firestore | null' is not assignable to parameter of type 'DocumentReference<unknown, DocumentData>'.
      Type 'null' is not assignable to type 'DocumentReference<unknown, DocumentData>'.
components/ManageDoctors.tsx(194,31): error TS2769: No overload matches this call.
  Overload 1 of 3, '(firestore: Firestore, path: string, ...pathSegments: string[]): CollectionReference<DocumentData, DocumentData>', gave the following error.
    Argument of type 'Firestore | null' is not assignable to parameter of type 'Firestore'.
      Type 'null' is not assignable to type 'Firestore'.
  Overload 2 of 3, '(reference: CollectionReference<unknown, DocumentData>, path: string, ...pathSegments: string[]): CollectionReference<DocumentData, DocumentData>', gave the following error.
    Argument of type 'Firestore | null' is not assignable to parameter of type 'CollectionReference<unknown, DocumentData>'.
      Type 'null' is not assignable to type 'CollectionReference<unknown, DocumentData>'.
  Overload 3 of 3, '(reference: DocumentReference<unknown, DocumentData>, path: string, ...pathSegments: string[]): CollectionReference<DocumentData, DocumentData>', gave the following error.
    Argument of type 'Firestore | null' is not assignable to parameter of type 'DocumentReference<unknown, DocumentData>'.
      Type 'null' is not assignable to type 'DocumentReference<unknown, DocumentData>'.
components/ManageDoctors.tsx(233,37): error TS2769: No overload matches this call.
  Overload 1 of 3, '(firestore: Firestore, path: string, ...pathSegments: string[]): CollectionReference<DocumentData, DocumentData>', gave the following error.
    Argument of type 'Firestore | null' is not assignable to parameter of type 'Firestore'.
      Type 'null' is not assignable to type 'Firestore'.
  Overload 2 of 3, '(reference: CollectionReference<unknown, DocumentData>, path: string, ...pathSegments: string[]): CollectionReference<DocumentData, DocumentData>', gave the following error.
    Argument of type 'Firestore | null' is not assignable to parameter of type 'CollectionReference<unknown, DocumentData>'.
      Type 'null' is not assignable to type 'CollectionReference<unknown, DocumentData>'.
  Overload 3 of 3, '(reference: DocumentReference<unknown, DocumentData>, path: string, ...pathSegments: string[]): CollectionReference<DocumentData, DocumentData>', gave the following error.
    Argument of type 'Firestore | null' is not assignable to parameter of type 'DocumentReference<unknown, DocumentData>'.
      Type 'null' is not assignable to type 'DocumentReference<unknown, DocumentData>'.
components/ManageDoctors.tsx(259,9): error TS6133: 'renderDoctorSearch' is declared but its value is never read.
components/ManageDoctors.tsx(288,9): error TS6133: 'renderLinkedDoctors' is declared but its value is never read.
components/ManageDoctors.tsx(295,16): error TS2304: Cannot find name 'CardTitle'.
components/ManageDoctors.tsx(295,38): error TS2304: Cannot find name 'CardTitle'.
components/ManageDoctors.tsx(298,47): error TS2339: Property 'profileType' does not exist on type 'LinkedDoctor'.
components/ManageDoctors.tsx(301,14): error TS2304: Cannot find name 'CardContent'.
components/ManageDoctors.tsx(304,70): error TS2339: Property 'profileType' does not exist on type 'LinkedDoctor'.
components/ManageDoctors.tsx(306,20): error TS2339: Property 'profileType' does not exist on type 'LinkedDoctor'.
components/ManageDoctors.tsx(307,50): error TS2304: Cannot find name 'handleEnableSolo'.
components/ManageDoctors.tsx(309,48): error TS2554: Expected 2 arguments, but got 1.
components/ManageDoctors.tsx(310,15): error TS2304: Cannot find name 'CardContent'.
components/ManageDoctors.tsx(342,37): error TS2769: No overload matches this call.
  Overload 1 of 3, '(firestore: Firestore, path: string, ...pathSegments: string[]): DocumentReference<DocumentData, DocumentData>', gave the following error.
    Argument of type 'Firestore | null' is not assignable to parameter of type 'Firestore'.
      Type 'null' is not assignable to type 'Firestore'.
  Overload 2 of 3, '(reference: CollectionReference<unknown, DocumentData>, path?: string | undefined, ...pathSegments: string[]): DocumentReference<unknown, DocumentData>', gave the following error.
    Argument of type 'Firestore | null' is not assignable to parameter of type 'CollectionReference<unknown, DocumentData>'.
      Type 'null' is not assignable to type 'CollectionReference<unknown, DocumentData>'.
  Overload 3 of 3, '(reference: DocumentReference<unknown, DocumentData>, path: string, ...pathSegments: string[]): DocumentReference<DocumentData, DocumentData>', gave the following error.
    Argument of type 'Firestore | null' is not assignable to parameter of type 'DocumentReference<unknown, DocumentData>'.
      Type 'null' is not assignable to type 'DocumentReference<unknown, DocumentData>'.
components/ManageDoctors.tsx(589,25): error TS2322: Type 'LinkedDoctor | { uid: string; email: string; name: string; dateOfBirth: string; specialties: string[]; pinCode: string; doctorCode: string; qrNumber: string; status: string; }' is not assignable to type 'LinkedDoctor'.
  Type '{ uid: string; email: string; name: string; dateOfBirth: string; specialties: string[]; pinCode: string; doctorCode: string; qrNumber: string; status: string; }' is not assignable to type 'LinkedDoctor'.
    Types of property 'status' are incompatible.
      Type 'string' is not assignable to type '"active" | "inactive" | "pending_invitation" | undefined'.
components/ManageDoctors.tsx(589,45): error TS2322: Type '{ uid: string; email: string; name: string; dateOfBirth: string; specialties: string[]; pinCode: string; doctorCode: string; qrNumber: string; status: string; }' is not assignable to type 'LinkedDoctor'.
  Types of property 'status' are incompatible.
    Type 'string' is not assignable to type '"active" | "inactive" | "pending_invitation" | undefined'.
components/ManageDoctors.tsx(592,13): error TS6133: 'invitationData' is declared but its value is never read.
components/ManageDoctors.tsx(885,9): error TS6133: 'isInvitationExpired' is declared but its value is never read.
components/ManageDoctors.tsx(891,9): error TS6133: 'handleToggleDoctorStatus' is declared but its value is never read.
components/ManageDoctors.tsx(893,20): error TS18047: 'auth' is possibly 'null'.
components/ManageDoctors.tsx(955,20): error TS18047: 'auth' is possibly 'null'.
components/ManageDoctors.tsx(961,29): error TS2769: No overload matches this call.
  Overload 1 of 3, '(firestore: Firestore, path: string, ...pathSegments: string[]): DocumentReference<DocumentData, DocumentData>', gave the following error.
    Argument of type 'Firestore | null' is not assignable to parameter of type 'Firestore'.
      Type 'null' is not assignable to type 'Firestore'.
  Overload 2 of 3, '(reference: CollectionReference<unknown, DocumentData>, path?: string | undefined, ...pathSegments: string[]): DocumentReference<unknown, DocumentData>', gave the following error.
    Argument of type 'Firestore | null' is not assignable to parameter of type 'CollectionReference<unknown, DocumentData>'.
      Type 'null' is not assignable to type 'CollectionReference<unknown, DocumentData>'.
  Overload 3 of 3, '(reference: DocumentReference<unknown, DocumentData>, path: string, ...pathSegments: string[]): DocumentReference<DocumentData, DocumentData>', gave the following error.
    Argument of type 'Firestore | null' is not assignable to parameter of type 'DocumentReference<unknown, DocumentData>'.
      Type 'null' is not assignable to type 'DocumentReference<unknown, DocumentData>'.
components/ManageDoctors.tsx(985,26): error TS2345: Argument of type '(prev: LinkedDoctor[]) => (LinkedDoctor | { status: "active" | "inactive"; toggleOffPeriod: { startDate: string; endDate: string; reason: "other" | "medical" | "vacation"; }; ... 19 more ...; footerLine2?: string | undefined; })[]' is not assignable to parameter of type 'SetStateAction<LinkedDoctor[]>'.
  Type '(prev: LinkedDoctor[]) => (LinkedDoctor | { status: "active" | "inactive"; toggleOffPeriod: { startDate: string; endDate: string; reason: "other" | "medical" | "vacation"; }; ... 19 more ...; footerLine2?: string | undefined; })[]' is not assignable to type '(prevState: LinkedDoctor[]) => LinkedDoctor[]'.
    Type '(LinkedDoctor | { status: "active" | "inactive"; toggleOffPeriod: { startDate: string; endDate: string; reason: "other" | "medical" | "vacation"; }; uid: string; email: string; ... 17 more ...; footerLine2?: string | undefined; })[]' is not assignable to type 'LinkedDoctor[]'.
      Type 'LinkedDoctor | { status: "active" | "inactive"; toggleOffPeriod: { startDate: string; endDate: string; reason: "other" | "medical" | "vacation"; }; uid: string; email: string; ... 17 more ...; footerLine2?: string | undefined; }' is not assignable to type 'LinkedDoctor'.
        Type '{ status: "active" | "inactive"; toggleOffPeriod: { startDate: string; endDate: string; reason: "other" | "medical" | "vacation"; }; uid: string; email: string; name: string; specialty?: string; ... 15 more ...; footerLine2?: string; }' is not assignable to type 'LinkedDoctor'.
          Types of property 'toggleOffPeriod' are incompatible.
            Type '{ startDate: string; endDate: string; reason: "other" | "medical" | "vacation"; }' is missing the following properties from type '{ startDate: string; endDate: string; reason: string; setBy: string; setAt: any; }': setBy, setAt
components/ManageDoctors.tsx(1022,20): error TS18047: 'auth' is possibly 'null'.
components/ManageDoctors.tsx(1028,29): error TS2769: No overload matches this call.
  Overload 1 of 3, '(firestore: Firestore, path: string, ...pathSegments: string[]): DocumentReference<DocumentData, DocumentData>', gave the following error.
    Argument of type 'Firestore | null' is not assignable to parameter of type 'Firestore'.
      Type 'null' is not assignable to type 'Firestore'.
  Overload 2 of 3, '(reference: CollectionReference<unknown, DocumentData>, path?: string | undefined, ...pathSegments: string[]): DocumentReference<unknown, DocumentData>', gave the following error.
    Argument of type 'Firestore | null' is not assignable to parameter of type 'CollectionReference<unknown, DocumentData>'.
      Type 'null' is not assignable to type 'CollectionReference<unknown, DocumentData>'.
  Overload 3 of 3, '(reference: DocumentReference<unknown, DocumentData>, path: string, ...pathSegments: string[]): DocumentReference<DocumentData, DocumentData>', gave the following error.
    Argument of type 'Firestore | null' is not assignable to parameter of type 'DocumentReference<unknown, DocumentData>'.
      Type 'null' is not assignable to type 'DocumentReference<unknown, DocumentData>'.
components/ManageDoctors.tsx(1071,20): error TS18047: 'auth' is possibly 'null'.
components/ManageDoctors.tsx(1074,29): error TS2769: No overload matches this call.
  Overload 1 of 3, '(firestore: Firestore, path: string, ...pathSegments: string[]): DocumentReference<DocumentData, DocumentData>', gave the following error.
    Argument of type 'Firestore | null' is not assignable to parameter of type 'Firestore'.
      Type 'null' is not assignable to type 'Firestore'.
  Overload 2 of 3, '(reference: CollectionReference<unknown, DocumentData>, path?: string | undefined, ...pathSegments: string[]): DocumentReference<unknown, DocumentData>', gave the following error.
    Argument of type 'Firestore | null' is not assignable to parameter of type 'CollectionReference<unknown, DocumentData>'.
      Type 'null' is not assignable to type 'CollectionReference<unknown, DocumentData>'.
  Overload 3 of 3, '(reference: DocumentReference<unknown, DocumentData>, path: string, ...pathSegments: string[]): DocumentReference<DocumentData, DocumentData>', gave the following error.
    Argument of type 'Firestore | null' is not assignable to parameter of type 'DocumentReference<unknown, DocumentData>'.
      Type 'null' is not assignable to type 'DocumentReference<unknown, DocumentData>'.
components/ManageDoctors.tsx(1120,29): error TS2769: No overload matches this call.
  Overload 1 of 3, '(firestore: Firestore, path: string, ...pathSegments: string[]): DocumentReference<DocumentData, DocumentData>', gave the following error.
    Argument of type 'Firestore | null' is not assignable to parameter of type 'Firestore'.
      Type 'null' is not assignable to type 'Firestore'.
  Overload 2 of 3, '(reference: CollectionReference<unknown, DocumentData>, path?: string | undefined, ...pathSegments: string[]): DocumentReference<unknown, DocumentData>', gave the following error.
    Argument of type 'Firestore | null' is not assignable to parameter of type 'CollectionReference<unknown, DocumentData>'.
      Type 'null' is not assignable to type 'CollectionReference<unknown, DocumentData>'.
  Overload 3 of 3, '(reference: DocumentReference<unknown, DocumentData>, path: string, ...pathSegments: string[]): DocumentReference<DocumentData, DocumentData>', gave the following error.
    Argument of type 'Firestore | null' is not assignable to parameter of type 'DocumentReference<unknown, DocumentData>'.
      Type 'null' is not assignable to type 'DocumentReference<unknown, DocumentData>'.
components/ManageDoctors.tsx(1145,29): error TS2769: No overload matches this call.
  Overload 1 of 3, '(firestore: Firestore, path: string, ...pathSegments: string[]): DocumentReference<DocumentData, DocumentData>', gave the following error.
    Argument of type 'Firestore | null' is not assignable to parameter of type 'Firestore'.
      Type 'null' is not assignable to type 'Firestore'.
  Overload 2 of 3, '(reference: CollectionReference<unknown, DocumentData>, path?: string | undefined, ...pathSegments: string[]): DocumentReference<unknown, DocumentData>', gave the following error.
    Argument of type 'Firestore | null' is not assignable to parameter of type 'CollectionReference<unknown, DocumentData>'.
      Type 'null' is not assignable to type 'CollectionReference<unknown, DocumentData>'.
  Overload 3 of 3, '(reference: DocumentReference<unknown, DocumentData>, path: string, ...pathSegments: string[]): DocumentReference<DocumentData, DocumentData>', gave the following error.
    Argument of type 'Firestore | null' is not assignable to parameter of type 'DocumentReference<unknown, DocumentData>'.
      Type 'null' is not assignable to type 'DocumentReference<unknown, DocumentData>'.
components/ManageDoctors.tsx(1170,38): error TS2769: No overload matches this call.
  Overload 1 of 3, '(firestore: Firestore, path: string, ...pathSegments: string[]): CollectionReference<DocumentData, DocumentData>', gave the following error.
    Argument of type 'Firestore | null' is not assignable to parameter of type 'Firestore'.
      Type 'null' is not assignable to type 'Firestore'.
  Overload 2 of 3, '(reference: CollectionReference<unknown, DocumentData>, path: string, ...pathSegments: string[]): CollectionReference<DocumentData, DocumentData>', gave the following error.
    Argument of type 'Firestore | null' is not assignable to parameter of type 'CollectionReference<unknown, DocumentData>'.
      Type 'null' is not assignable to type 'CollectionReference<unknown, DocumentData>'.
  Overload 3 of 3, '(reference: DocumentReference<unknown, DocumentData>, path: string, ...pathSegments: string[]): CollectionReference<DocumentData, DocumentData>', gave the following error.
    Argument of type 'Firestore | null' is not assignable to parameter of type 'DocumentReference<unknown, DocumentData>'.
      Type 'null' is not assignable to type 'DocumentReference<unknown, DocumentData>'.
components/ManageDoctors.tsx(1661,35): error TS2322: Type 'Date' is not assignable to type 'string | number | undefined'.
components/ManageDoctors.tsx(1673,35): error TS2322: Type 'string | Date' is not assignable to type 'string | number | undefined'.
  Type 'Date' is not assignable to type 'string | number | undefined'.
components/ManageDoctors.tsx(1691,69): error TS2345: Argument of type 'string' is not assignable to parameter of type 'SetStateAction<"other" | "medical" | "vacation">'.
components/ManageDoctors.tsx(2053,53): error TS2769: No overload matches this call.
  Overload 1 of 3, '(firestore: Firestore, path: string, ...pathSegments: string[]): CollectionReference<DocumentData, DocumentData>', gave the following error.
    Argument of type 'Firestore | null' is not assignable to parameter of type 'Firestore'.
      Type 'null' is not assignable to type 'Firestore'.
  Overload 2 of 3, '(reference: CollectionReference<unknown, DocumentData>, path: string, ...pathSegments: string[]): CollectionReference<DocumentData, DocumentData>', gave the following error.
    Argument of type 'Firestore | null' is not assignable to parameter of type 'CollectionReference<unknown, DocumentData>'.
      Type 'null' is not assignable to type 'CollectionReference<unknown, DocumentData>'.
  Overload 3 of 3, '(reference: DocumentReference<unknown, DocumentData>, path: string, ...pathSegments: string[]): CollectionReference<DocumentData, DocumentData>', gave the following error.
    Argument of type 'Firestore | null' is not assignable to parameter of type 'DocumentReference<unknown, DocumentData>'.
      Type 'null' is not assignable to type 'DocumentReference<unknown, DocumentData>'.
components/MiniWebsite.tsx(1,16): error TS6133: 'Lightbulb' is declared but its value is never read.
components/MiniWebsite.tsx(2,34): error TS6133: 'AvatarImage' is declared but its value is never read.
components/NotificationCenter.tsx(1,1): error TS6133: 'useState' is declared but its value is never read.
components/NotificationCenter.tsx(8,3): error TS6133: 'UserPlus' is declared but its value is never read.
components/NotificationCenter.tsx(10,3): error TS6133: 'MessageSquare' is declared but its value is never read.
components/NotificationCenter.tsx(11,3): error TS6133: 'TrendingUp' is declared but its value is never read.
components/NotificationCenter.tsx(19,3): error TS6133: 'Share2' is declared but its value is never read.
components/NotificationCenter.tsx(20,3): error TS6133: 'Download' is declared but its value is never read.
components/NotificationCenter.tsx(21,3): error TS6133: 'Building2' is declared but its value is never read.
components/NotificationCenter.tsx(27,1): error TS6133: 'ScrollArea' is declared but its value is never read.
components/NotificationCenter.tsx(56,3): error TS6133: 'onOpenNewRxViewer' is declared but its value is never read.
components/NotificationCenter.tsx(319,38): error TS2345: Argument of type 'string | undefined' is not assignable to parameter of type 'string'.
  Type 'undefined' is not assignable to type 'string'.
components/NotificationPage.tsx(2,40): error TS2307: Cannot find module 'react-router-dom' or its corresponding type declarations.
components/NotificationPage.tsx(41,28): error TS2769: No overload matches this call.
  Overload 1 of 3, '(firestore: Firestore, path: string, ...pathSegments: string[]): DocumentReference<DocumentData, DocumentData>', gave the following error.
    Argument of type 'Firestore | null' is not assignable to parameter of type 'Firestore'.
      Type 'null' is not assignable to type 'Firestore'.
  Overload 2 of 3, '(reference: CollectionReference<unknown, DocumentData>, path?: string | undefined, ...pathSegments: string[]): DocumentReference<unknown, DocumentData>', gave the following error.
    Argument of type 'Firestore | null' is not assignable to parameter of type 'CollectionReference<unknown, DocumentData>'.
      Type 'null' is not assignable to type 'CollectionReference<unknown, DocumentData>'.
  Overload 3 of 3, '(reference: DocumentReference<unknown, DocumentData>, path: string, ...pathSegments: string[]): DocumentReference<DocumentData, DocumentData>', gave the following error.
    Argument of type 'Firestore | null' is not assignable to parameter of type 'DocumentReference<unknown, DocumentData>'.
      Type 'null' is not assignable to type 'DocumentReference<unknown, DocumentData>'.
components/PatientActionsBar.tsx(1,10): error TS6133: 'Send' is declared but its value is never read.
components/PatientActionsBar.tsx(1,63): error TS6133: 'Upload' is declared but its value is never read.
components/PatientActionsBar.tsx(1,78): error TS6133: 'Download' is declared but its value is never read.
components/PatientActionsBar.tsx(45,3): error TS6133: 'onSendPrescription' is declared but its value is never read.
components/PatientActionsBar.tsx(50,3): error TS6133: 'onNotify' is declared but its value is never read.
components/PatientActionsBar.tsx(52,3): error TS6133: 'onViewOldRx' is declared but its value is never read.
components/PatientActionsBar.tsx(58,3): error TS6133: 'hasAIRXReaderPackage' is declared but its value is never read.
components/PatientActionsBar.tsx(60,3): error TS6133: 'patientLanguage' is declared but its value is never read.
components/PatientActionsBar.tsx(70,9): error TS6133: 'hasOldRx' is declared but its value is never read.
components/PatientActionsBar.tsx(71,9): error TS6133: 'isOldRxReviewed' is declared but its value is never read.
components/PatientActionsBar.tsx(84,32): error TS6133: 'data' is declared but its value is never read.
components/PatientChatInterface.tsx(1,63): error TS6133: 'ChevronLeft' is declared but its value is never read.
components/PatientChatInterface.tsx(1,85): error TS6133: 'ImageIcon' is declared but its value is never read.
components/PatientChatInterface.tsx(37,29): error TS6133: 'setPackageExpiryDate' is declared but its value is never read.
components/PatientConsultationHistory.tsx(23,1): error TS6133: 'translations' is declared but its value is never read.
components/PatientConsultationHistory.tsx(50,68): error TS6133: 'language' is declared but its value is never read.
components/PatientConsultationHistory.tsx(82,38): error TS2769: No overload matches this call.
  Overload 1 of 3, '(firestore: Firestore, path: string, ...pathSegments: string[]): CollectionReference<DocumentData, DocumentData>', gave the following error.
    Argument of type 'Firestore | null' is not assignable to parameter of type 'Firestore'.
      Type 'null' is not assignable to type 'Firestore'.
  Overload 2 of 3, '(reference: CollectionReference<unknown, DocumentData>, path: string, ...pathSegments: string[]): CollectionReference<DocumentData, DocumentData>', gave the following error.
    Argument of type 'Firestore | null' is not assignable to parameter of type 'CollectionReference<unknown, DocumentData>'.
      Type 'null' is not assignable to type 'CollectionReference<unknown, DocumentData>'.
  Overload 3 of 3, '(reference: DocumentReference<unknown, DocumentData>, path: string, ...pathSegments: string[]): CollectionReference<DocumentData, DocumentData>', gave the following error.
    Argument of type 'Firestore | null' is not assignable to parameter of type 'DocumentReference<unknown, DocumentData>'.
      Type 'null' is not assignable to type 'DocumentReference<unknown, DocumentData>'.
components/PatientDashboard.tsx(15,54): error TS6133: 'limit' is declared but its value is never read.
components/PatientDashboard.tsx(76,38): error TS2769: No overload matches this call.
  Overload 1 of 3, '(firestore: Firestore, path: string, ...pathSegments: string[]): CollectionReference<DocumentData, DocumentData>', gave the following error.
    Argument of type 'Firestore | null' is not assignable to parameter of type 'Firestore'.
      Type 'null' is not assignable to type 'Firestore'.
  Overload 2 of 3, '(reference: CollectionReference<unknown, DocumentData>, path: string, ...pathSegments: string[]): CollectionReference<DocumentData, DocumentData>', gave the following error.
    Argument of type 'Firestore | null' is not assignable to parameter of type 'CollectionReference<unknown, DocumentData>'.
      Type 'null' is not assignable to type 'CollectionReference<unknown, DocumentData>'.
  Overload 3 of 3, '(reference: DocumentReference<unknown, DocumentData>, path: string, ...pathSegments: string[]): CollectionReference<DocumentData, DocumentData>', gave the following error.
    Argument of type 'Firestore | null' is not assignable to parameter of type 'DocumentReference<unknown, DocumentData>'.
      Type 'null' is not assignable to type 'DocumentReference<unknown, DocumentData>'.
components/PatientDashboard.tsx(96,45): error TS2769: No overload matches this call.
  Overload 1 of 3, '(firestore: Firestore, path: string, ...pathSegments: string[]): CollectionReference<DocumentData, DocumentData>', gave the following error.
    Argument of type 'Firestore | null' is not assignable to parameter of type 'Firestore'.
      Type 'null' is not assignable to type 'Firestore'.
  Overload 2 of 3, '(reference: CollectionReference<unknown, DocumentData>, path: string, ...pathSegments: string[]): CollectionReference<DocumentData, DocumentData>', gave the following error.
    Argument of type 'Firestore | null' is not assignable to parameter of type 'CollectionReference<unknown, DocumentData>'.
      Type 'null' is not assignable to type 'CollectionReference<unknown, DocumentData>'.
  Overload 3 of 3, '(reference: DocumentReference<unknown, DocumentData>, path: string, ...pathSegments: string[]): CollectionReference<DocumentData, DocumentData>', gave the following error.
    Argument of type 'Firestore | null' is not assignable to parameter of type 'DocumentReference<unknown, DocumentData>'.
      Type 'null' is not assignable to type 'DocumentReference<unknown, DocumentData>'.
components/PatientDashboardNew.tsx(1,8): error TS6133: 'React' is declared but its value is never read.
components/PatientDashboardNew.tsx(3,59): error TS6133: 'onSnapshot' is declared but its value is never read.
components/PatientDashboardNew.tsx(3,71): error TS6133: 'orderBy' is declared but its value is never read.
components/PatientDashboardNew.tsx(4,24): error TS2307: Cannot find module '../assets/healqr-logo.png' or its corresponding type declarations.
components/PatientDashboardNew.tsx(196,10): error TS6133: 'demoMode' is declared but its value is never read.
components/PatientDetailsForm.tsx(13,10): error TS6133: 'ArrowLeft' is declared but its value is never read.
components/PatientDetailsForm.tsx(75,3): error TS6133: 'doctorQRCode' is declared but its value is never read.
components/PatientDetailsForm.tsx(76,3): error TS6133: 'doctorUPI' is declared but its value is never read.
components/PatientDetailsForm.tsx(86,3): error TS6133: 'themeColor' is declared but its value is never read.
components/PatientDetailsForm.tsx(87,3): error TS6133: 'isClinicBooking' is declared but its value is never read.
components/PatientDetailsForm.tsx(101,22): error TS6133: 'setShowSubmit' is declared but its value is never read.
components/PatientDetailsForm.tsx(102,10): error TS6133: 'submitted' is declared but its value is never read.
components/PatientDetailsForm.tsx(103,10): error TS6133: 'showConfetti' is declared but its value is never read.
components/PatientDetailsForm.tsx(106,10): error TS6133: 'uploadedRxUrl' is declared but its value is never read.
components/PatientDetailsForm.tsx(130,31): error TS6133: 'e' is declared but its value is never read.
components/PatientHistoryModal.tsx(18,3): error TS6133: 'patientName' is declared but its value is never read.
components/PatientHistoryModal.tsx(20,3): error TS6133: 'doctorName' is declared but its value is never read.
components/PatientHistoryModal.tsx(214,46): error TS2345: Argument of type '{ status: "pending" | "failed" | "sent" | "delivered" | "not_allowed"; timestamp?: Date | undefined; } | undefined' is not assignable to parameter of type '{ status: "pending" | "failed" | "sent"; } | undefined'.
  Type '{ status: "pending" | "failed" | "sent" | "delivered" | "not_allowed"; timestamp?: Date | undefined; }' is not assignable to type '{ status: "pending" | "failed" | "sent"; }'.
    Types of property 'status' are incompatible.
      Type '"pending" | "failed" | "sent" | "delivered" | "not_allowed"' is not assignable to type '"pending" | "failed" | "sent"'.
        Type '"delivered"' is not assignable to type '"pending" | "failed" | "sent"'.
components/PatientHistoryModal.tsx(215,46): error TS2345: Argument of type '{ status: "pending" | "failed" | "sent" | "delivered" | "not_allowed"; timestamp?: Date | undefined; } | undefined' is not assignable to parameter of type '{ status: "pending" | "failed" | "sent"; } | undefined'.
  Type '{ status: "pending" | "failed" | "sent" | "delivered" | "not_allowed"; timestamp?: Date | undefined; }' is not assignable to type '{ status: "pending" | "failed" | "sent"; }'.
    Types of property 'status' are incompatible.
      Type '"pending" | "failed" | "sent" | "delivered" | "not_allowed"' is not assignable to type '"pending" | "failed" | "sent"'.
        Type '"delivered"' is not assignable to type '"pending" | "failed" | "sent"'.
components/PatientHistoryModal.tsx(216,46): error TS2345: Argument of type '{ status: "pending" | "failed" | "sent" | "delivered" | "not_allowed"; timestamp?: Date | undefined; } | undefined' is not assignable to parameter of type '{ status: "pending" | "failed" | "sent"; } | undefined'.
  Type '{ status: "pending" | "failed" | "sent" | "delivered" | "not_allowed"; timestamp?: Date | undefined; }' is not assignable to type '{ status: "pending" | "failed" | "sent"; }'.
    Types of property 'status' are incompatible.
      Type '"pending" | "failed" | "sent" | "delivered" | "not_allowed"' is not assignable to type '"pending" | "failed" | "sent"'.
        Type '"delivered"' is not assignable to type '"pending" | "failed" | "sent"'.
components/PatientHistoryModal.tsx(217,46): error TS2345: Argument of type '{ status: "pending" | "failed" | "sent" | "delivered" | "not_allowed"; timestamp?: Date | undefined; } | undefined' is not assignable to parameter of type '{ status: "pending" | "failed" | "sent"; } | undefined'.
  Type '{ status: "pending" | "failed" | "sent" | "delivered" | "not_allowed"; timestamp?: Date | undefined; }' is not assignable to type '{ status: "pending" | "failed" | "sent"; }'.
    Types of property 'status' are incompatible.
      Type '"pending" | "failed" | "sent" | "delivered" | "not_allowed"' is not assignable to type '"pending" | "failed" | "sent"'.
        Type '"delivered"' is not assignable to type '"pending" | "failed" | "sent"'.
components/PatientLiveStatus.tsx(3,1): error TS6133: 'translations' is declared but its value is never read.
components/PatientLiveStatus.tsx(5,45): error TS6133: 'orderBy' is declared but its value is never read.
components/PatientLiveStatus.tsx(5,54): error TS6133: 'limit' is declared but its value is never read.
components/PatientLiveStatus.tsx(40,56): error TS6133: 'language' is declared but its value is never read.
components/PatientLiveStatus.tsx(72,36): error TS2769: No overload matches this call.
  Overload 1 of 3, '(firestore: Firestore, path: string, ...pathSegments: string[]): CollectionReference<DocumentData, DocumentData>', gave the following error.
    Argument of type 'Firestore | null' is not assignable to parameter of type 'Firestore'.
      Type 'null' is not assignable to type 'Firestore'.
  Overload 2 of 3, '(reference: CollectionReference<unknown, DocumentData>, path: string, ...pathSegments: string[]): CollectionReference<DocumentData, DocumentData>', gave the following error.
    Argument of type 'Firestore | null' is not assignable to parameter of type 'CollectionReference<unknown, DocumentData>'.
      Type 'null' is not assignable to type 'CollectionReference<unknown, DocumentData>'.
  Overload 3 of 3, '(reference: DocumentReference<unknown, DocumentData>, path: string, ...pathSegments: string[]): CollectionReference<DocumentData, DocumentData>', gave the following error.
    Argument of type 'Firestore | null' is not assignable to parameter of type 'DocumentReference<unknown, DocumentData>'.
      Type 'null' is not assignable to type 'DocumentReference<unknown, DocumentData>'.
components/PatientLiveStatus.tsx(124,38): error TS2769: No overload matches this call.
  Overload 1 of 3, '(firestore: Firestore, path: string, ...pathSegments: string[]): CollectionReference<DocumentData, DocumentData>', gave the following error.
    Argument of type 'Firestore | null' is not assignable to parameter of type 'Firestore'.
      Type 'null' is not assignable to type 'Firestore'.
  Overload 2 of 3, '(reference: CollectionReference<unknown, DocumentData>, path: string, ...pathSegments: string[]): CollectionReference<DocumentData, DocumentData>', gave the following error.
    Argument of type 'Firestore | null' is not assignable to parameter of type 'CollectionReference<unknown, DocumentData>'.
      Type 'null' is not assignable to type 'CollectionReference<unknown, DocumentData>'.
  Overload 3 of 3, '(reference: DocumentReference<unknown, DocumentData>, path: string, ...pathSegments: string[]): CollectionReference<DocumentData, DocumentData>', gave the following error.
    Argument of type 'Firestore | null' is not assignable to parameter of type 'DocumentReference<unknown, DocumentData>'.
      Type 'null' is not assignable to type 'DocumentReference<unknown, DocumentData>'.
components/PatientLiveStatus.tsx(162,11): error TS7034: Variable 'todaysBooking' implicitly has type 'any' in some locations where its type cannot be determined.
components/PatientLiveStatus.tsx(234,25): error TS7005: Variable 'todaysBooking' implicitly has an 'any' type.
components/PatientLiveStatus.tsx(248,27): error TS2339: Property 'id' does not exist on type 'never'.
components/PatientLiveStatus.tsx(249,29): error TS2339: Property 'bookingDate' does not exist on type 'never'.
components/PatientLiveStatus.tsx(249,58): error TS2339: Property 'consultationDate' does not exist on type 'never'.
components/PatientLiveStatus.tsx(250,31): error TS2339: Property 'bookingStatus' does not exist on type 'never'.
components/PatientLiveStatus.tsx(251,33): error TS2339: Property 'serialNumber' does not exist on type 'never'.
components/PatientLiveStatus.tsx(252,32): error TS2339: Property 'tokenNumber' does not exist on type 'never'.
components/PatientLiveStatus.tsx(253,37): error TS2339: Property 'serialNumber' does not exist on type 'never'.
components/PatientLiveStatus.tsx(254,29): error TS2339: Property 'slot' does not exist on type 'never'.
components/PatientLiveStatus.tsx(256,36): error TS2339: Property 'patientName' does not exist on type 'never'.
components/PatientLiveStatus.tsx(257,31): error TS2339: Property 'doctorName' does not exist on type 'never'.
components/PatientLiveStatus.tsx(262,45): error TS2339: Property 'serialNumber' does not exist on type 'never'.
components/PatientLiveStatus.tsx(263,45): error TS2339: Property 'tokenNumber' does not exist on type 'never'.
components/PatientLiveStatus.tsx(264,45): error TS2339: Property 'serialNo' does not exist on type 'never'.
components/PatientLiveStatus.tsx(265,45): error TS2339: Property 'slotNumber' does not exist on type 'never'.
components/PatientLiveStatus.tsx(266,45): error TS2339: Property 'queueNumber' does not exist on type 'never'.
components/PatientLiveStatus.tsx(267,45): error TS2339: Property 'position' does not exist on type 'never'.
components/PatientLiveStatus.tsx(276,23): error TS2339: Property 'chamberCapacity' does not exist on type 'never'.
components/PatientLiveStatus.tsx(277,23): error TS2339: Property 'totalSlots' does not exist on type 'never'.
components/PatientLiveStatus.tsx(278,23): error TS2339: Property 'capacity' does not exist on type 'never'.
components/PatientLiveStatus.tsx(279,23): error TS2339: Property 'maxPatients' does not exist on type 'never'.
components/PatientLiveStatus.tsx(283,38): error TS2339: Property 'timeSlot' does not exist on type 'never'.
components/PatientLiveStatus.tsx(283,64): error TS2339: Property 'consultationTime' does not exist on type 'never'.
components/PatientLiveStatus.tsx(283,98): error TS2339: Property 'slot' does not exist on type 'never'.
components/PatientLiveStatus.tsx(283,120): error TS2339: Property 'time' does not exist on type 'never'.
components/PatientLiveStatus.tsx(291,39): error TS2339: Property 'chamberCapacity' does not exist on type 'never'.
components/PatientLiveStatus.tsx(292,39): error TS2339: Property 'totalSlots' does not exist on type 'never'.
components/PatientLiveStatus.tsx(293,39): error TS2339: Property 'capacity' does not exist on type 'never'.
components/PatientLiveStatus.tsx(342,41): error TS2339: Property 'isCancelled' does not exist on type 'never'.
components/PatientLiveStatus.tsx(342,70): error TS2339: Property 'status' does not exist on type 'never'.
components/PatientLiveStatus.tsx(347,41): error TS2339: Property 'isCompleted' does not exist on type 'never'.
components/PatientLiveStatus.tsx(348,48): error TS2339: Property 'consultationStatus' does not exist on type 'never'.
components/PatientLiveStatus.tsx(351,38): error TS2339: Property 'doctorId' does not exist on type 'never'.
components/PatientLiveStatus.tsx(351,64): error TS2339: Property 'userId' does not exist on type 'never'.
components/PatientLiveStatus.tsx(352,41): error TS2339: Property 'chamberName' does not exist on type 'never'.
components/PatientLiveStatus.tsx(352,70): error TS2339: Property 'clinicName' does not exist on type 'never'.
components/PatientLiveStatus.tsx(352,98): error TS2339: Property 'location' does not exist on type 'never'.
components/PatientLiveStatus.tsx(411,40): error TS2339: Property 'bookingDate' does not exist on type 'never'.
components/PatientLiveStatus.tsx(411,69): error TS2339: Property 'consultationDate' does not exist on type 'never'.
components/PatientLiveStatus.tsx(412,35): error TS2339: Property 'doctorName' does not exist on type 'never'.
components/PatientLiveStatus.tsx(412,73): error TS2339: Property 'doctor' does not exist on type 'never'.
components/PatientLiveStatus.tsx(413,36): error TS2339: Property 'chamberName' does not exist on type 'never'.
components/PatientLiveStatus.tsx(413,65): error TS2339: Property 'clinicName' does not exist on type 'never'.
components/PatientLiveStatus.tsx(413,93): error TS2339: Property 'location' does not exist on type 'never'.
components/PatientLiveStatus.tsx(414,36): error TS2339: Property 'patientName' does not exist on type 'never'.
components/PatientLiveStatus.tsx(414,65): error TS2339: Property 'name' does not exist on type 'never'.
components/PatientLiveStatus.tsx(415,35): error TS2339: Property 'patientAge' does not exist on type 'never'.
components/PatientLiveStatus.tsx(415,63): error TS2339: Property 'age' does not exist on type 'never'.
components/PatientLiveStatus.tsx(416,38): error TS2339: Property 'patientGender' does not exist on type 'never'.
components/PatientLiveStatus.tsx(416,69): error TS2339: Property 'gender' does not exist on type 'never'.
components/PatientLiveStatus.tsx(417,34): error TS2339: Property 'id' does not exist on type 'never'.
components/PatientLiveStatus.tsx(419,37): error TS2339: Property 'cancelReason' does not exist on type 'never'.
components/PatientLiveStatus.tsx(420,36): error TS2339: Property 'cancelledBy' does not exist on type 'never'.
components/PatientLiveStatus.tsx(421,36): error TS2339: Property 'cancelledAt' does not exist on type 'never'.
components/PatientLiveStatus.tsx(424,36): error TS2339: Property 'isCancelled' does not exist on type 'never'.
components/PatientLiveStatus.tsx(440,9): error TS6133: 'formatDate' is declared but its value is never read.
components/PatientLogin.tsx(29,10): error TS6133: 'hasBookings' is declared but its value is never read.
components/PatientLogin.tsx(85,42): error TS2769: No overload matches this call.
  Overload 1 of 3, '(firestore: Firestore, path: string, ...pathSegments: string[]): CollectionReference<DocumentData, DocumentData>', gave the following error.
    Argument of type 'Firestore | null' is not assignable to parameter of type 'Firestore'.
      Type 'null' is not assignable to type 'Firestore'.
  Overload 2 of 3, '(reference: CollectionReference<unknown, DocumentData>, path: string, ...pathSegments: string[]): CollectionReference<DocumentData, DocumentData>', gave the following error.
    Argument of type 'Firestore | null' is not assignable to parameter of type 'CollectionReference<unknown, DocumentData>'.
      Type 'null' is not assignable to type 'CollectionReference<unknown, DocumentData>'.
  Overload 3 of 3, '(reference: DocumentReference<unknown, DocumentData>, path: string, ...pathSegments: string[]): CollectionReference<DocumentData, DocumentData>', gave the following error.
    Argument of type 'Firestore | null' is not assignable to parameter of type 'DocumentReference<unknown, DocumentData>'.
      Type 'null' is not assignable to type 'DocumentReference<unknown, DocumentData>'.
components/PatientLogin.tsx(146,31): error TS2769: No overload matches this call.
  Overload 1 of 3, '(firestore: Firestore, path: string, ...pathSegments: string[]): CollectionReference<DocumentData, DocumentData>', gave the following error.
    Argument of type 'Firestore | null' is not assignable to parameter of type 'Firestore'.
      Type 'null' is not assignable to type 'Firestore'.
  Overload 2 of 3, '(reference: CollectionReference<unknown, DocumentData>, path: string, ...pathSegments: string[]): CollectionReference<DocumentData, DocumentData>', gave the following error.
    Argument of type 'Firestore | null' is not assignable to parameter of type 'CollectionReference<unknown, DocumentData>'.
      Type 'null' is not assignable to type 'CollectionReference<unknown, DocumentData>'.
  Overload 3 of 3, '(reference: DocumentReference<unknown, DocumentData>, path: string, ...pathSegments: string[]): CollectionReference<DocumentData, DocumentData>', gave the following error.
    Argument of type 'Firestore | null' is not assignable to parameter of type 'DocumentReference<unknown, DocumentData>'.
      Type 'null' is not assignable to type 'DocumentReference<unknown, DocumentData>'.
components/PatientMedicoLocker.tsx(9,66): error TS6133: 'language' is declared but its value is never read.
components/PatientNewRXViewer.tsx(12,43): error TS6133: 'User' is declared but its value is never read.
components/PatientNewRXViewer.tsx(59,10): error TS6133: 'showAIReport' is declared but its value is never read.
components/PatientNewRXViewer.tsx(59,24): error TS6133: 'setShowAIReport' is declared but its value is never read.
components/PatientNotificationSettings.tsx(6,8): error TS6133: 'React' is declared but its value is never read.
components/PatientNotificationSettings.tsx(11,41): error TS2305: Module '"../services/fcm.service"' has no exported member 'validateFCMToken'.
components/PatientNotificationSettings.tsx(11,86): error TS2305: Module '"../services/fcm.service"' has no exported member 'refreshFCMToken'.
components/PatientOldRXViewer.tsx(55,3): error TS6133: 'patientId' is declared but its value is never read.
components/PatientReviewsPanel.tsx(5,1): error TS6133: 'ReviewCard' is declared but its value is never read.
components/PatientReviewsPanel.tsx(35,64): error TS6133: 'doctorName' is declared but its value is never read.
components/PatientReviewSubmission.tsx(92,13): error TS7053: Element implicitly has an 'any' type because expression of type 'Language' can't be used to index type '{ english: { title: string; subtitle: string; nameLabel: string; namePlaceholder: string; commentLabel: string; commentPlaceholder: string; submit: string; cancel: string; }; hindi: { title: string; ... 6 more ...; cancel: string; }; bengali: { ...; }; }'.
  Property 'tamil' does not exist on type '{ english: { title: string; subtitle: string; nameLabel: string; namePlaceholder: string; commentLabel: string; commentPlaceholder: string; submit: string; cancel: string; }; hindi: { title: string; ... 6 more ...; cancel: string; }; bengali: { ...; }; }'.
components/PatientRxUploadModal.tsx(2,31): error TS6133: 'Check' is declared but its value is never read.
components/PatientRxUploadModal.tsx(74,13): error TS7053: Element implicitly has an 'any' type because expression of type 'Language' can't be used to index type '{ english: { title: string; subtitle: string; addMore: string; upload: string; uploading: string; cancel: string; dropHere: string; fileTypes: string; maxFiles: string; uploadedCount: string; limitReached: string; }; hindi: { ...; }; bengali: { ...; }; }'.
  Property 'tamil' does not exist on type '{ english: { title: string; subtitle: string; addMore: string; upload: string; uploading: string; cancel: string; dropHere: string; fileTypes: string; maxFiles: string; uploadedCount: string; limitReached: string; }; hindi: { ...; }; bengali: { ...; }; }'.
components/PatientRxUploadModal.tsx(86,11): error TS6133: 'newFiles' is declared but its value is never read.
components/PersonalizedTemplatesManager.tsx(4,3): error TS6133: 'Plus' is declared but its value is never read.
components/PersonalizedTemplatesManager.tsx(16,1): error TS6133: 'Input' is declared but its value is never read.
components/PersonalizedTemplatesManager.tsx(17,1): error TS6133: 'Label' is declared but its value is never read.
components/PersonalizedTemplatesManager.tsx(67,29): error TS2769: No overload matches this call.
  Overload 1 of 3, '(firestore: Firestore, path: string, ...pathSegments: string[]): DocumentReference<DocumentData, DocumentData>', gave the following error.
    Argument of type 'Firestore | null' is not assignable to parameter of type 'Firestore'.
      Type 'null' is not assignable to type 'Firestore'.
  Overload 2 of 3, '(reference: CollectionReference<unknown, DocumentData>, path?: string | undefined, ...pathSegments: string[]): DocumentReference<unknown, DocumentData>', gave the following error.
    Argument of type 'Firestore | null' is not assignable to parameter of type 'CollectionReference<unknown, DocumentData>'.
      Type 'null' is not assignable to type 'CollectionReference<unknown, DocumentData>'.
  Overload 3 of 3, '(reference: DocumentReference<unknown, DocumentData>, path: string, ...pathSegments: string[]): DocumentReference<DocumentData, DocumentData>', gave the following error.
    Argument of type 'Firestore | null' is not assignable to parameter of type 'DocumentReference<unknown, DocumentData>'.
      Type 'null' is not assignable to type 'DocumentReference<unknown, DocumentData>'.
components/PersonalizedTemplatesManager.tsx(127,30): error TS2769: No overload matches this call.
  Overload 1 of 2, '(storage: FirebaseStorage, url?: string | undefined): StorageReference', gave the following error.
    Argument of type 'FirebaseStorage | null' is not assignable to parameter of type 'FirebaseStorage'.
      Type 'null' is not assignable to type 'FirebaseStorage'.
  Overload 2 of 2, '(storageOrRef: FirebaseStorage | StorageReference, path?: string | undefined): StorageReference', gave the following error.
    Argument of type 'FirebaseStorage | null' is not assignable to parameter of type 'FirebaseStorage | StorageReference'.
      Type 'null' is not assignable to type 'FirebaseStorage | StorageReference'.
components/PersonalizedTemplatesManager.tsx(164,29): error TS2769: No overload matches this call.
  Overload 1 of 3, '(firestore: Firestore, path: string, ...pathSegments: string[]): DocumentReference<DocumentData, DocumentData>', gave the following error.
    Argument of type 'Firestore | null' is not assignable to parameter of type 'Firestore'.
      Type 'null' is not assignable to type 'Firestore'.
  Overload 2 of 3, '(reference: CollectionReference<unknown, DocumentData>, path?: string | undefined, ...pathSegments: string[]): DocumentReference<unknown, DocumentData>', gave the following error.
    Argument of type 'Firestore | null' is not assignable to parameter of type 'CollectionReference<unknown, DocumentData>'.
      Type 'null' is not assignable to type 'CollectionReference<unknown, DocumentData>'.
  Overload 3 of 3, '(reference: DocumentReference<unknown, DocumentData>, path: string, ...pathSegments: string[]): DocumentReference<DocumentData, DocumentData>', gave the following error.
    Argument of type 'Firestore | null' is not assignable to parameter of type 'DocumentReference<unknown, DocumentData>'.
      Type 'null' is not assignable to type 'DocumentReference<unknown, DocumentData>'.
components/PersonalizedTemplatesManager.tsx(206,29): error TS2769: No overload matches this call.
  Overload 1 of 3, '(firestore: Firestore, path: string, ...pathSegments: string[]): DocumentReference<DocumentData, DocumentData>', gave the following error.
    Argument of type 'Firestore | null' is not assignable to parameter of type 'Firestore'.
      Type 'null' is not assignable to type 'Firestore'.
  Overload 2 of 3, '(reference: CollectionReference<unknown, DocumentData>, path?: string | undefined, ...pathSegments: string[]): DocumentReference<unknown, DocumentData>', gave the following error.
    Argument of type 'Firestore | null' is not assignable to parameter of type 'CollectionReference<unknown, DocumentData>'.
      Type 'null' is not assignable to type 'CollectionReference<unknown, DocumentData>'.
  Overload 3 of 3, '(reference: DocumentReference<unknown, DocumentData>, path: string, ...pathSegments: string[]): DocumentReference<DocumentData, DocumentData>', gave the following error.
    Argument of type 'Firestore | null' is not assignable to parameter of type 'DocumentReference<unknown, DocumentData>'.
      Type 'null' is not assignable to type 'DocumentReference<unknown, DocumentData>'.
components/PharmaAnalytics.tsx(2,33): error TS6133: 'TrendingDown' is declared but its value is never read.
components/PharmaAnalytics.tsx(2,47): error TS6133: 'Calendar' is declared but its value is never read.
components/PharmaAnalytics.tsx(2,72): error TS6133: 'ArrowUpRight' is declared but its value is never read.
components/PharmaAnalytics.tsx(4,31): error TS6133: 'doc' is declared but its value is never read.
components/PharmaAnalytics.tsx(4,36): error TS6133: 'getDoc' is declared but its value is never read.
components/PharmaAnalytics.tsx(4,44): error TS6133: 'query' is declared but its value is never read.
components/PharmaAnalytics.tsx(4,51): error TS6133: 'where' is declared but its value is never read.
components/PharmaAnalytics.tsx(4,58): error TS6133: 'orderBy' is declared but its value is never read.
components/PharmaAnalytics.tsx(4,67): error TS6133: 'limit' is declared but its value is never read.
components/PharmaAnalytics.tsx(5,34): error TS6133: 'getAllZones' is declared but its value is never read.
components/PharmaAnalytics.tsx(11,11): error TS6196: 'DailyBooking' is declared but never used.
components/PharmaAnalytics.tsx(32,21): error TS6133: 'setTimeRange' is declared but its value is never read.
components/PharmaDashboard.tsx(4,44): error TS6133: 'query' is declared but its value is never read.
components/PharmaDashboard.tsx(4,51): error TS6133: 'where' is declared but its value is never read.
components/PharmaDashboard.tsx(4,58): error TS6133: 'Timestamp' is declared but its value is never read.
components/PharmaDashboardTemplates.tsx(4,72): error TS6133: 'query' is declared but its value is never read.
components/PharmaDashboardTemplates.tsx(4,79): error TS6133: 'where' is declared but its value is never read.
components/PharmaDashboardTemplates.tsx(4,86): error TS6133: 'orderBy' is declared but its value is never read.
components/PharmaLogin.tsx(7,24): error TS2307: Cannot find module '../assets/healqr-logo.png' or its corresponding type declarations.
components/PharmaMyDoctors.tsx(2,33): error TS6133: 'Calendar' is declared but its value is never read.
components/PharmaMyDoctors.tsx(2,67): error TS6133: 'Download' is declared but its value is never read.
components/PharmaMyDoctors.tsx(2,77): error TS6133: 'Filter' is declared but its value is never read.
components/PharmaPortal.tsx(66,28): error TS2769: No overload matches this call.
  Overload 1 of 3, '(firestore: Firestore, path: string, ...pathSegments: string[]): DocumentReference<DocumentData, DocumentData>', gave the following error.
    Argument of type 'Firestore | null' is not assignable to parameter of type 'Firestore'.
      Type 'null' is not assignable to type 'Firestore'.
  Overload 2 of 3, '(reference: CollectionReference<unknown, DocumentData>, path?: string | undefined, ...pathSegments: string[]): DocumentReference<unknown, DocumentData>', gave the following error.
    Argument of type 'Firestore | null' is not assignable to parameter of type 'CollectionReference<unknown, DocumentData>'.
      Type 'null' is not assignable to type 'CollectionReference<unknown, DocumentData>'.
  Overload 3 of 3, '(reference: DocumentReference<unknown, DocumentData>, path: string, ...pathSegments: string[]): DocumentReference<DocumentData, DocumentData>', gave the following error.
    Argument of type 'Firestore | null' is not assignable to parameter of type 'DocumentReference<unknown, DocumentData>'.
      Type 'null' is not assignable to type 'DocumentReference<unknown, DocumentData>'.
components/PharmaProfileManager.tsx(11,3): error TS6133: 'arrayUnion' is declared but its value is never read.
components/PharmaProfileManager.tsx(12,3): error TS6133: 'arrayRemove' is declared but its value is never read.
components/PharmaProfileManager.tsx(18,17): error TS6133: 'Plus' is declared but its value is never read.
components/PharmaProfileManager.tsx(18,23): error TS6133: 'Trash2' is declared but its value is never read.
components/PharmaProfileManager.tsx(50,11): error TS6196: 'ChangeRequest' is declared but never used.
components/PharmaProfileManager.tsx(449,43): error TS7006: Parameter 's' implicitly has an 'any' type.
components/PharmaProfileManager.tsx(510,48): error TS7006: Parameter 's' implicitly has an 'any' type.
components/PharmaSidebar.tsx(4,3): error TS6133: 'MessageSquare' is declared but its value is never read.
components/PharmaSidebar.tsx(6,24): error TS2307: Cannot find module '../assets/healqr-logo.png' or its corresponding type declarations.
components/PharmaSignUp.tsx(6,24): error TS2307: Cannot find module '../assets/healqr-logo.png' or its corresponding type declarations.
components/PharmaSupport.tsx(2,31): error TS6133: 'Clock' is declared but its value is never read.
components/PharmaSupport.tsx(2,38): error TS6133: 'CheckCircle2' is declared but its value is never read.
components/PharmaSupport.tsx(2,52): error TS6133: 'Building2' is declared but its value is never read.
components/PharmaSupport.tsx(4,22): error TS6133: 'getDocs' is declared but its value is never read.
components/PharmaVerifyLogin.tsx(7,24): error TS2307: Cannot find module '../assets/healqr-logo.png' or its corresponding type declarations.
components/PreviewCenter.tsx(11,1): error TS6133: 'AppointmentSlotReleasedNotification' is declared but its value is never read.
components/PreviewCenter.tsx(55,46): error TS2367: This comparison appears to be unintentional because the types '"mini-website" | "patient-chat-interface" | "patient-video-consultation" | "video-consultation-link" | "rx-download" | "walkin-verification" | "walkin-complete"' and '"ai-rx-analysis"' have no overlap.
components/PreviewCenter.tsx(241,23): error TS2322: Type '"en"' is not assignable to type 'Language | undefined'.
components/PrivacyPolicy.tsx(2,24): error TS2307: Cannot find module '../assets/healqr-logo.png' or its corresponding type declarations.
components/RefundPolicy.tsx(2,24): error TS2307: Cannot find module '../assets/healqr-logo.png' or its corresponding type declarations.
components/Report.tsx(79,31): error TS2769: No overload matches this call.
  Overload 1 of 3, '(firestore: Firestore, path: string, ...pathSegments: string[]): DocumentReference<DocumentData, DocumentData>', gave the following error.
    Argument of type 'Firestore | null' is not assignable to parameter of type 'Firestore'.
      Type 'null' is not assignable to type 'Firestore'.
  Overload 2 of 3, '(reference: CollectionReference<unknown, DocumentData>, path?: string | undefined, ...pathSegments: string[]): DocumentReference<unknown, DocumentData>', gave the following error.
    Argument of type 'Firestore | null' is not assignable to parameter of type 'CollectionReference<unknown, DocumentData>'.
      Type 'null' is not assignable to type 'CollectionReference<unknown, DocumentData>'.
  Overload 3 of 3, '(reference: DocumentReference<unknown, DocumentData>, path: string, ...pathSegments: string[]): DocumentReference<DocumentData, DocumentData>', gave the following error.
    Argument of type 'Firestore | null' is not assignable to parameter of type 'DocumentReference<unknown, DocumentData>'.
      Type 'null' is not assignable to type 'DocumentReference<unknown, DocumentData>'.
components/Report.tsx(118,41): error TS2769: No overload matches this call.
  Overload 1 of 3, '(firestore: Firestore, path: string, ...pathSegments: string[]): CollectionReference<DocumentData, DocumentData>', gave the following error.
    Argument of type 'Firestore | null' is not assignable to parameter of type 'Firestore'.
      Type 'null' is not assignable to type 'Firestore'.
  Overload 2 of 3, '(reference: CollectionReference<unknown, DocumentData>, path: string, ...pathSegments: string[]): CollectionReference<DocumentData, DocumentData>', gave the following error.
    Argument of type 'Firestore | null' is not assignable to parameter of type 'CollectionReference<unknown, DocumentData>'.
      Type 'null' is not assignable to type 'CollectionReference<unknown, DocumentData>'.
  Overload 3 of 3, '(reference: DocumentReference<unknown, DocumentData>, path: string, ...pathSegments: string[]): CollectionReference<DocumentData, DocumentData>', gave the following error.
    Argument of type 'Firestore | null' is not assignable to parameter of type 'DocumentReference<unknown, DocumentData>'.
      Type 'null' is not assignable to type 'DocumentReference<unknown, DocumentData>'.
components/Report.tsx(142,40): error TS2769: No overload matches this call.
  Overload 1 of 3, '(firestore: Firestore, path: string, ...pathSegments: string[]): CollectionReference<DocumentData, DocumentData>', gave the following error.
    Argument of type 'Firestore | null' is not assignable to parameter of type 'Firestore'.
      Type 'null' is not assignable to type 'Firestore'.
  Overload 2 of 3, '(reference: CollectionReference<unknown, DocumentData>, path: string, ...pathSegments: string[]): CollectionReference<DocumentData, DocumentData>', gave the following error.
    Argument of type 'Firestore | null' is not assignable to parameter of type 'CollectionReference<unknown, DocumentData>'.
      Type 'null' is not assignable to type 'CollectionReference<unknown, DocumentData>'.
  Overload 3 of 3, '(reference: DocumentReference<unknown, DocumentData>, path: string, ...pathSegments: string[]): CollectionReference<DocumentData, DocumentData>', gave the following error.
    Argument of type 'Firestore | null' is not assignable to parameter of type 'DocumentReference<unknown, DocumentData>'.
      Type 'null' is not assignable to type 'DocumentReference<unknown, DocumentData>'.
components/Report.tsx(344,9): error TS2322: Type '((menu: string) => void) | undefined' is not assignable to type '(menu: string) => void'.
  Type 'undefined' is not assignable to type '(menu: string) => void'.
components/RestorationModal.tsx(16,3): error TS6133: 'patientName' is declared but its value is never read.
components/ScheduleManager.tsx(28,3): error TS6133: 'doctorName' is declared but its value is never read.
components/ScheduleManager.tsx(29,3): error TS6133: 'email' is declared but its value is never read.
components/ScheduleManager.tsx(470,29): error TS2769: No overload matches this call.
  Overload 1 of 3, '(firestore: Firestore, path: string, ...pathSegments: string[]): DocumentReference<DocumentData, DocumentData>', gave the following error.
    Argument of type 'Firestore | null' is not assignable to parameter of type 'Firestore'.
      Type 'null' is not assignable to type 'Firestore'.
  Overload 2 of 3, '(reference: CollectionReference<unknown, DocumentData>, path?: string | undefined, ...pathSegments: string[]): DocumentReference<unknown, DocumentData>', gave the following error.
    Argument of type 'Firestore | null' is not assignable to parameter of type 'CollectionReference<unknown, DocumentData>'.
      Type 'null' is not assignable to type 'CollectionReference<unknown, DocumentData>'.
  Overload 3 of 3, '(reference: DocumentReference<unknown, DocumentData>, path: string, ...pathSegments: string[]): DocumentReference<DocumentData, DocumentData>', gave the following error.
    Argument of type 'Firestore | null' is not assignable to parameter of type 'DocumentReference<unknown, DocumentData>'.
      Type 'null' is not assignable to type 'DocumentReference<unknown, DocumentData>'.
components/ScheduleManager.tsx(498,37): error TS2769: No overload matches this call.
  Overload 1 of 3, '(firestore: Firestore, path: string, ...pathSegments: string[]): CollectionReference<DocumentData, DocumentData>', gave the following error.
    Argument of type 'Firestore | null' is not assignable to parameter of type 'Firestore'.
      Type 'null' is not assignable to type 'Firestore'.
  Overload 2 of 3, '(reference: CollectionReference<unknown, DocumentData>, path: string, ...pathSegments: string[]): CollectionReference<DocumentData, DocumentData>', gave the following error.
    Argument of type 'Firestore | null' is not assignable to parameter of type 'CollectionReference<unknown, DocumentData>'.
      Type 'null' is not assignable to type 'CollectionReference<unknown, DocumentData>'.
  Overload 3 of 3, '(reference: DocumentReference<unknown, DocumentData>, path: string, ...pathSegments: string[]): CollectionReference<DocumentData, DocumentData>', gave the following error.
    Argument of type 'Firestore | null' is not assignable to parameter of type 'DocumentReference<unknown, DocumentData>'.
      Type 'null' is not assignable to type 'DocumentReference<unknown, DocumentData>'.
components/ScheduleManager.tsx(657,39): error TS2769: No overload matches this call.
  Overload 1 of 3, '(firestore: Firestore, path: string, ...pathSegments: string[]): CollectionReference<DocumentData, DocumentData>', gave the following error.
    Argument of type 'Firestore | null' is not assignable to parameter of type 'Firestore'.
      Type 'null' is not assignable to type 'Firestore'.
  Overload 2 of 3, '(reference: CollectionReference<unknown, DocumentData>, path: string, ...pathSegments: string[]): CollectionReference<DocumentData, DocumentData>', gave the following error.
    Argument of type 'Firestore | null' is not assignable to parameter of type 'CollectionReference<unknown, DocumentData>'.
      Type 'null' is not assignable to type 'CollectionReference<unknown, DocumentData>'.
  Overload 3 of 3, '(reference: DocumentReference<unknown, DocumentData>, path: string, ...pathSegments: string[]): CollectionReference<DocumentData, DocumentData>', gave the following error.
    Argument of type 'Firestore | null' is not assignable to parameter of type 'DocumentReference<unknown, DocumentData>'.
      Type 'null' is not assignable to type 'DocumentReference<unknown, DocumentData>'.
components/ScheduleManager.tsx(1339,9): error TS2367: This comparison appears to be unintentional because the types 'true | undefined' and 'false' have no overlap.
components/ScheduleManager.tsx(1508,9): error TS2322: Type '{ isOpen: boolean; onClose: () => void; activeMenu: string; onMenuChange: (menu: string) => void; onLogout: (() => void) | undefined; activeAddOns: string[]; isCollapsed: boolean; onToggleCollapse: () => void | undefined; }' is not assignable to type 'IntrinsicAttributes & DashboardSidebarProps'.
  Property 'isCollapsed' does not exist on type 'IntrinsicAttributes & DashboardSidebarProps'.
components/SelectChamber.tsx(3,28): error TS6133: 'languageDisplayNames' is declared but its value is never read.
components/SelectChamber.tsx(6,1): error TS6192: All imports in import declaration are unused.
components/SelectChamber.tsx(68,3): error TS6133: 'onLanguageChange' is declared but its value is never read.
components/SelectChamber.tsx(651,34): error TS6133: 'index' is declared but its value is never read.
components/SelectDate.tsx(2,1): error TS6192: All imports in import declaration are unused.
components/SelectDate.tsx(3,37): error TS6133: 'Lightbulb' is declared but its value is never read.
components/SelectDate.tsx(48,143): error TS6133: 'chambers' is declared but its value is never read.
components/SelectDate.tsx(140,13): error TS2339: Property 'chamberName' does not exist on type '{ startDate: string; endDate: string; status: string; appliesTo?: "doctor" | "clinic" | undefined; clinicId?: string | undefined; }'.
components/SelectDate.tsx(201,22): error TS2339: Property 'appliesTo' does not exist on type '{ startDate: string; endDate: string; status: string; appliesTo?: "doctor" | "clinic" | undefined; clinicId?: string | undefined; } | { startDate: string; endDate: string; status: string; clinicId?: string | undefined; chamberName?: string | undefined; doctorId?: string | undefined; }'.
  Property 'appliesTo' does not exist on type '{ startDate: string; endDate: string; status: string; clinicId?: string | undefined; chamberName?: string | undefined; doctorId?: string | undefined; }'.
components/SelectDate.tsx(203,24): error TS2339: Property 'chamberName' does not exist on type '{ startDate: string; endDate: string; status: string; appliesTo?: "doctor" | "clinic" | undefined; clinicId?: string | undefined; } | { startDate: string; endDate: string; status: string; clinicId?: string | undefined; chamberName?: string | undefined; doctorId?: string | undefined; }'.
  Property 'chamberName' does not exist on type '{ startDate: string; endDate: string; status: string; appliesTo?: "doctor" | "clinic" | undefined; clinicId?: string | undefined; }'.
components/SelectDate.tsx(218,36): error TS2339: Property 'toDate' does not exist on type 'never'.
components/SelectDate.tsx(220,38): error TS2339: Property 'toDate' does not exist on type 'never'.
components/SelectDate.tsx(229,34): error TS2339: Property 'toDate' does not exist on type 'never'.
components/SelectDate.tsx(230,34): error TS2339: Property 'toDate' does not exist on type 'never'.
components/SelectionModal.tsx(49,18): error TS2322: Type '{ children: string; jsx: true; }' is not assignable to type 'DetailedHTMLProps<StyleHTMLAttributes<HTMLStyleElement>, HTMLStyleElement>'.
  Property 'jsx' does not exist on type 'DetailedHTMLProps<StyleHTMLAttributes<HTMLStyleElement>, HTMLStyleElement>'.
components/SignUp.tsx(7,24): error TS2307: Cannot find module '../assets/healqr-logo.png' or its corresponding type declarations.
components/SignUp.tsx(12,1): error TS6192: All imports in import declaration are unused.
components/SignUp.tsx(165,33): error TS2304: Cannot find name 'qrPoolCollection'.
components/SignUp.tsx(166,34): error TS2304: Cannot find name 'qrCodesCollection'.
components/SignUp.tsx(193,21): error TS2339: Property 'status' does not exist on type '{}'.
components/SignUp.tsx(193,51): error TS2339: Property 'linkedEmail' does not exist on type '{}'.
components/SignUp.tsx(193,74): error TS2339: Property 'status' does not exist on type '{}'.
components/SignUp.tsx(202,25): error TS2345: Argument of type 'DocumentReference<unknown, DocumentData> | null' is not assignable to parameter of type 'DocumentReference<unknown, DocumentData>'.
  Type 'null' is not assignable to type 'DocumentReference<unknown, DocumentData>'.
components/SocialMediaPromoBanner.tsx(10,62): error TS6133: 'onDismiss' is declared but its value is never read.
components/StoredReviewRequestCard.tsx(80,29): error TS2769: No overload matches this call.
  Overload 1 of 3, '(firestore: Firestore, path: string, ...pathSegments: string[]): DocumentReference<DocumentData, DocumentData>', gave the following error.
    Argument of type 'Firestore | null' is not assignable to parameter of type 'Firestore'.
      Type 'null' is not assignable to type 'Firestore'.
  Overload 2 of 3, '(reference: CollectionReference<unknown, DocumentData>, path?: string | undefined, ...pathSegments: string[]): DocumentReference<unknown, DocumentData>', gave the following error.
    Argument of type 'Firestore | null' is not assignable to parameter of type 'CollectionReference<unknown, DocumentData>'.
      Type 'null' is not assignable to type 'CollectionReference<unknown, DocumentData>'.
  Overload 3 of 3, '(reference: DocumentReference<unknown, DocumentData>, path: string, ...pathSegments: string[]): DocumentReference<DocumentData, DocumentData>', gave the following error.
    Argument of type 'Firestore | null' is not assignable to parameter of type 'DocumentReference<unknown, DocumentData>'.
      Type 'null' is not assignable to type 'DocumentReference<unknown, DocumentData>'.
components/TempDoctorDashboard.tsx(179,42): error TS2769: No overload matches this call.
  Overload 1 of 3, '(firestore: Firestore, path: string, ...pathSegments: string[]): DocumentReference<DocumentData, DocumentData>', gave the following error.
    Argument of type 'Firestore | null' is not assignable to parameter of type 'Firestore'.
      Type 'null' is not assignable to type 'Firestore'.
  Overload 2 of 3, '(reference: CollectionReference<unknown, DocumentData>, path?: string | undefined, ...pathSegments: string[]): DocumentReference<unknown, DocumentData>', gave the following error.
    Argument of type 'Firestore | null' is not assignable to parameter of type 'CollectionReference<unknown, DocumentData>'.
      Type 'null' is not assignable to type 'CollectionReference<unknown, DocumentData>'.
  Overload 3 of 3, '(reference: DocumentReference<unknown, DocumentData>, path: string, ...pathSegments: string[]): DocumentReference<DocumentData, DocumentData>', gave the following error.
    Argument of type 'Firestore | null' is not assignable to parameter of type 'DocumentReference<unknown, DocumentData>'.
      Type 'null' is not assignable to type 'DocumentReference<unknown, DocumentData>'.
components/TempDoctorDashboard.tsx(191,44): error TS2769: No overload matches this call.
  Overload 1 of 3, '(firestore: Firestore, path: string, ...pathSegments: string[]): DocumentReference<DocumentData, DocumentData>', gave the following error.
    Argument of type 'Firestore | null' is not assignable to parameter of type 'Firestore'.
      Type 'null' is not assignable to type 'Firestore'.
  Overload 2 of 3, '(reference: CollectionReference<unknown, DocumentData>, path?: string | undefined, ...pathSegments: string[]): DocumentReference<unknown, DocumentData>', gave the following error.
    Argument of type 'Firestore | null' is not assignable to parameter of type 'CollectionReference<unknown, DocumentData>'.
      Type 'null' is not assignable to type 'CollectionReference<unknown, DocumentData>'.
  Overload 3 of 3, '(reference: DocumentReference<unknown, DocumentData>, path: string, ...pathSegments: string[]): DocumentReference<DocumentData, DocumentData>', gave the following error.
    Argument of type 'Firestore | null' is not assignable to parameter of type 'DocumentReference<unknown, DocumentData>'.
      Type 'null' is not assignable to type 'DocumentReference<unknown, DocumentData>'.
components/TempDoctorDashboard.tsx(217,40): error TS2769: No overload matches this call.
  Overload 1 of 3, '(firestore: Firestore, path: string, ...pathSegments: string[]): CollectionReference<DocumentData, DocumentData>', gave the following error.
    Argument of type 'Firestore | null' is not assignable to parameter of type 'Firestore'.
      Type 'null' is not assignable to type 'Firestore'.
  Overload 2 of 3, '(reference: CollectionReference<unknown, DocumentData>, path: string, ...pathSegments: string[]): CollectionReference<DocumentData, DocumentData>', gave the following error.
    Argument of type 'Firestore | null' is not assignable to parameter of type 'CollectionReference<unknown, DocumentData>'.
      Type 'null' is not assignable to type 'CollectionReference<unknown, DocumentData>'.
  Overload 3 of 3, '(reference: DocumentReference<unknown, DocumentData>, path: string, ...pathSegments: string[]): CollectionReference<DocumentData, DocumentData>', gave the following error.
    Argument of type 'Firestore | null' is not assignable to parameter of type 'DocumentReference<unknown, DocumentData>'.
      Type 'null' is not assignable to type 'DocumentReference<unknown, DocumentData>'.
components/TempDoctorLogin.tsx(52,42): error TS2769: No overload matches this call.
  Overload 1 of 3, '(firestore: Firestore, path: string, ...pathSegments: string[]): CollectionReference<DocumentData, DocumentData>', gave the following error.
    Argument of type 'Firestore | null' is not assignable to parameter of type 'Firestore'.
      Type 'null' is not assignable to type 'Firestore'.
  Overload 2 of 3, '(reference: CollectionReference<unknown, DocumentData>, path: string, ...pathSegments: string[]): CollectionReference<DocumentData, DocumentData>', gave the following error.
    Argument of type 'Firestore | null' is not assignable to parameter of type 'CollectionReference<unknown, DocumentData>'.
      Type 'null' is not assignable to type 'CollectionReference<unknown, DocumentData>'.
  Overload 3 of 3, '(reference: DocumentReference<unknown, DocumentData>, path: string, ...pathSegments: string[]): CollectionReference<DocumentData, DocumentData>', gave the following error.
    Argument of type 'Firestore | null' is not assignable to parameter of type 'DocumentReference<unknown, DocumentData>'.
      Type 'null' is not assignable to type 'DocumentReference<unknown, DocumentData>'.
components/TempDoctorLogin.tsx(62,39): error TS2769: No overload matches this call.
  Overload 1 of 3, '(firestore: Firestore, path: string, ...pathSegments: string[]): CollectionReference<DocumentData, DocumentData>', gave the following error.
    Argument of type 'Firestore | null' is not assignable to parameter of type 'Firestore'.
      Type 'null' is not assignable to type 'Firestore'.
  Overload 2 of 3, '(reference: CollectionReference<unknown, DocumentData>, path: string, ...pathSegments: string[]): CollectionReference<DocumentData, DocumentData>', gave the following error.
    Argument of type 'Firestore | null' is not assignable to parameter of type 'CollectionReference<unknown, DocumentData>'.
      Type 'null' is not assignable to type 'CollectionReference<unknown, DocumentData>'.
  Overload 3 of 3, '(reference: DocumentReference<unknown, DocumentData>, path: string, ...pathSegments: string[]): CollectionReference<DocumentData, DocumentData>', gave the following error.
    Argument of type 'Firestore | null' is not assignable to parameter of type 'DocumentReference<unknown, DocumentData>'.
      Type 'null' is not assignable to type 'DocumentReference<unknown, DocumentData>'.
components/TempDoctorLogin.tsx(65,44): error TS2769: No overload matches this call.
  Overload 1 of 3, '(firestore: Firestore, path: string, ...pathSegments: string[]): CollectionReference<DocumentData, DocumentData>', gave the following error.
    Argument of type 'Firestore | null' is not assignable to parameter of type 'Firestore'.
      Type 'null' is not assignable to type 'Firestore'.
  Overload 2 of 3, '(reference: CollectionReference<unknown, DocumentData>, path: string, ...pathSegments: string[]): CollectionReference<DocumentData, DocumentData>', gave the following error.
    Argument of type 'Firestore | null' is not assignable to parameter of type 'CollectionReference<unknown, DocumentData>'.
      Type 'null' is not assignable to type 'CollectionReference<unknown, DocumentData>'.
  Overload 3 of 3, '(reference: DocumentReference<unknown, DocumentData>, path: string, ...pathSegments: string[]): CollectionReference<DocumentData, DocumentData>', gave the following error.
    Argument of type 'Firestore | null' is not assignable to parameter of type 'DocumentReference<unknown, DocumentData>'.
      Type 'null' is not assignable to type 'DocumentReference<unknown, DocumentData>'.
components/TempDoctorLogin.tsx(205,28): error TS2769: No overload matches this call.
  Overload 1 of 3, '(firestore: Firestore, path: string, ...pathSegments: string[]): DocumentReference<DocumentData, DocumentData>', gave the following error.
    Argument of type 'Firestore | null' is not assignable to parameter of type 'Firestore'.
      Type 'null' is not assignable to type 'Firestore'.
  Overload 2 of 3, '(reference: CollectionReference<unknown, DocumentData>, path?: string | undefined, ...pathSegments: string[]): DocumentReference<unknown, DocumentData>', gave the following error.
    Argument of type 'Firestore | null' is not assignable to parameter of type 'CollectionReference<unknown, DocumentData>'.
      Type 'null' is not assignable to type 'CollectionReference<unknown, DocumentData>'.
  Overload 3 of 3, '(reference: DocumentReference<unknown, DocumentData>, path: string, ...pathSegments: string[]): DocumentReference<DocumentData, DocumentData>', gave the following error.
    Argument of type 'Firestore | null' is not assignable to parameter of type 'DocumentReference<unknown, DocumentData>'.
      Type 'null' is not assignable to type 'DocumentReference<unknown, DocumentData>'.
components/TemplateDisplay.tsx(47,30): error TS2769: No overload matches this call.
  Overload 1 of 3, '(firestore: Firestore, path: string, ...pathSegments: string[]): DocumentReference<DocumentData, DocumentData>', gave the following error.
    Argument of type 'Firestore | null' is not assignable to parameter of type 'Firestore'.
      Type 'null' is not assignable to type 'Firestore'.
  Overload 2 of 3, '(reference: CollectionReference<unknown, DocumentData>, path?: string | undefined, ...pathSegments: string[]): DocumentReference<unknown, DocumentData>', gave the following error.
    Argument of type 'Firestore | null' is not assignable to parameter of type 'CollectionReference<unknown, DocumentData>'.
      Type 'null' is not assignable to type 'CollectionReference<unknown, DocumentData>'.
  Overload 3 of 3, '(reference: DocumentReference<unknown, DocumentData>, path: string, ...pathSegments: string[]): DocumentReference<DocumentData, DocumentData>', gave the following error.
    Argument of type 'Firestore | null' is not assignable to parameter of type 'DocumentReference<unknown, DocumentData>'.
      Type 'null' is not assignable to type 'DocumentReference<unknown, DocumentData>'.
components/TemplateUploader.tsx(92,9): error TS2322: Type '((menu: string) => void) | undefined' is not assignable to type '(menu: string) => void'.
  Type 'undefined' is not assignable to type '(menu: string) => void'.
components/TermsOfService.tsx(2,24): error TS2307: Cannot find module '../assets/healqr-logo.png' or its corresponding type declarations.
components/ui/aspect-ratio.tsx(3,39): error TS2307: Cannot find module '@radix-ui/react-aspect-ratio' or its corresponding type declarations.
components/ui/calendar.tsx(63,9): error TS2353: Object literal may only specify known properties, and 'IconLeft' does not exist in type 'Partial<CustomComponents>'.
components/ui/calendar.tsx(63,22): error TS7031: Binding element 'className' implicitly has an 'any' type.
components/ui/calendar.tsx(66,23): error TS7031: Binding element 'className' implicitly has an 'any' type.
components/ui/carousel.tsx(6,8): error TS2307: Cannot find module 'embla-carousel-react' or its corresponding type declarations.
components/ui/command.tsx(4,45): error TS2307: Cannot find module 'cmdk' or its corresponding type declarations.
components/ui/context-menu.tsx(4,39): error TS2307: Cannot find module '@radix-ui/react-context-menu' or its corresponding type declarations.
components/ui/drawer.tsx(4,43): error TS2307: Cannot find module 'vaul' or its corresponding type declarations.
components/ui/hover-card.tsx(4,37): error TS2307: Cannot find module '@radix-ui/react-hover-card' or its corresponding type declarations.
components/ui/input-otp.tsx(4,43): error TS2307: Cannot find module 'input-otp' or its corresponding type declarations.
components/ui/input-otp.tsx(47,61): error TS2339: Property 'slots' does not exist on type '{}'.
components/ui/menubar.tsx(4,35): error TS2307: Cannot find module '@radix-ui/react-menubar' or its corresponding type declarations.
components/ui/navigation-menu.tsx(2,42): error TS2307: Cannot find module '@radix-ui/react-navigation-menu' or its corresponding type declarations.
components/ui/resizable.tsx(5,37): error TS2307: Cannot find module 'react-resizable-panels' or its corresponding type declarations.
components/ui/toggle-group.tsx(4,39): error TS2307: Cannot find module '@radix-ui/react-toggle-group' or its corresponding type declarations.
components/ui/toggle.tsx(4,34): error TS2307: Cannot find module '@radix-ui/react-toggle' or its corresponding type declarations.
components/VerifyEmail.tsx(5,24): error TS2307: Cannot find module '../assets/healqr-logo.png' or its corresponding type declarations.
components/VerifyEmail.tsx(14,39): error TS6133: 'onSuccess' is declared but its value is never read.
components/VerifyEmail.tsx(265,52): error TS6133: 'doc' is declared but its value is never read.
components/VerifyEmail.tsx(265,57): error TS6133: 'setDoc' is declared but its value is never read.
components/VerifyLogin.tsx(5,24): error TS2307: Cannot find module '../assets/healqr-logo.png' or its corresponding type declarations.
components/VideoConsultationInterface.tsx(16,3): error TS6133: 'patientId' is declared but its value is never read.
components/VideoConsultationInterface.tsx(23,33): error TS6133: 'setConsultationStartTime' is declared but its value is never read.
components/VideoConsultationManager.tsx(2,98): error TS6133: 'ChevronRight' is declared but its value is never read.
components/VideoConsultationManager.tsx(6,1): error TS6133: 'toast' is declared but its value is never read.
components/VideoConsultationManager.tsx(37,31): error TS6133: 'setConsultationHistory' is declared but its value is never read.
components/VideoConsultationManager.tsx(94,9): error TS2322: Type '{ isOpen: boolean; onClose: () => void; activeMenu: string; onMenuChange: (menu: string) => void; onLogout: (() => void) | undefined; activeAddOns: string[]; isCollapsed: boolean; onToggleCollapse: () => void | undefined; }' is not assignable to type 'IntrinsicAttributes & DashboardSidebarProps'.
  Property 'isCollapsed' does not exist on type 'IntrinsicAttributes & DashboardSidebarProps'.
components/ViewPatientsModal.tsx(5,10): error TS6133: 'X' is declared but its value is never read.
components/ViewPatientsModal.tsx(73,9): error TS6133: 'handleMarkRxAsReviewed' is declared but its value is never read.
components/WalkInPreview.tsx(3,37): error TS6133: 'Loader2' is declared but its value is never read.
lib/email/resend.service.ts(8,24): error TS2307: Cannot find module 'resend' or its corresponding type declarations.
lib/email/resend.service.ts(11,36): error TS2339: Property 'env' does not exist on type 'ImportMeta'.
lib/errorMonitoring.ts(5,19): error TS2339: Property 'env' does not exist on type 'ImportMeta'.
lib/errorMonitoring.ts(24,32): error TS2339: Property 'env' does not exist on type 'ImportMeta'.
lib/errorMonitoring.ts(27,38): error TS2339: Property 'env' does not exist on type 'ImportMeta'.
lib/errorMonitoring.ts(61,19): error TS2339: Property 'env' does not exist on type 'ImportMeta'.
lib/errorMonitoring.ts(72,19): error TS2339: Property 'env' does not exist on type 'ImportMeta'.
lib/errorMonitoring.ts(81,19): error TS2339: Property 'env' does not exist on type 'ImportMeta'.
lib/errorMonitoring.ts(91,19): error TS2339: Property 'env' does not exist on type 'ImportMeta'.
lib/firebase/auth.service.ts(264,46): error TS6133: 'code' is declared but its value is never read.
lib/firebase/db.service.ts(14,3): error TS6133: 'deleteDoc' is declared but its value is never read.
lib/firebase/db.service.ts(20,3): error TS6133: 'startAfter' is declared but its value is never read.
lib/firebase/db.service.ts(25,3): error TS6133: 'arrayRemove' is declared but its value is never read.
lib/firebase/db.service.ts(27,3): error TS6133: 'DocumentSnapshot' is declared but its value is never read.
lib/firebase/db.service.ts(43,29): error TS2769: No overload matches this call.
  Overload 1 of 3, '(firestore: Firestore, path: string, ...pathSegments: string[]): DocumentReference<DocumentData, DocumentData>', gave the following error.
    Argument of type 'Firestore | null' is not assignable to parameter of type 'Firestore'.
      Type 'null' is not assignable to type 'Firestore'.
  Overload 2 of 3, '(reference: CollectionReference<unknown, DocumentData>, path?: string | undefined, ...pathSegments: string[]): DocumentReference<unknown, DocumentData>', gave the following error.
    Argument of type 'Firestore | null' is not assignable to parameter of type 'CollectionReference<unknown, DocumentData>'.
      Type 'null' is not assignable to type 'CollectionReference<unknown, DocumentData>'.
  Overload 3 of 3, '(reference: DocumentReference<unknown, DocumentData>, path: string, ...pathSegments: string[]): DocumentReference<DocumentData, DocumentData>', gave the following error.
    Argument of type 'Firestore | null' is not assignable to parameter of type 'DocumentReference<unknown, DocumentData>'.
      Type 'null' is not assignable to type 'DocumentReference<unknown, DocumentData>'.
lib/firebase/db.service.ts(57,29): error TS2769: No overload matches this call.
  Overload 1 of 3, '(firestore: Firestore, path: string, ...pathSegments: string[]): DocumentReference<DocumentData, DocumentData>', gave the following error.
    Argument of type 'Firestore | null' is not assignable to parameter of type 'Firestore'.
      Type 'null' is not assignable to type 'Firestore'.
  Overload 2 of 3, '(reference: CollectionReference<unknown, DocumentData>, path?: string | undefined, ...pathSegments: string[]): DocumentReference<unknown, DocumentData>', gave the following error.
    Argument of type 'Firestore | null' is not assignable to parameter of type 'CollectionReference<unknown, DocumentData>'.
      Type 'null' is not assignable to type 'CollectionReference<unknown, DocumentData>'.
  Overload 3 of 3, '(reference: DocumentReference<unknown, DocumentData>, path: string, ...pathSegments: string[]): DocumentReference<DocumentData, DocumentData>', gave the following error.
    Argument of type 'Firestore | null' is not assignable to parameter of type 'DocumentReference<unknown, DocumentData>'.
      Type 'null' is not assignable to type 'DocumentReference<unknown, DocumentData>'.
lib/firebase/db.service.ts(57,45): error TS2339: Property 'CLINICS' does not exist on type '{ readonly DOCTORS: "doctors"; readonly PATIENTS: "patients"; readonly BOOKINGS: "bookings"; readonly TRANSACTIONS: "transactions"; readonly NOTIFICATIONS: "notifications"; readonly NOTIFICATION_QUEUE: "notificationQueue"; ... 15 more ...; readonly SCHEDULED_TASKS: "scheduledTasks"; }'.
lib/firebase/db.service.ts(76,29): error TS2769: No overload matches this call.
  Overload 1 of 3, '(firestore: Firestore, path: string, ...pathSegments: string[]): DocumentReference<DocumentData, DocumentData>', gave the following error.
    Argument of type 'Firestore | null' is not assignable to parameter of type 'Firestore'.
      Type 'null' is not assignable to type 'Firestore'.
  Overload 2 of 3, '(reference: CollectionReference<unknown, DocumentData>, path?: string | undefined, ...pathSegments: string[]): DocumentReference<unknown, DocumentData>', gave the following error.
    Argument of type 'Firestore | null' is not assignable to parameter of type 'CollectionReference<unknown, DocumentData>'.
      Type 'null' is not assignable to type 'CollectionReference<unknown, DocumentData>'.
  Overload 3 of 3, '(reference: DocumentReference<unknown, DocumentData>, path: string, ...pathSegments: string[]): DocumentReference<DocumentData, DocumentData>', gave the following error.
    Argument of type 'Firestore | null' is not assignable to parameter of type 'DocumentReference<unknown, DocumentData>'.
      Type 'null' is not assignable to type 'DocumentReference<unknown, DocumentData>'.
lib/firebase/db.service.ts(86,29): error TS2769: No overload matches this call.
  Overload 1 of 3, '(firestore: Firestore, path: string, ...pathSegments: string[]): DocumentReference<DocumentData, DocumentData>', gave the following error.
    Argument of type 'Firestore | null' is not assignable to parameter of type 'Firestore'.
      Type 'null' is not assignable to type 'Firestore'.
  Overload 2 of 3, '(reference: CollectionReference<unknown, DocumentData>, path?: string | undefined, ...pathSegments: string[]): DocumentReference<unknown, DocumentData>', gave the following error.
    Argument of type 'Firestore | null' is not assignable to parameter of type 'CollectionReference<unknown, DocumentData>'.
      Type 'null' is not assignable to type 'CollectionReference<unknown, DocumentData>'.
  Overload 3 of 3, '(reference: DocumentReference<unknown, DocumentData>, path: string, ...pathSegments: string[]): DocumentReference<DocumentData, DocumentData>', gave the following error.
    Argument of type 'Firestore | null' is not assignable to parameter of type 'DocumentReference<unknown, DocumentData>'.
      Type 'null' is not assignable to type 'DocumentReference<unknown, DocumentData>'.
lib/firebase/db.service.ts(86,45): error TS2339: Property 'CLINICS' does not exist on type '{ readonly DOCTORS: "doctors"; readonly PATIENTS: "patients"; readonly BOOKINGS: "bookings"; readonly TRANSACTIONS: "transactions"; readonly NOTIFICATIONS: "notifications"; readonly NOTIFICATION_QUEUE: "notificationQueue"; ... 15 more ...; readonly SCHEDULED_TASKS: "scheduledTasks"; }'.
lib/firebase/db.service.ts(105,27): error TS2769: No overload matches this call.
  Overload 1 of 3, '(firestore: Firestore, path: string, ...pathSegments: string[]): DocumentReference<DocumentData, DocumentData>', gave the following error.
    Argument of type 'Firestore | null' is not assignable to parameter of type 'Firestore'.
      Type 'null' is not assignable to type 'Firestore'.
  Overload 2 of 3, '(reference: CollectionReference<unknown, DocumentData>, path?: string | undefined, ...pathSegments: string[]): DocumentReference<unknown, DocumentData>', gave the following error.
    Argument of type 'Firestore | null' is not assignable to parameter of type 'CollectionReference<unknown, DocumentData>'.
      Type 'null' is not assignable to type 'CollectionReference<unknown, DocumentData>'.
  Overload 3 of 3, '(reference: DocumentReference<unknown, DocumentData>, path: string, ...pathSegments: string[]): DocumentReference<DocumentData, DocumentData>', gave the following error.
    Argument of type 'Firestore | null' is not assignable to parameter of type 'DocumentReference<unknown, DocumentData>'.
      Type 'null' is not assignable to type 'DocumentReference<unknown, DocumentData>'.
lib/firebase/db.service.ts(121,27): error TS2769: No overload matches this call.
  Overload 1 of 3, '(firestore: Firestore, path: string, ...pathSegments: string[]): DocumentReference<DocumentData, DocumentData>', gave the following error.
    Argument of type 'Firestore | null' is not assignable to parameter of type 'Firestore'.
      Type 'null' is not assignable to type 'Firestore'.
  Overload 2 of 3, '(reference: CollectionReference<unknown, DocumentData>, path?: string | undefined, ...pathSegments: string[]): DocumentReference<unknown, DocumentData>', gave the following error.
    Argument of type 'Firestore | null' is not assignable to parameter of type 'CollectionReference<unknown, DocumentData>'.
      Type 'null' is not assignable to type 'CollectionReference<unknown, DocumentData>'.
  Overload 3 of 3, '(reference: DocumentReference<unknown, DocumentData>, path: string, ...pathSegments: string[]): DocumentReference<DocumentData, DocumentData>', gave the following error.
    Argument of type 'Firestore | null' is not assignable to parameter of type 'DocumentReference<unknown, DocumentData>'.
      Type 'null' is not assignable to type 'DocumentReference<unknown, DocumentData>'.
lib/firebase/db.service.ts(121,43): error TS2339: Property 'CLINICS' does not exist on type '{ readonly DOCTORS: "doctors"; readonly PATIENTS: "patients"; readonly BOOKINGS: "bookings"; readonly TRANSACTIONS: "transactions"; readonly NOTIFICATIONS: "notifications"; readonly NOTIFICATION_QUEUE: "notificationQueue"; ... 15 more ...; readonly SCHEDULED_TASKS: "scheduledTasks"; }'.
lib/firebase/db.service.ts(144,27): error TS2769: No overload matches this call.
  Overload 1 of 3, '(firestore: Firestore, path: string, ...pathSegments: string[]): DocumentReference<DocumentData, DocumentData>', gave the following error.
    Argument of type 'Firestore | null' is not assignable to parameter of type 'Firestore'.
      Type 'null' is not assignable to type 'Firestore'.
  Overload 2 of 3, '(reference: CollectionReference<unknown, DocumentData>, path?: string | undefined, ...pathSegments: string[]): DocumentReference<unknown, DocumentData>', gave the following error.
    Argument of type 'Firestore | null' is not assignable to parameter of type 'CollectionReference<unknown, DocumentData>'.
      Type 'null' is not assignable to type 'CollectionReference<unknown, DocumentData>'.
  Overload 3 of 3, '(reference: DocumentReference<unknown, DocumentData>, path: string, ...pathSegments: string[]): DocumentReference<DocumentData, DocumentData>', gave the following error.
    Argument of type 'Firestore | null' is not assignable to parameter of type 'DocumentReference<unknown, DocumentData>'.
      Type 'null' is not assignable to type 'DocumentReference<unknown, DocumentData>'.
lib/firebase/db.service.ts(160,48): error TS2339: Property 'soloSchedule' does not exist on type 'Doctor'.
lib/firebase/db.service.ts(160,71): error TS2339: Property 'soloSchedule' does not exist on type 'Doctor'.
lib/firebase/db.service.ts(165,50): error TS2339: Property 'clinicSchedules' does not exist on type 'Doctor'.
lib/firebase/db.service.ts(165,76): error TS2339: Property 'clinicSchedules' does not exist on type 'Doctor'.
lib/firebase/db.service.ts(194,26): error TS2769: No overload matches this call.
  Overload 1 of 3, '(firestore: Firestore, path: string, ...pathSegments: string[]): DocumentReference<DocumentData, DocumentData>', gave the following error.
    Argument of type 'Firestore | null' is not assignable to parameter of type 'Firestore'.
      Type 'null' is not assignable to type 'Firestore'.
  Overload 2 of 3, '(reference: CollectionReference<unknown, DocumentData>, path?: string | undefined, ...pathSegments: string[]): DocumentReference<unknown, DocumentData>', gave the following error.
    Argument of type 'Firestore | null' is not assignable to parameter of type 'CollectionReference<unknown, DocumentData>'.
      Type 'null' is not assignable to type 'CollectionReference<unknown, DocumentData>'.
  Overload 3 of 3, '(reference: DocumentReference<unknown, DocumentData>, path: string, ...pathSegments: string[]): DocumentReference<DocumentData, DocumentData>', gave the following error.
    Argument of type 'Firestore | null' is not assignable to parameter of type 'DocumentReference<unknown, DocumentData>'.
      Type 'null' is not assignable to type 'DocumentReference<unknown, DocumentData>'.
lib/firebase/db.service.ts(212,26): error TS2769: No overload matches this call.
  Overload 1 of 3, '(firestore: Firestore, path: string, ...pathSegments: string[]): DocumentReference<DocumentData, DocumentData>', gave the following error.
    Argument of type 'Firestore | null' is not assignable to parameter of type 'Firestore'.
      Type 'null' is not assignable to type 'Firestore'.
  Overload 2 of 3, '(reference: CollectionReference<unknown, DocumentData>, path?: string | undefined, ...pathSegments: string[]): DocumentReference<unknown, DocumentData>', gave the following error.
    Argument of type 'Firestore | null' is not assignable to parameter of type 'CollectionReference<unknown, DocumentData>'.
      Type 'null' is not assignable to type 'CollectionReference<unknown, DocumentData>'.
  Overload 3 of 3, '(reference: DocumentReference<unknown, DocumentData>, path: string, ...pathSegments: string[]): DocumentReference<DocumentData, DocumentData>', gave the following error.
    Argument of type 'Firestore | null' is not assignable to parameter of type 'DocumentReference<unknown, DocumentData>'.
      Type 'null' is not assignable to type 'DocumentReference<unknown, DocumentData>'.
lib/firebase/db.service.ts(232,26): error TS2769: No overload matches this call.
  Overload 1 of 3, '(firestore: Firestore, path: string, ...pathSegments: string[]): DocumentReference<DocumentData, DocumentData>', gave the following error.
    Argument of type 'Firestore | null' is not assignable to parameter of type 'Firestore'.
      Type 'null' is not assignable to type 'Firestore'.
  Overload 2 of 3, '(reference: CollectionReference<unknown, DocumentData>, path?: string | undefined, ...pathSegments: string[]): DocumentReference<unknown, DocumentData>', gave the following error.
    Argument of type 'Firestore | null' is not assignable to parameter of type 'CollectionReference<unknown, DocumentData>'.
      Type 'null' is not assignable to type 'CollectionReference<unknown, DocumentData>'.
  Overload 3 of 3, '(reference: DocumentReference<unknown, DocumentData>, path: string, ...pathSegments: string[]): DocumentReference<DocumentData, DocumentData>', gave the following error.
    Argument of type 'Firestore | null' is not assignable to parameter of type 'DocumentReference<unknown, DocumentData>'.
      Type 'null' is not assignable to type 'DocumentReference<unknown, DocumentData>'.
lib/firebase/db.service.ts(252,26): error TS2769: No overload matches this call.
  Overload 1 of 3, '(firestore: Firestore, path: string, ...pathSegments: string[]): DocumentReference<DocumentData, DocumentData>', gave the following error.
    Argument of type 'Firestore | null' is not assignable to parameter of type 'Firestore'.
      Type 'null' is not assignable to type 'Firestore'.
  Overload 2 of 3, '(reference: CollectionReference<unknown, DocumentData>, path?: string | undefined, ...pathSegments: string[]): DocumentReference<unknown, DocumentData>', gave the following error.
    Argument of type 'Firestore | null' is not assignable to parameter of type 'CollectionReference<unknown, DocumentData>'.
      Type 'null' is not assignable to type 'CollectionReference<unknown, DocumentData>'.
  Overload 3 of 3, '(reference: DocumentReference<unknown, DocumentData>, path: string, ...pathSegments: string[]): DocumentReference<DocumentData, DocumentData>', gave the following error.
    Argument of type 'Firestore | null' is not assignable to parameter of type 'DocumentReference<unknown, DocumentData>'.
      Type 'null' is not assignable to type 'DocumentReference<unknown, DocumentData>'.
lib/firebase/db.service.ts(271,26): error TS2769: No overload matches this call.
  Overload 1 of 3, '(firestore: Firestore, path: string, ...pathSegments: string[]): DocumentReference<DocumentData, DocumentData>', gave the following error.
    Argument of type 'Firestore | null' is not assignable to parameter of type 'Firestore'.
      Type 'null' is not assignable to type 'Firestore'.
  Overload 2 of 3, '(reference: CollectionReference<unknown, DocumentData>, path?: string | undefined, ...pathSegments: string[]): DocumentReference<unknown, DocumentData>', gave the following error.
    Argument of type 'Firestore | null' is not assignable to parameter of type 'CollectionReference<unknown, DocumentData>'.
      Type 'null' is not assignable to type 'CollectionReference<unknown, DocumentData>'.
  Overload 3 of 3, '(reference: DocumentReference<unknown, DocumentData>, path: string, ...pathSegments: string[]): DocumentReference<DocumentData, DocumentData>', gave the following error.
    Argument of type 'Firestore | null' is not assignable to parameter of type 'DocumentReference<unknown, DocumentData>'.
      Type 'null' is not assignable to type 'DocumentReference<unknown, DocumentData>'.
lib/firebase/db.service.ts(288,26): error TS2769: No overload matches this call.
  Overload 1 of 3, '(firestore: Firestore, path: string, ...pathSegments: string[]): DocumentReference<DocumentData, DocumentData>', gave the following error.
    Argument of type 'Firestore | null' is not assignable to parameter of type 'Firestore'.
      Type 'null' is not assignable to type 'Firestore'.
  Overload 2 of 3, '(reference: CollectionReference<unknown, DocumentData>, path?: string | undefined, ...pathSegments: string[]): DocumentReference<unknown, DocumentData>', gave the following error.
    Argument of type 'Firestore | null' is not assignable to parameter of type 'CollectionReference<unknown, DocumentData>'.
      Type 'null' is not assignable to type 'CollectionReference<unknown, DocumentData>'.
  Overload 3 of 3, '(reference: DocumentReference<unknown, DocumentData>, path: string, ...pathSegments: string[]): DocumentReference<DocumentData, DocumentData>', gave the following error.
    Argument of type 'Firestore | null' is not assignable to parameter of type 'DocumentReference<unknown, DocumentData>'.
      Type 'null' is not assignable to type 'DocumentReference<unknown, DocumentData>'.
lib/firebase/db.service.ts(308,58): error TS2769: No overload matches this call.
  Overload 1 of 3, '(firestore: Firestore, path: string, ...pathSegments: string[]): CollectionReference<DocumentData, DocumentData>', gave the following error.
    Argument of type 'Firestore | null' is not assignable to parameter of type 'Firestore'.
      Type 'null' is not assignable to type 'Firestore'.
  Overload 2 of 3, '(reference: CollectionReference<unknown, DocumentData>, path: string, ...pathSegments: string[]): CollectionReference<DocumentData, DocumentData>', gave the following error.
    Argument of type 'Firestore | null' is not assignable to parameter of type 'CollectionReference<unknown, DocumentData>'.
      Type 'null' is not assignable to type 'CollectionReference<unknown, DocumentData>'.
  Overload 3 of 3, '(reference: DocumentReference<unknown, DocumentData>, path: string, ...pathSegments: string[]): CollectionReference<DocumentData, DocumentData>', gave the following error.
    Argument of type 'Firestore | null' is not assignable to parameter of type 'DocumentReference<unknown, DocumentData>'.
      Type 'null' is not assignable to type 'DocumentReference<unknown, DocumentData>'.
lib/firebase/db.service.ts(309,26): error TS2769: No overload matches this call.
  Overload 1 of 3, '(firestore: Firestore, path: string, ...pathSegments: string[]): DocumentReference<DocumentData, DocumentData>', gave the following error.
    Argument of type 'Firestore | null' is not assignable to parameter of type 'Firestore'.
      Type 'null' is not assignable to type 'Firestore'.
  Overload 2 of 3, '(reference: CollectionReference<unknown, DocumentData>, path?: string | undefined, ...pathSegments: string[]): DocumentReference<unknown, DocumentData>', gave the following error.
    Argument of type 'Firestore | null' is not assignable to parameter of type 'CollectionReference<unknown, DocumentData>'.
      Type 'null' is not assignable to type 'CollectionReference<unknown, DocumentData>'.
  Overload 3 of 3, '(reference: DocumentReference<unknown, DocumentData>, path: string, ...pathSegments: string[]): DocumentReference<DocumentData, DocumentData>', gave the following error.
    Argument of type 'Firestore | null' is not assignable to parameter of type 'DocumentReference<unknown, DocumentData>'.
      Type 'null' is not assignable to type 'DocumentReference<unknown, DocumentData>'.
lib/firebase/db.service.ts(331,20): error TS2769: No overload matches this call.
  Overload 1 of 3, '(firestore: Firestore, path: string, ...pathSegments: string[]): CollectionReference<DocumentData, DocumentData>', gave the following error.
    Argument of type 'Firestore | null' is not assignable to parameter of type 'Firestore'.
      Type 'null' is not assignable to type 'Firestore'.
  Overload 2 of 3, '(reference: CollectionReference<unknown, DocumentData>, path: string, ...pathSegments: string[]): CollectionReference<DocumentData, DocumentData>', gave the following error.
    Argument of type 'Firestore | null' is not assignable to parameter of type 'CollectionReference<unknown, DocumentData>'.
      Type 'null' is not assignable to type 'CollectionReference<unknown, DocumentData>'.
  Overload 3 of 3, '(reference: DocumentReference<unknown, DocumentData>, path: string, ...pathSegments: string[]): CollectionReference<DocumentData, DocumentData>', gave the following error.
    Argument of type 'Firestore | null' is not assignable to parameter of type 'DocumentReference<unknown, DocumentData>'.
      Type 'null' is not assignable to type 'DocumentReference<unknown, DocumentData>'.
lib/firebase/db.service.ts(357,40): error TS2769: No overload matches this call.
  Overload 1 of 3, '(firestore: Firestore, path: string, ...pathSegments: string[]): CollectionReference<DocumentData, DocumentData>', gave the following error.
    Argument of type 'Firestore | null' is not assignable to parameter of type 'Firestore'.
      Type 'null' is not assignable to type 'Firestore'.
  Overload 2 of 3, '(reference: CollectionReference<unknown, DocumentData>, path: string, ...pathSegments: string[]): CollectionReference<DocumentData, DocumentData>', gave the following error.
    Argument of type 'Firestore | null' is not assignable to parameter of type 'CollectionReference<unknown, DocumentData>'.
      Type 'null' is not assignable to type 'CollectionReference<unknown, DocumentData>'.
  Overload 3 of 3, '(reference: DocumentReference<unknown, DocumentData>, path: string, ...pathSegments: string[]): CollectionReference<DocumentData, DocumentData>', gave the following error.
    Argument of type 'Firestore | null' is not assignable to parameter of type 'DocumentReference<unknown, DocumentData>'.
      Type 'null' is not assignable to type 'DocumentReference<unknown, DocumentData>'.
lib/firebase/db.service.ts(360,26): error TS2769: No overload matches this call.
  Overload 1 of 3, '(firestore: Firestore, path: string, ...pathSegments: string[]): DocumentReference<DocumentData, DocumentData>', gave the following error.
    Argument of type 'Firestore | null' is not assignable to parameter of type 'Firestore'.
      Type 'null' is not assignable to type 'Firestore'.
  Overload 2 of 3, '(reference: CollectionReference<unknown, DocumentData>, path?: string | undefined, ...pathSegments: string[]): DocumentReference<unknown, DocumentData>', gave the following error.
    Argument of type 'Firestore | null' is not assignable to parameter of type 'CollectionReference<unknown, DocumentData>'.
      Type 'null' is not assignable to type 'CollectionReference<unknown, DocumentData>'.
  Overload 3 of 3, '(reference: DocumentReference<unknown, DocumentData>, path: string, ...pathSegments: string[]): DocumentReference<DocumentData, DocumentData>', gave the following error.
    Argument of type 'Firestore | null' is not assignable to parameter of type 'DocumentReference<unknown, DocumentData>'.
      Type 'null' is not assignable to type 'DocumentReference<unknown, DocumentData>'.
lib/firebase/db.service.ts(402,34): error TS2769: No overload matches this call.
  Overload 1 of 3, '(firestore: Firestore, path: string, ...pathSegments: string[]): CollectionReference<DocumentData, DocumentData>', gave the following error.
    Argument of type 'Firestore | null' is not assignable to parameter of type 'Firestore'.
      Type 'null' is not assignable to type 'Firestore'.
  Overload 2 of 3, '(reference: CollectionReference<unknown, DocumentData>, path: string, ...pathSegments: string[]): CollectionReference<DocumentData, DocumentData>', gave the following error.
    Argument of type 'Firestore | null' is not assignable to parameter of type 'CollectionReference<unknown, DocumentData>'.
      Type 'null' is not assignable to type 'CollectionReference<unknown, DocumentData>'.
  Overload 3 of 3, '(reference: DocumentReference<unknown, DocumentData>, path: string, ...pathSegments: string[]): CollectionReference<DocumentData, DocumentData>', gave the following error.
    Argument of type 'Firestore | null' is not assignable to parameter of type 'DocumentReference<unknown, DocumentData>'.
      Type 'null' is not assignable to type 'DocumentReference<unknown, DocumentData>'.
lib/firebase/db.service.ts(421,26): error TS2769: No overload matches this call.
  Overload 1 of 3, '(firestore: Firestore, path: string, ...pathSegments: string[]): DocumentReference<DocumentData, DocumentData>', gave the following error.
    Argument of type 'Firestore | null' is not assignable to parameter of type 'Firestore'.
      Type 'null' is not assignable to type 'Firestore'.
  Overload 2 of 3, '(reference: CollectionReference<unknown, DocumentData>, path?: string | undefined, ...pathSegments: string[]): DocumentReference<unknown, DocumentData>', gave the following error.
    Argument of type 'Firestore | null' is not assignable to parameter of type 'CollectionReference<unknown, DocumentData>'.
      Type 'null' is not assignable to type 'CollectionReference<unknown, DocumentData>'.
  Overload 3 of 3, '(reference: DocumentReference<unknown, DocumentData>, path: string, ...pathSegments: string[]): DocumentReference<DocumentData, DocumentData>', gave the following error.
    Argument of type 'Firestore | null' is not assignable to parameter of type 'DocumentReference<unknown, DocumentData>'.
      Type 'null' is not assignable to type 'DocumentReference<unknown, DocumentData>'.
lib/firebase/db.service.ts(451,44): error TS2769: No overload matches this call.
  Overload 1 of 3, '(firestore: Firestore, path: string, ...pathSegments: string[]): CollectionReference<DocumentData, DocumentData>', gave the following error.
    Argument of type 'Firestore | null' is not assignable to parameter of type 'Firestore'.
      Type 'null' is not assignable to type 'Firestore'.
  Overload 2 of 3, '(reference: CollectionReference<unknown, DocumentData>, path: string, ...pathSegments: string[]): CollectionReference<DocumentData, DocumentData>', gave the following error.
    Argument of type 'Firestore | null' is not assignable to parameter of type 'CollectionReference<unknown, DocumentData>'.
      Type 'null' is not assignable to type 'CollectionReference<unknown, DocumentData>'.
  Overload 3 of 3, '(reference: DocumentReference<unknown, DocumentData>, path: string, ...pathSegments: string[]): CollectionReference<DocumentData, DocumentData>', gave the following error.
    Argument of type 'Firestore | null' is not assignable to parameter of type 'DocumentReference<unknown, DocumentData>'.
      Type 'null' is not assignable to type 'DocumentReference<unknown, DocumentData>'.
lib/firebase/db.service.ts(452,26): error TS2769: No overload matches this call.
  Overload 1 of 3, '(firestore: Firestore, path: string, ...pathSegments: string[]): DocumentReference<DocumentData, DocumentData>', gave the following error.
    Argument of type 'Firestore | null' is not assignable to parameter of type 'Firestore'.
      Type 'null' is not assignable to type 'Firestore'.
  Overload 2 of 3, '(reference: CollectionReference<unknown, DocumentData>, path?: string | undefined, ...pathSegments: string[]): DocumentReference<unknown, DocumentData>', gave the following error.
    Argument of type 'Firestore | null' is not assignable to parameter of type 'CollectionReference<unknown, DocumentData>'.
      Type 'null' is not assignable to type 'CollectionReference<unknown, DocumentData>'.
  Overload 3 of 3, '(reference: DocumentReference<unknown, DocumentData>, path: string, ...pathSegments: string[]): DocumentReference<DocumentData, DocumentData>', gave the following error.
    Argument of type 'Firestore | null' is not assignable to parameter of type 'DocumentReference<unknown, DocumentData>'.
      Type 'null' is not assignable to type 'DocumentReference<unknown, DocumentData>'.
lib/firebase/db.service.ts(479,26): error TS2769: No overload matches this call.
  Overload 1 of 3, '(firestore: Firestore, path: string, ...pathSegments: string[]): DocumentReference<DocumentData, DocumentData>', gave the following error.
    Argument of type 'Firestore | null' is not assignable to parameter of type 'Firestore'.
      Type 'null' is not assignable to type 'Firestore'.
  Overload 2 of 3, '(reference: CollectionReference<unknown, DocumentData>, path?: string | undefined, ...pathSegments: string[]): DocumentReference<unknown, DocumentData>', gave the following error.
    Argument of type 'Firestore | null' is not assignable to parameter of type 'CollectionReference<unknown, DocumentData>'.
      Type 'null' is not assignable to type 'CollectionReference<unknown, DocumentData>'.
  Overload 3 of 3, '(reference: DocumentReference<unknown, DocumentData>, path: string, ...pathSegments: string[]): DocumentReference<DocumentData, DocumentData>', gave the following error.
    Argument of type 'Firestore | null' is not assignable to parameter of type 'DocumentReference<unknown, DocumentData>'.
      Type 'null' is not assignable to type 'DocumentReference<unknown, DocumentData>'.
lib/firebase/db.service.ts(500,20): error TS2769: No overload matches this call.
  Overload 1 of 3, '(firestore: Firestore, path: string, ...pathSegments: string[]): CollectionReference<DocumentData, DocumentData>', gave the following error.
    Argument of type 'Firestore | null' is not assignable to parameter of type 'Firestore'.
      Type 'null' is not assignable to type 'Firestore'.
  Overload 2 of 3, '(reference: CollectionReference<unknown, DocumentData>, path: string, ...pathSegments: string[]): CollectionReference<DocumentData, DocumentData>', gave the following error.
    Argument of type 'Firestore | null' is not assignable to parameter of type 'CollectionReference<unknown, DocumentData>'.
      Type 'null' is not assignable to type 'CollectionReference<unknown, DocumentData>'.
  Overload 3 of 3, '(reference: DocumentReference<unknown, DocumentData>, path: string, ...pathSegments: string[]): CollectionReference<DocumentData, DocumentData>', gave the following error.
    Argument of type 'Firestore | null' is not assignable to parameter of type 'DocumentReference<unknown, DocumentData>'.
      Type 'null' is not assignable to type 'DocumentReference<unknown, DocumentData>'.
lib/firebase/db.service.ts(523,45): error TS2769: No overload matches this call.
  Overload 1 of 3, '(firestore: Firestore, path: string, ...pathSegments: string[]): CollectionReference<DocumentData, DocumentData>', gave the following error.
    Argument of type 'Firestore | null' is not assignable to parameter of type 'Firestore'.
      Type 'null' is not assignable to type 'Firestore'.
  Overload 2 of 3, '(reference: CollectionReference<unknown, DocumentData>, path: string, ...pathSegments: string[]): CollectionReference<DocumentData, DocumentData>', gave the following error.
    Argument of type 'Firestore | null' is not assignable to parameter of type 'CollectionReference<unknown, DocumentData>'.
      Type 'null' is not assignable to type 'CollectionReference<unknown, DocumentData>'.
  Overload 3 of 3, '(reference: DocumentReference<unknown, DocumentData>, path: string, ...pathSegments: string[]): CollectionReference<DocumentData, DocumentData>', gave the following error.
    Argument of type 'Firestore | null' is not assignable to parameter of type 'DocumentReference<unknown, DocumentData>'.
      Type 'null' is not assignable to type 'DocumentReference<unknown, DocumentData>'.
lib/firebase/db.service.ts(524,26): error TS2769: No overload matches this call.
  Overload 1 of 3, '(firestore: Firestore, path: string, ...pathSegments: string[]): DocumentReference<DocumentData, DocumentData>', gave the following error.
    Argument of type 'Firestore | null' is not assignable to parameter of type 'Firestore'.
      Type 'null' is not assignable to type 'Firestore'.
  Overload 2 of 3, '(reference: CollectionReference<unknown, DocumentData>, path?: string | undefined, ...pathSegments: string[]): DocumentReference<unknown, DocumentData>', gave the following error.
    Argument of type 'Firestore | null' is not assignable to parameter of type 'CollectionReference<unknown, DocumentData>'.
      Type 'null' is not assignable to type 'CollectionReference<unknown, DocumentData>'.
  Overload 3 of 3, '(reference: DocumentReference<unknown, DocumentData>, path: string, ...pathSegments: string[]): DocumentReference<DocumentData, DocumentData>', gave the following error.
    Argument of type 'Firestore | null' is not assignable to parameter of type 'DocumentReference<unknown, DocumentData>'.
      Type 'null' is not assignable to type 'DocumentReference<unknown, DocumentData>'.
lib/firebase/db.service.ts(545,26): error TS2769: No overload matches this call.
  Overload 1 of 3, '(firestore: Firestore, path: string, ...pathSegments: string[]): DocumentReference<DocumentData, DocumentData>', gave the following error.
    Argument of type 'Firestore | null' is not assignable to parameter of type 'Firestore'.
      Type 'null' is not assignable to type 'Firestore'.
  Overload 2 of 3, '(reference: CollectionReference<unknown, DocumentData>, path?: string | undefined, ...pathSegments: string[]): DocumentReference<unknown, DocumentData>', gave the following error.
    Argument of type 'Firestore | null' is not assignable to parameter of type 'CollectionReference<unknown, DocumentData>'.
      Type 'null' is not assignable to type 'CollectionReference<unknown, DocumentData>'.
  Overload 3 of 3, '(reference: DocumentReference<unknown, DocumentData>, path: string, ...pathSegments: string[]): DocumentReference<DocumentData, DocumentData>', gave the following error.
    Argument of type 'Firestore | null' is not assignable to parameter of type 'DocumentReference<unknown, DocumentData>'.
      Type 'null' is not assignable to type 'DocumentReference<unknown, DocumentData>'.
lib/firebase/db.service.ts(565,39): error TS2769: No overload matches this call.
  Overload 1 of 3, '(firestore: Firestore, path: string, ...pathSegments: string[]): CollectionReference<DocumentData, DocumentData>', gave the following error.
    Argument of type 'Firestore | null' is not assignable to parameter of type 'Firestore'.
      Type 'null' is not assignable to type 'Firestore'.
  Overload 2 of 3, '(reference: CollectionReference<unknown, DocumentData>, path: string, ...pathSegments: string[]): CollectionReference<DocumentData, DocumentData>', gave the following error.
    Argument of type 'Firestore | null' is not assignable to parameter of type 'CollectionReference<unknown, DocumentData>'.
      Type 'null' is not assignable to type 'CollectionReference<unknown, DocumentData>'.
  Overload 3 of 3, '(reference: DocumentReference<unknown, DocumentData>, path: string, ...pathSegments: string[]): CollectionReference<DocumentData, DocumentData>', gave the following error.
    Argument of type 'Firestore | null' is not assignable to parameter of type 'DocumentReference<unknown, DocumentData>'.
      Type 'null' is not assignable to type 'DocumentReference<unknown, DocumentData>'.
lib/firebase/db.service.ts(566,26): error TS2769: No overload matches this call.
  Overload 1 of 3, '(firestore: Firestore, path: string, ...pathSegments: string[]): DocumentReference<DocumentData, DocumentData>', gave the following error.
    Argument of type 'Firestore | null' is not assignable to parameter of type 'Firestore'.
      Type 'null' is not assignable to type 'Firestore'.
  Overload 2 of 3, '(reference: CollectionReference<unknown, DocumentData>, path?: string | undefined, ...pathSegments: string[]): DocumentReference<unknown, DocumentData>', gave the following error.
    Argument of type 'Firestore | null' is not assignable to parameter of type 'CollectionReference<unknown, DocumentData>'.
      Type 'null' is not assignable to type 'CollectionReference<unknown, DocumentData>'.
  Overload 3 of 3, '(reference: DocumentReference<unknown, DocumentData>, path: string, ...pathSegments: string[]): DocumentReference<DocumentData, DocumentData>', gave the following error.
    Argument of type 'Firestore | null' is not assignable to parameter of type 'DocumentReference<unknown, DocumentData>'.
      Type 'null' is not assignable to type 'DocumentReference<unknown, DocumentData>'.
lib/firebase/db.service.ts(596,20): error TS2769: No overload matches this call.
  Overload 1 of 3, '(firestore: Firestore, path: string, ...pathSegments: string[]): CollectionReference<DocumentData, DocumentData>', gave the following error.
    Argument of type 'Firestore | null' is not assignable to parameter of type 'Firestore'.
      Type 'null' is not assignable to type 'Firestore'.
  Overload 2 of 3, '(reference: CollectionReference<unknown, DocumentData>, path: string, ...pathSegments: string[]): CollectionReference<DocumentData, DocumentData>', gave the following error.
    Argument of type 'Firestore | null' is not assignable to parameter of type 'CollectionReference<unknown, DocumentData>'.
      Type 'null' is not assignable to type 'CollectionReference<unknown, DocumentData>'.
  Overload 3 of 3, '(reference: DocumentReference<unknown, DocumentData>, path: string, ...pathSegments: string[]): CollectionReference<DocumentData, DocumentData>', gave the following error.
    Argument of type 'Firestore | null' is not assignable to parameter of type 'DocumentReference<unknown, DocumentData>'.
      Type 'null' is not assignable to type 'DocumentReference<unknown, DocumentData>'.
lib/firebase/db.service.ts(611,26): error TS2769: No overload matches this call.
  Overload 1 of 3, '(firestore: Firestore, path: string, ...pathSegments: string[]): DocumentReference<DocumentData, DocumentData>', gave the following error.
    Argument of type 'Firestore | null' is not assignable to parameter of type 'Firestore'.
      Type 'null' is not assignable to type 'Firestore'.
  Overload 2 of 3, '(reference: CollectionReference<unknown, DocumentData>, path?: string | undefined, ...pathSegments: string[]): DocumentReference<unknown, DocumentData>', gave the following error.
    Argument of type 'Firestore | null' is not assignable to parameter of type 'CollectionReference<unknown, DocumentData>'.
      Type 'null' is not assignable to type 'CollectionReference<unknown, DocumentData>'.
  Overload 3 of 3, '(reference: DocumentReference<unknown, DocumentData>, path: string, ...pathSegments: string[]): DocumentReference<DocumentData, DocumentData>', gave the following error.
    Argument of type 'Firestore | null' is not assignable to parameter of type 'DocumentReference<unknown, DocumentData>'.
      Type 'null' is not assignable to type 'DocumentReference<unknown, DocumentData>'.
services/notificationHistoryService.ts(349,11): error TS6133: 'normalizeTime' is declared but its value is never read.
services/notificationService.ts(340,5): error TS2322: Type '"rx_updated"' is not assignable to type '"cancelled" | "consultation_completed" | "follow_up" | "review_request" | "booking_confirmed" | "appointment_confirmed" | "reminder" | "restored" | "prescription_ready" | "video_call_link"'.
services/notificationService.ts(349,5): error TS2322: Type '"rx_updated"' is not assignable to type '"consultation_completed" | "follow_up" | "review_request" | "prescription_ready" | "appointment_cancelled" | "appointment_reminder" | undefined'.
services/notificationService.ts(353,7): error TS2561: Object literal may only specify known properties, but 'warningMessage' does not exist in type '{ greeting?: string | undefined; mainMessage?: string | undefined; consultationDetails?: { date?: string | undefined; time?: string | undefined; chamber?: string | undefined; } | undefined; ... 4 more ...; followUpDays?: number | undefined; }'. Did you mean to write 'mainMessage'?
services/translationService.ts(1,1): error TS6192: All imports in import declaration are unused.
services/translationService.ts(2,1): error TS6133: 'app' is declared but its value is never read.
utils/encryptionService.ts(9,22): error TS7016: Could not find a declaration file for module 'crypto-js'. 'C:/Projects/healqr 3/node_modules/crypto-js/index.js' implicitly has an 'any' type.
  Try `npm i --save-dev @types/crypto-js` if it exists or add a new declaration (.d.ts) file containing `declare module 'crypto-js';`
utils/encryptionService.ts(12,36): error TS2339: Property 'env' does not exist on type 'ImportMeta'.
utils/encryptionService.ts(157,17): error TS2339: Property 'env' does not exist on type 'ImportMeta'.
utils/phoneNormalizer.ts(6,22): error TS7016: Could not find a declaration file for module 'crypto-js'. 'C:/Projects/healqr 3/node_modules/crypto-js/index.js' implicitly has an 'any' type.
  Try `npm i --save-dev @types/crypto-js` if it exists or add a new declaration (.d.ts) file containing `declare module 'crypto-js';`
utils/sessionPersistence.ts(196,30): error TS6133: 'event' is declared but its value is never read.
